Archive member included to satisfy reference by file (symbol)

/home/screemer/x-tools/armv8-sony-linux-gnueabihf/lib/gcc/armv8-sony-linux-gnueabihf/8.2.0/libgcc.a(_aeabi_ldivmod.o)
                              plugins/gpu_neon/psx_gpu_if.o (__aeabi_ldivmod)
/home/screemer/x-tools/armv8-sony-linux-gnueabihf/lib/gcc/armv8-sony-linux-gnueabihf/8.2.0/libgcc.a(_aeabi_uldivmod.o)
                              libpcsxcore/cdriso.o (__aeabi_uldivmod)
/home/screemer/x-tools/armv8-sony-linux-gnueabihf/lib/gcc/armv8-sony-linux-gnueabihf/8.2.0/libgcc.a(_dvmd_lnx.o)
                              /home/screemer/x-tools/armv8-sony-linux-gnueabihf/lib/gcc/armv8-sony-linux-gnueabihf/8.2.0/libgcc.a(_aeabi_ldivmod.o) (__aeabi_ldiv0)
/home/screemer/x-tools/armv8-sony-linux-gnueabihf/lib/gcc/armv8-sony-linux-gnueabihf/8.2.0/libgcc.a(_clear_cache.o)
                              libpcsxcore/new_dynarec/new_dynarec.o (__clear_cache)
/home/screemer/x-tools/armv8-sony-linux-gnueabihf/lib/gcc/armv8-sony-linux-gnueabihf/8.2.0/libgcc.a(_udivmoddi4.o)
                              /home/screemer/x-tools/armv8-sony-linux-gnueabihf/lib/gcc/armv8-sony-linux-gnueabihf/8.2.0/libgcc.a(_aeabi_ldivmod.o) (__udivmoddi4)
/home/screemer/x-tools/armv8-sony-linux-gnueabihf/armv8-sony-linux-gnueabihf/sysroot/usr/lib/libc_nonshared.a(elf-init.oS)
                              /home/screemer/x-tools/armv8-sony-linux-gnueabihf/armv8-sony-linux-gnueabihf/sysroot/usr/lib/crt1.o (__libc_csu_init)
/home/screemer/x-tools/armv8-sony-linux-gnueabihf/armv8-sony-linux-gnueabihf/sysroot/usr/lib/libc_nonshared.a(stat64.oS)
                              libpcsxcore/sio.o (stat64)

Allocating common symbols
Common symbol       size              file

CDR_getStatus       0x4               libpcsxcore/plugins.o
pl_plat_hud_print   0x4               frontend/plugin_lib.o
GPU_clearDynarec    0x4               libpcsxcore/plugins.o
ok_image            0x80              frontend/main.o
PAD1_setSensitive   0x4               libpcsxcore/plugins.o
PAD_CONFIG_ARRAY    0x40              frontend/libpicofe/in_ableem.o
ffile               0x40              libpcsxcore/psxbios.o
SPU_registerScheduleCb
                    0x4               libpcsxcore/plugins.o
NET_recvPadData     0x4               libpcsxcore/plugins.o
g_layer_y           0x4               frontend/plugin_lib.o
PAD2_query          0x4               libpcsxcore/plugins.o
translation_cache   0x1000000         libpcsxcore/new_dynarec/new_dynarec.o
PAD2_close          0x4               libpcsxcore/plugins.o
State_CdlPause      0x1               libpcsxcore/cdrom.o
PAD1_about          0x4               libpcsxcore/plugins.o
changedisc_message  0x80              frontend/main.o
cycle_multiplier    0x4               libpcsxcore/new_dynarec/new_dynarec.o
cfgfile_basename    0x100             frontend/main.o
SPU_init            0x4               libpcsxcore/plugins.o
plat_sdl_resize_cb  0x4               frontend/libpicofe/plat_sdl.o
soft_filter         0x4               frontend/menu.o
CDR_configure       0x4               libpcsxcore/plugins.o
PAD2_setSensitive   0x4               libpcsxcore/plugins.o
cdr                 0x89d8            libpcsxcore/cdrom.o
GPU_makeSnapshot    0x4               libpcsxcore/plugins.o
emu_action          0x4               frontend/main.o
new_dynarec_hacks   0x4               libpcsxcore/new_dynarec/new_dynarec.o
p2_connected        0x4               libpcsxcore/sio.o
jump_in             0x4000            libpcsxcore/new_dynarec/new_dynarec.o
g_layer_h           0x4               frontend/plugin_lib.o
gl_es_surface       0x4               frontend/libpicofe/gl.o
plat_target         0x34              frontend/libpicofe/plat_dummy.o
in_state_gun        0x4               frontend/plugin_lib.o
cdimg_read_func     0x4               libpcsxcore/cdriso.o
SPU_about           0x4               libpcsxcore/plugins.o
GPU_writeData       0x4               libpcsxcore/plugins.o
CDR_open            0x4               libpcsxcore/plugins.o
vertexes            0x40              plugins/gpu_neon/psx_gpu_if.o
NET_init            0x4               libpcsxcore/plugins.o
xaSave_iRightVolume
                    0x4               libpcsxcore/cdrom.o
GPU_init            0x4               libpcsxcore/plugins.o
PAD1_init           0x4               libpcsxcore/plugins.o
PAD2_startPoll      0x4               libpcsxcore/plugins.o
psxMapHook          0x4               libpcsxcore/psxmem.o
PAD1_configure      0x4               libpcsxcore/plugins.o
CDR_readCDDA        0x4               libpcsxcore/plugins.o
Mcd2Data            0x20000           libpcsxcore/sio.o
pl_plat_clear       0x4               frontend/plugin_lib.o
biosB0              0x400             libpcsxcore/psxbios.o
McdDisable          0x2               libpcsxcore/sio.o
GPU_readDataMem     0x4               libpcsxcore/plugins.o
gpu                 0x1134            plugins/gpulib/gpu.o
PAD2_test           0x4               libpcsxcore/plugins.o
[...]
Memory Configuration

Name             Origin             Length             Attributes
*default*        0x0000000000000000 0xffffffffffffffff

Linker script and memory map

LOAD /home/screemer/x-tools/armv8-sony-linux-gnueabihf/armv8-sony-linux-gnueabihf/sysroot/usr/lib/crt1.o
LOAD /home/screemer/x-tools/armv8-sony-linux-gnueabihf/armv8-sony-linux-gnueabihf/sysroot/usr/lib/crti.o
LOAD /home/screemer/x-tools/armv8-sony-linux-gnueabihf/lib/gcc/armv8-sony-linux-gnueabihf/8.2.0/crtbegin.o
LOAD libpcsxcore/cdriso.o
LOAD libpcsxcore/cdrom.o
LOAD libpcsxcore/cheat.o
LOAD libpcsxcore/debug.o
LOAD libpcsxcore/decode_xa.o
LOAD libpcsxcore/disr3000a.o
LOAD libpcsxcore/mdec.o
LOAD libpcsxcore/misc.o
LOAD libpcsxcore/plugins.o
LOAD libpcsxcore/ppf.o
LOAD libpcsxcore/psxbios.o
LOAD libpcsxcore/psxcommon.o
LOAD libpcsxcore/psxcounters.o
LOAD libpcsxcore/psxdma.o
LOAD libpcsxcore/psxhle.o
LOAD libpcsxcore/psxhw.o
LOAD libpcsxcore/psxinterpreter.o
LOAD libpcsxcore/psxmem.o
LOAD libpcsxcore/r3000a.o
LOAD libpcsxcore/sio.o
LOAD libpcsxcore/socket.o
LOAD libpcsxcore/spu.o
LOAD libpcsxcore/gte.o
LOAD libpcsxcore/gte_nf.o
LOAD libpcsxcore/gte_divider.o
LOAD libpcsxcore/gte_arm.o
LOAD libpcsxcore/gte_neon.o
LOAD libpcsxcore/new_dynarec/new_dynarec.o
LOAD libpcsxcore/new_dynarec/linkage_arm.o
LOAD libpcsxcore/new_dynarec/pcsxmem.o
LOAD libpcsxcore/new_dynarec/emu_if.o
LOAD plugins/dfsound/dma.o
LOAD plugins/dfsound/freeze.o
LOAD plugins/dfsound/registers.o
LOAD plugins/dfsound/spu.o
LOAD plugins/dfsound/out.o
LOAD plugins/dfsound/nullsnd.o
LOAD plugins/dfsound/arm_utils.o
LOAD plugins/dfsound/sdl.o
LOAD plugins/gpulib/gpu.o
LOAD plugins/gpulib/vout_pl.o
LOAD plugins/gpu_neon/psx_gpu_if.o
LOAD plugins/gpu_neon/psx_gpu/psx_gpu_arm_neon.o
LOAD plugins/cdrcimg/cdrcimg.o
LOAD plugins/dfinput/main.o
LOAD plugins/dfinput/pad.o
LOAD plugins/dfinput/guncon.o
LOAD frontend/cspace.o
LOAD frontend/cspace_neon.o
LOAD frontend/libpicofe/in_sdl.o
LOAD frontend/libpicofe/in_ableem.o
LOAD frontend/libpicofe/plat_sdl.o
LOAD frontend/libpicofe/plat_dummy.o
LOAD frontend/libpicofe/linux/in_evdev.o
LOAD frontend/plat_sdl.o
LOAD frontend/libpicofe/gl.o
LOAD frontend/libpicofe/gl_platform.o
LOAD frontend/plugin_lib.o
LOAD frontend/libpicofe/linux/plat.o
LOAD frontend/libpicofe/readpng.o
LOAD frontend/libpicofe/fonts.o
LOAD frontend/libpicofe/arm/neon_scale2x.o
LOAD frontend/libpicofe/arm/neon_eagle2x.o
LOAD frontend/menu.o
LOAD frontend/libpicofe/input.o
LOAD frontend/main.o
LOAD frontend/plugin.o
LOAD /home/screemer/x-tools/armv8-sony-linux-gnueabihf/armv8-sony-linux-gnueabihf/sysroot/usr/lib/libSDL2.so
LOAD /home/screemer/x-tools/armv8-sony-linux-gnueabihf/armv8-sony-linux-gnueabihf/sysroot/usr/lib/libpng.so
LOAD /home/screemer/x-tools/armv8-sony-linux-gnueabihf/armv8-sony-linux-gnueabihf/sysroot/usr/lib/libdl.so
LOAD /home/screemer/x-tools/armv8-sony-linux-gnueabihf/armv8-sony-linux-gnueabihf/sysroot/usr/lib/libm.so
LOAD /home/screemer/x-tools/armv8-sony-linux-gnueabihf/armv8-sony-linux-gnueabihf/sysroot/usr/lib/libpthread.so
START GROUP
LOAD /home/screemer/x-tools/armv8-sony-linux-gnueabihf/armv8-sony-linux-gnueabihf/sysroot/lib/libpthread.so.0
LOAD /home/screemer/x-tools/armv8-sony-linux-gnueabihf/armv8-sony-linux-gnueabihf/sysroot/usr/lib/libpthread_nonshared.a
END GROUP
LOAD /home/screemer/x-tools/armv8-sony-linux-gnueabihf/armv8-sony-linux-gnueabihf/sysroot/usr/lib/libz.so
LOAD /home/screemer/x-tools/armv8-sony-linux-gnueabihf/armv8-sony-linux-gnueabihf/sysroot/usr/lib/libwayland-client.so
LOAD /home/screemer/x-tools/armv8-sony-linux-gnueabihf/armv8-sony-linux-gnueabihf/sysroot/usr/lib/libwayland-egl.so
LOAD /home/screemer/x-tools/armv8-sony-linux-gnueabihf/armv8-sony-linux-gnueabihf/sysroot/usr/lib/libEGL.so
LOAD /home/screemer/x-tools/armv8-sony-linux-gnueabihf/armv8-sony-linux-gnueabihf/sysroot/usr/lib/libGLESv1_CM.so
LOAD /home/screemer/x-tools/armv8-sony-linux-gnueabihf/lib/gcc/armv8-sony-linux-gnueabihf/8.2.0/libgcc.a
LOAD /home/screemer/x-tools/armv8-sony-linux-gnueabihf/lib/gcc/armv8-sony-linux-gnueabihf/8.2.0/../../../../armv8-sony-linux-gnueabihf/lib/libgcc_s.so
START GROUP
LOAD /home/screemer/x-tools/armv8-sony-linux-gnueabihf/lib/gcc/armv8-sony-linux-gnueabihf/8.2.0/../../../../armv8-sony-linux-gnueabihf/lib/libgcc_s.so.1
LOAD /home/screemer/x-tools/armv8-sony-linux-gnueabihf/lib/gcc/armv8-sony-linux-gnueabihf/8.2.0/libgcc.a
END GROUP
LOAD /home/screemer/x-tools/armv8-sony-linux-gnueabihf/armv8-sony-linux-gnueabihf/sysroot/usr/lib/libc.so
START GROUP
LOAD /home/screemer/x-tools/armv8-sony-linux-gnueabihf/armv8-sony-linux-gnueabihf/sysroot/lib/libc.so.6
LOAD /home/screemer/x-tools/armv8-sony-linux-gnueabihf/armv8-sony-linux-gnueabihf/sysroot/usr/lib/libc_nonshared.a
LOAD /home/screemer/x-tools/armv8-sony-linux-gnueabihf/armv8-sony-linux-gnueabihf/sysroot/lib/ld-linux-armhf.so.3
END GROUP
LOAD /home/screemer/x-tools/armv8-sony-linux-gnueabihf/lib/gcc/armv8-sony-linux-gnueabihf/8.2.0/libgcc.a
LOAD /home/screemer/x-tools/armv8-sony-linux-gnueabihf/lib/gcc/armv8-sony-linux-gnueabihf/8.2.0/../../../../armv8-sony-linux-gnueabihf/lib/libgcc_s.so
START GROUP
LOAD /home/screemer/x-tools/armv8-sony-linux-gnueabihf/lib/gcc/armv8-sony-linux-gnueabihf/8.2.0/../../../../armv8-sony-linux-gnueabihf/lib/libgcc_s.so.1
LOAD /home/screemer/x-tools/armv8-sony-linux-gnueabihf/lib/gcc/armv8-sony-linux-gnueabihf/8.2.0/libgcc.a
END GROUP
LOAD /home/screemer/x-tools/armv8-sony-linux-gnueabihf/lib/gcc/armv8-sony-linux-gnueabihf/8.2.0/crtend.o
LOAD /home/screemer/x-tools/armv8-sony-linux-gnueabihf/armv8-sony-linux-gnueabihf/sysroot/usr/lib/crtn.o
                [!provide]                        PROVIDE (__executable_start, 0x10000)
                0x0000000000010134                . = (0x10000 + SIZEOF_HEADERS)

.interp         0x0000000000010134       0x19
 *(.interp)
 .interp        0x0000000000010134       0x19 /home/screemer/x-tools/armv8-sony-linux-gnueabihf/armv8-sony-linux-gnueabihf/sysroot/usr/lib/crt1.o

.note.ABI-tag   0x0000000000010150       0x20
 .note.ABI-tag  0x0000000000010150       0x20 /home/screemer/x-tools/armv8-sony-linux-gnueabihf/armv8-sony-linux-gnueabihf/sysroot/usr/lib/crt1.o

.note.gnu.build-id
 *(.note.gnu.build-id)

.hash           0x0000000000010170      0x6c8
 *(.hash)
 .hash          0x0000000000010170      0x6c8 /home/screemer/x-tools/armv8-sony-linux-gnueabihf/armv8-sony-linux-gnueabihf/sysroot/usr/lib/crt1.o

.gnu.hash
 *(.gnu.hash)

.dynsym         0x0000000000010838      0xeb0
 *(.dynsym)
 .dynsym        0x0000000000010838      0xeb0 /home/screemer/x-tools/armv8-sony-linux-gnueabihf/armv8-sony-linux-gnueabihf/sysroot/usr/lib/crt1.o

.dynstr         0x00000000000116e8      0xb3e
 *(.dynstr)
 .dynstr        0x00000000000116e8      0xb3e /home/screemer/x-tools/armv8-sony-linux-gnueabihf/armv8-sony-linux-gnueabihf/sysroot/usr/lib/crt1.o

.gnu.version    0x0000000000012226      0x1d6
 *(.gnu.version)
 .gnu.version   0x0000000000012226      0x1d6 /home/screemer/x-tools/armv8-sony-linux-gnueabihf/armv8-sony-linux-gnueabihf/sysroot/usr/lib/crt1.o

.gnu.version_d  0x00000000000123fc        0x0
 *(.gnu.version_d)
 .gnu.version_d
                0x00000000000123fc        0x0 /home/screemer/x-tools/armv8-sony-linux-gnueabihf/armv8-sony-linux-gnueabihf/sysroot/usr/lib/crt1.o

.gnu.version_r  0x00000000000123fc       0xe0
 *(.gnu.version_r)
 .gnu.version_r
                0x00000000000123fc       0xe0 /home/screemer/x-tools/armv8-sony-linux-gnueabihf/armv8-sony-linux-gnueabihf/sysroot/usr/lib/crt1.o

.rel.dyn        0x00000000000124dc       0x18
 *(.rel.init)
 *(.rel.text .rel.text.* .rel.gnu.linkonce.t.*)
 *(.rel.fini)
 *(.rel.rodata .rel.rodata.* .rel.gnu.linkonce.r.*)
 *(.rel.data.rel.ro .rel.data.rel.ro.* .rel.gnu.linkonce.d.rel.ro.*)
 *(.rel.data .rel.data.* .rel.gnu.linkonce.d.*)
 *(.rel.tdata .rel.tdata.* .rel.gnu.linkonce.td.*)
 *(.rel.tbss .rel.tbss.* .rel.gnu.linkonce.tb.*)
 *(.rel.ctors)
 *(.rel.dtors)
 *(.rel.got)
 .rel.got       0x00000000000124dc        0x8 /home/screemer/x-tools/armv8-sony-linux-gnueabihf/armv8-sony-linux-gnueabihf/sysroot/usr/lib/crt1.o
 *(.rel.bss .rel.bss.* .rel.gnu.linkonce.b.*)
 .rel.bss       0x00000000000124e4       0x10 /home/screemer/x-tools/armv8-sony-linux-gnueabihf/armv8-sony-linux-gnueabihf/sysroot/usr/lib/crt1.o
                [!provide]                        PROVIDE (__rel_iplt_start, .)
 *(.rel.iplt)
 .rel.iplt      0x00000000000124f4        0x0 /home/screemer/x-tools/armv8-sony-linux-gnueabihf/armv8-sony-linux-gnueabihf/sysroot/usr/lib/crt1.o
                [!provide]                        PROVIDE (__rel_iplt_end, .)

.rela.dyn       0x00000000000124f4        0x0
 *(.rela.init)
 *(.rela.text .rela.text.* .rela.gnu.linkonce.t.*)
 *(.rela.fini)
 *(.rela.rodata .rela.rodata.* .rela.gnu.linkonce.r.*)
 *(.rela.data .rela.data.* .rela.gnu.linkonce.d.*)
 *(.rela.tdata .rela.tdata.* .rela.gnu.linkonce.td.*)
 *(.rela.tbss .rela.tbss.* .rela.gnu.linkonce.tb.*)
 *(.rela.ctors)
 *(.rela.dtors)
 *(.rela.got)
 *(.rela.bss .rela.bss.* .rela.gnu.linkonce.b.*)
                [!provide]                        PROVIDE (__rela_iplt_start, .)
 *(.rela.iplt)
                [!provide]                        PROVIDE (__rela_iplt_end, .)

.rel.plt        0x00000000000124f4      0x6e8
 *(.rel.plt)
 .rel.plt       0x00000000000124f4      0x6e8 /home/screemer/x-tools/armv8-sony-linux-gnueabihf/armv8-sony-linux-gnueabihf/sysroot/usr/lib/crt1.o

.rela.plt
 *(.rela.plt)

.init           0x0000000000012bdc        0xc
 *(SORT(.init))
 .init          0x0000000000012bdc        0x8 /home/screemer/x-tools/armv8-sony-linux-gnueabihf/armv8-sony-linux-gnueabihf/sysroot/usr/lib/crti.o
                0x0000000000012bdc                _init
 .init          0x0000000000012be4        0x4 /home/screemer/x-tools/armv8-sony-linux-gnueabihf/armv8-sony-linux-gnueabihf/sysroot/usr/lib/crtn.o

.plt            0x0000000000012be8      0xa70
 *(.plt)
 .plt           0x0000000000012be8      0xa70 /home/screemer/x-tools/armv8-sony-linux-gnueabihf/armv8-sony-linux-gnueabihf/sysroot/usr/lib/crt1.o
                0x0000000000012bfc                SDL_FreeSurface
                0x0000000000012c08                SDL_JoystickOpen
                0x0000000000012c14                qsort@@GLIBC_2.4
                0x0000000000012c20                strerror@@GLIBC_2.4
                0x0000000000012c2c                SDL_PeepEvents
                0x0000000000012c38                glEnable
                0x0000000000012c44                __ctype_toupper_loc@@GLIBC_2.4
                0x0000000000012c50                fileno@@GLIBC_2.4
                0x0000000000012c5c                mkdir@@GLIBC_2.4
                0x0000000000012c68                glTexCoordPointer
                0x0000000000012c74                png_write_image@@PNG16_0
                0x0000000000012c80                inflateReset
                0x0000000000012c8c                abort@@GLIBC_2.4
                0x0000000000012c98                SDL_UpperBlitScaled
                0x0000000000012ca4                vprintf@@GLIBC_2.4
                0x0000000000012cb0                strcasestr@@GLIBC_2.4
                0x0000000000012cbc                localtime@@GLIBC_2.4
                0x0000000000012cc8                opendir@@GLIBC_2.4
                0x0000000000012cd4                memcmp@@GLIBC_2.4
                0x0000000000012ce0                pthread_attr_setdetachstate@@GLIBC_2.4
                0x0000000000012cec                sysconf@@GLIBC_2.4
                0x0000000000012cf8                getchar@@GLIBC_2.4
                0x0000000000012d04                pthread_exit@@GLIBC_2.4
                0x0000000000012d10                SDL_GetWindowWMInfo
                0x0000000000012d1c                png_destroy_read_struct@@PNG16_0
                0x0000000000012d28                __libc_start_main@@GLIBC_2.4
                0x0000000000012d34                glEnableClientState
                0x0000000000012d40                mremap@@GLIBC_2.4
                0x0000000000012d4c                SDL_GetCurrentVideoDriver
                0x0000000000012d58                __isoc99_fscanf@@GLIBC_2.7
                0x0000000000012d64                glFrontFace
                0x0000000000012d70                SDL_SetSurfaceAlphaMod
                0x0000000000012d7c                clock_gettime@@GLIBC_2.17
                0x0000000000012d88                signal@@GLIBC_2.4
                0x0000000000012d94                gzseek64@@ZLIB_1.2.3.3
                0x0000000000012da0                SDL_JoystickName
                0x0000000000012db8                png_write_end@@PNG16_0
                0x0000000000012dc4                glTexParameterf
                0x0000000000012dd0                SDL_CreateTexture
                0x0000000000012ddc                __isoc99_sscanf@@GLIBC_2.7
                0x0000000000012de8                vsnprintf@@GLIBC_2.4
                0x0000000000012df4                gzclose
                0x0000000000012e00                strncpy@@GLIBC_2.4
                0x0000000000012e0c                fclose@@GLIBC_2.4
                0x0000000000012e18                fgets@@GLIBC_2.4
                0x0000000000012e24                recv@@GLIBC_2.4
                0x0000000000012e30                getenv@@GLIBC_2.4
                0x0000000000012e3c                ftello64@@GLIBC_2.4
                0x0000000000012e48                strchr@@GLIBC_2.4
                0x0000000000012e54                putchar@@GLIBC_2.4
                0x0000000000012e60                strcasecmp@@GLIBC_2.4
                0x0000000000012e6c                glGetError
                0x0000000000012e78                scandir64@@GLIBC_2.4
                0x0000000000012e84                listen@@GLIBC_2.4
                0x0000000000012e90                calloc@@GLIBC_2.4
                0x0000000000012e9c                sem_init@@GLIBC_2.4
                0x0000000000012ea8                dlclose@@GLIBC_2.4
                0x0000000000012eb4                eglInitialize
                0x0000000000012ec0                SDL_UnlockSurface
                0x0000000000012ecc                png_get_image_width@@PNG16_0
                0x0000000000012ed8                memset@@GLIBC_2.4
                0x0000000000012ee4                sem_destroy@@GLIBC_2.4
                0x0000000000012ef0                SDL_GetWindowSize
                0x0000000000012efc                SDL_InitSubSystem
                0x0000000000012f08                SDL_LockSurface
                0x0000000000012f14                strrchr@@GLIBC_2.4
                0x0000000000012f20                SDL_GetWindowSurface
                0x0000000000012f2c                fsync@@GLIBC_2.4
                0x0000000000012f38                perror@@GLIBC_2.4
                0x0000000000012f44                SDL_FillRect
                0x0000000000012f50                eglDestroyContext
                0x0000000000012f5c                glLoadIdentity
                0x0000000000012f68                dlopen@@GLIBC_2.4
                0x0000000000012f74                SDL_JoystickEventState
                0x0000000000012f80                SDL_CreateRGBSurfaceFrom
                0x0000000000012f8c                SDL_NumJoysticks
                0x0000000000012f98                inflateInit2_
                0x0000000000012fa4                eglCreateContext
                0x0000000000012fb0                eglMakeCurrent
                0x0000000000012fbc                usleep@@GLIBC_2.4
                0x0000000000012fc8                inflate
                0x0000000000012fd4                free@@GLIBC_2.4
                0x0000000000012fe0                read@@GLIBC_2.4
                0x0000000000012fec                write@@GLIBC_2.4
                0x0000000000012ff8                SDL_RenderPresent
                0x0000000000013004                gzwrite
                0x0000000000013010                SDL_PumpEvents
                0x000000000001301c                gettimeofday@@GLIBC_2.4
                0x0000000000013028                fseek@@GLIBC_2.4
                0x0000000000013034                accept@@GLIBC_2.4
                0x0000000000013040                SDL_MapRGB
                0x000000000001304c                pthread_mutex_unlock@@GLIBC_2.4
                0x0000000000013058                socket@@GLIBC_2.4
                0x0000000000013064                eglSwapBuffers
                0x0000000000013070                SDL_UpperBlit
                0x000000000001307c                fflush@@GLIBC_2.4
                0x0000000000013088                SDL_CreateWindow
                0x0000000000013094                SDL_Init
                0x00000000000130a0                _setjmp@@GLIBC_2.4
                0x00000000000130ac                png_set_longjmp_fn@@PNG16_0
                0x00000000000130b8                ioctl@@GLIBC_2.4
                0x00000000000130c4                SDL_CreateRenderer
                0x00000000000130d0                tanh@@GLIBC_2.4
                0x00000000000130dc                pthread_mutex_lock@@GLIBC_2.4
                0x00000000000130e8                strlen@@GLIBC_2.4
                0x00000000000130f4                sscanf@@GLIBC_2.4
                0x0000000000013100                glBindTexture
                0x000000000001310c                unlink@@GLIBC_2.4
                0x0000000000013118                SDL_OpenAudio
                0x0000000000013124                strtoul@@GLIBC_2.4
                0x0000000000013130                pthread_create@@GLIBC_2.4
                0x000000000001313c                SDL_LogError
                0x0000000000013148                memcpy@@GLIBC_2.4
                0x0000000000013154                gzopen64@@ZLIB_1.2.3.3
                0x0000000000013160                setlocale@@GLIBC_2.4
                0x000000000001316c                fopen64@@GLIBC_2.4
                0x0000000000013178                png_create_read_struct@@PNG16_0
                0x0000000000013184                mprotect@@GLIBC_2.4
                0x0000000000013190                eglDestroySurface
                0x000000000001319c                feof@@GLIBC_2.4
                0x00000000000131a8                ftell@@GLIBC_2.4
                0x00000000000131b4                fgetc@@GLIBC_2.4
                0x00000000000131c0                png_create_info_struct@@PNG16_0
                0x00000000000131cc                strtol@@GLIBC_2.4
                0x00000000000131d8                strcpy@@GLIBC_2.4
                0x00000000000131e4                fseeko64@@GLIBC_2.4
                0x00000000000131f0                sem_post@@GLIBC_2.4
                0x00000000000131fc                strncat@@GLIBC_2.4
                0x0000000000013208                atol@@GLIBC_2.4
                0x0000000000013214                SDL_UpdateWindowSurface
                0x0000000000013220                printf@@GLIBC_2.4
                0x000000000001322c                open64@@GLIBC_2.4
                0x0000000000013238                raise@@GLIBC_2.4
                0x0000000000013244                atoi@@GLIBC_2.4
                0x0000000000013250                longjmp@@GLIBC_2.4
                0x000000000001325c                png_read_png@@PNG16_0
                0x0000000000013268                shutdown@@GLIBC_2.4
                0x0000000000013274                bind@@GLIBC_2.4
                0x0000000000013280                strstr@@GLIBC_2.4
                0x000000000001328c                select@@GLIBC_2.4
                0x0000000000013298                close@@GLIBC_2.4
                0x00000000000132a4                SDL_CreateRGBSurface
                0x00000000000132b0                fwrite@@GLIBC_2.4
                0x00000000000132bc                closedir@@GLIBC_2.4
                0x00000000000132c8                strncasecmp@@GLIBC_2.4
                0x00000000000132d4                remove@@GLIBC_2.4
                0x00000000000132e0                time@@GLIBC_2.4
                0x00000000000132ec                __ctype_b_loc@@GLIBC_2.4
                0x00000000000132f8                __xstat64@@GLIBC_2.4
                0x0000000000013304                fprintf@@GLIBC_2.4
                0x0000000000013310                alphasort64@@GLIBC_2.4
                0x000000000001331c                glTexImage2D
                0x0000000000013328                SDL_RenderSetLogicalSize
                0x0000000000013334                strdup@@GLIBC_2.4
                0x0000000000013340                lseek64@@GLIBC_2.4
                0x000000000001334c                malloc@@GLIBC_2.4
                0x0000000000013358                SDL_CloseAudio
                0x0000000000013364                eglGetError
                0x0000000000013370                mmap64@@GLIBC_2.4
                0x000000000001337c                SDL_PauseAudio
                0x0000000000013388                pthread_attr_init@@GLIBC_2.4
                0x0000000000013394                glDrawArrays
                0x00000000000133a0                wl_egl_window_create
                0x00000000000133ac                dlerror@@GLIBC_2.4
                0x00000000000133b8                inotify_rm_watch@@GLIBC_2.4
                0x00000000000133c4                fputc@@GLIBC_2.4
                0x00000000000133d0                strtok@@GLIBC_2.4
                0x00000000000133dc                getcwd@@GLIBC_2.4
                0x00000000000133e8                png_write_info@@PNG16_0
                0x00000000000133f4                png_get_bit_depth@@PNG16_0
                0x0000000000013400                sleep@@GLIBC_2.4
                0x000000000001340c                send@@GLIBC_2.4
                0x0000000000013418                strcat@@GLIBC_2.4
                0x0000000000013424                memmove@@GLIBC_2.4
                0x0000000000013430                glTexSubImage2D
                0x000000000001343c                png_init_io@@PNG16_0
                0x0000000000013448                puts@@GLIBC_2.4
                0x0000000000013454                strftime@@GLIBC_2.4
                0x0000000000013460                SDL_SetWindowTitle
                0x000000000001346c                inotify_add_watch@@GLIBC_2.4
                0x0000000000013478                fcntl@@GLIBC_2.4
                0x0000000000013484                SDL_QuitSubSystem
                0x0000000000013490                SDL_Quit
                0x000000000001349c                readlink@@GLIBC_2.4
                0x00000000000134a8                png_get_image_height@@PNG16_0
                0x00000000000134b4                SDL_WasInit
                0x00000000000134c0                pthread_attr_destroy@@GLIBC_2.4
                0x00000000000134cc                munmap@@GLIBC_2.4
                0x00000000000134d8                glVertexPointer
                0x00000000000134e4                gzread
                0x00000000000134f0                readdir64@@GLIBC_2.4
                0x00000000000134fc                png_destroy_write_struct@@PNG16_0
                0x0000000000013508                vfprintf@@GLIBC_2.4
                0x0000000000013514                png_set_IHDR@@PNG16_0
                0x0000000000013520                snprintf@@GLIBC_2.4
                0x000000000001352c                SDL_JoystickClose
                0x0000000000013538                fread@@GLIBC_2.4
                0x0000000000013544                SDL_GetError
                0x0000000000013550                SDL_FlushEvents
                0x000000000001355c                strncmp@@GLIBC_2.4
                0x0000000000013568                png_get_rows@@PNG16_0
                0x0000000000013574                eglGetDisplay
                0x0000000000013580                realloc@@GLIBC_2.4
                0x000000000001358c                eglTerminate
                0x0000000000013598                png_create_write_struct@@PNG16_0
                0x00000000000135a4                inotify_init@@GLIBC_2.4
                0x00000000000135b0                sem_wait@@GLIBC_2.4
                0x00000000000135bc                glTexParameteri
                0x00000000000135c8                SDL_PushEvent
                0x00000000000135d4                uncompress
                0x00000000000135e0                strcmp@@GLIBC_2.4
                0x00000000000135ec                exit@@GLIBC_2.4
                0x00000000000135f8                eglCreateWindowSurface
                0x0000000000013604                __errno_location@@GLIBC_2.4
                0x0000000000013610                dlsym@@GLIBC_2.4
                0x000000000001361c                glGenTextures
                0x0000000000013628                sprintf@@GLIBC_2.4
                0x0000000000013634                pthread_join@@GLIBC_2.4
                0x0000000000013640                eglChooseConfig
                0x000000000001364c                fputs@@GLIBC_2.4

.iplt           0x0000000000013658        0x0
 *(.iplt)
 .iplt          0x0000000000013658        0x0 /home/screemer/x-tools/armv8-sony-linux-gnueabihf/armv8-sony-linux-gnueabihf/sysroot/usr/lib/crt1.o

.text           0x0000000000013660    0x879f4
 *(.text.unlikely .text.*_unlikely .text.unlikely.*)
 *(.text.exit .text.exit.*)
 *(.text.startup .text.startup.*)
 .text.startup  0x0000000000013660      0x904 frontend/main.o
                0x0000000000013660                main
 *(.text.hot .text.hot.*)
 *(.text .stub .text.* .gnu.linkonce.t.*)
 .text          0x0000000000013f64       0x3c /home/screemer/x-tools/armv8-sony-linux-gnueabihf/armv8-sony-linux-gnueabihf/sysroot/usr/lib/crt1.o
                0x0000000000013f64                _start
 .text          0x0000000000013fa0       0x24 /home/screemer/x-tools/armv8-sony-linux-gnueabihf/armv8-sony-linux-gnueabihf/sysroot/usr/lib/crti.o
 .text          0x0000000000013fc4       0x90 /home/screemer/x-tools/armv8-sony-linux-gnueabihf/lib/gcc/armv8-sony-linux-gnueabihf/8.2.0/crtbegin.o
 .text          0x0000000000014054     0x2bc0 libpcsxcore/cdriso.o
                0x0000000000014140                ISOreadCDDA
                0x0000000000016a80                cdrIsoInit
                0x0000000000016bfc                cdrIsoActive
 *fill*         0x0000000000016c14        0x4 
 .text          0x0000000000016c18     0x402c libpcsxcore/cdrom.o
                0x0000000000016f7c                CheckDiscChange
                0x00000000000170ac                cdrLidSeekInterrupt
                0x0000000000017394                cdrAttenuate
                0x0000000000017608                cdrRead0
                0x000000000001765c                cdrWrite0
                0x000000000001767c                cdrRead1
                0x00000000000176d4                cdrWrite1
                0x000000000001896c                cdrRead2
                0x000000000001899c                cdrWrite2
                0x0000000000018a04                cdrRead3
                0x0000000000018a40                cdrWrite3
                0x0000000000018b8c                psxDma3
                0x0000000000018e58                cdrDmaInterrupt
                0x0000000000018eb0                cdrReset
                0x0000000000018f14                LidInterrupt
                0x0000000000018f80                check_Motionjpeg
                0x00000000000190c0                check_scenes
                0x0000000000019194                check_scenesforSPU
                0x0000000000019410                cdrPlayInterrupt
                0x0000000000019784                cdrInterrupt
                0x000000000001a3e8                cdrReadInterrupt
                0x000000000001a9fc                cdrFreeze
 .text          0x000000000001ac44     0x1c2c libpcsxcore/cheat.o
                0x000000000001aca4                ClearAllCheats
                0x000000000001ad20                LoadCheats
                0x000000000001af60                SaveCheats
                0x000000000001b048                ApplyCheats
                0x000000000001b490                AddCheat
                0x000000000001b638                RemoveCheat
                0x000000000001b698                EditCheat
                0x000000000001b7dc                FreeCheatSearchResults
                0x000000000001b80c                FreeCheatSearchMem
                0x000000000001b838                CheatSearchBackupMemory
                0x000000000001b88c                CheatSearchEqual8
                0x000000000001b94c                CheatSearchEqual16
                0x000000000001ba0c                CheatSearchEqual32
                0x000000000001bacc                CheatSearchNotEqual8
                0x000000000001bb8c                CheatSearchNotEqual16
                0x000000000001bc4c                CheatSearchNotEqual32
                0x000000000001bd0c                CheatSearchRange8
                0x000000000001bdf8                CheatSearchRange16
                0x000000000001bee4                CheatSearchRange32
                0x000000000001bfd0                CheatSearchIncreasedBy8
                0x000000000001c050                CheatSearchIncreasedBy16
                0x000000000001c0d0                CheatSearchIncreasedBy32
                0x000000000001c150                CheatSearchDecreasedBy8
                0x000000000001c1d0                CheatSearchDecreasedBy16
                0x000000000001c250                CheatSearchDecreasedBy32
                0x000000000001c2d0                CheatSearchIncreased8
                0x000000000001c348                CheatSearchIncreased16
                0x000000000001c3c0                CheatSearchIncreased32
                0x000000000001c438                CheatSearchDecreased8
                0x000000000001c4b0                CheatSearchDecreased16
                0x000000000001c528                CheatSearchDecreased32
                0x000000000001c5a0                CheatSearchDifferent8
                0x000000000001c618                CheatSearchDifferent16
                0x000000000001c690                CheatSearchDifferent32
                0x000000000001c708                CheatSearchNoChange8
                0x000000000001c780                CheatSearchNoChange16
                0x000000000001c7f8                CheatSearchNoChange32
 .text          0x000000000001c870     0x251c libpcsxcore/debug.o
                0x000000000001c870                add_breakpoint
                0x000000000001c8e4                delete_breakpoint
                0x000000000001c920                next_breakpoint
                0x000000000001c93c                find_breakpoint
                0x000000000001c984                StartDebugger
                0x000000000001c9f4                StopDebugger
                0x000000000001ca50                PauseDebugger
                0x000000000001ca68                ResumeDebugger
                0x000000000001ca80                MarkMap
                0x000000000001caac                IsMapMarked
                0x000000000001e7c0                DebugVSync
                0x000000000001e82c                DebugCheckBP
                0x000000000001ec94                ProcessDebug
 .text          0x000000000001ed8c      0x73c libpcsxcore/decode_xa.o
                0x000000000001f3f8                ADPCM_InitDecode
                0x000000000001f408                xa_decode_sector
 .text          0x000000000001f4c8     0x3774 libpcsxcore/disr3000a.o
                0x0000000000022c14                disR3000AF
 .text          0x0000000000022c3c     0x14c8 libpcsxcore/mdec.o
                0x0000000000023a0c                mdecInit
                0x0000000000023a64                mdecWrite0
                0x0000000000023a74                mdecRead0
                0x0000000000023a84                mdecWrite1
                0x0000000000023aac                mdecRead1
                0x0000000000023abc                mdec0Interrupt
                0x0000000000023b14                psxDma1
                0x0000000000023b28                psxDma0
                0x0000000000023d10                mdec1Interrupt
                0x0000000000023de4                mdecFreeze
 .text          0x0000000000024104     0x2ff0 libpcsxcore/misc.o
                0x00000000000243c8                LogPrint
                0x0000000000024408                save_error
                0x000000000002448c                isTitleName
                0x00000000000244a8                initTitleName
                0x00000000000244bc                setCdromId
                0x0000000000024538                setTitleName
                0x0000000000024728                setDiscChangeType
                0x00000000000247d4                mmssdd
                0x0000000000024a88                StartCheckOpen
                0x0000000000024a98                CheckOpenEnabled
                0x0000000000024aec                GetCdromFile
                0x0000000000024b04                LoadCdrom
                0x0000000000025064                LoadCdromFile
                0x000000000002541c                CheckCdrom
                0x0000000000025990                fread_to_ram
                0x00000000000259f0                Load
                0x0000000000025ce4                SaveState
                0x0000000000025fb0                getSaveStateArray
                0x0000000000025fcc                SaveStateWork
                0x0000000000026260                freeSaveStateMem
                0x0000000000026358                SetCdromId
                0x0000000000026418                AutoSaveState
                0x0000000000026674                InitAutoSave
                0x000000000002688c                emu_sync_state
                0x0000000000026a34                emu_sync_state2
                0x0000000000026a78                LoadState
                0x0000000000026da8                CheckState
                0x0000000000026e50                SendPcsxInfo
                0x0000000000026f18                RecvPcsxInfo
                0x0000000000027058                trim
                0x00000000000270ac                calcCrc
 .text          0x00000000000270f4     0x1c0c libpcsxcore/plugins.o
                0x00000000000270f4                GPU__configure
                0x00000000000270fc                GPU__about
                0x0000000000027100                GPU__keypressed
                0x0000000000027104                GPU__getScreenPic
                0x000000000002710c                GPU__clearDynarec
                0x0000000000027110                CDR__play
                0x0000000000027118                CDR__getDriveLetter
                0x0000000000027120                PAD1__query
                0x0000000000027128                PAD1__keypressed
                0x0000000000027130                NET__setInfo
                0x0000000000027134                GPU__displayText
                0x0000000000027144                CDR__getStatus
                0x0000000000027554                CDR__setfilename
                0x000000000002755c                GPU__showScreenPic
                0x0000000000027564                SPU__test
                0x000000000002756c                SPU__registerScheduleCb
                0x0000000000027570                PAD1__configure
                0x0000000000027578                PAD1__test
                0x0000000000027580                PAD2__configure
                0x0000000000027588                PAD2__test
                0x0000000000027590                PAD2__query
                0x0000000000027598                PAD2__keypressed
                0x00000000000275a0                SPU__configure
                0x00000000000275a8                GPU__vBlank
                0x00000000000275ac                GPU__test
                0x00000000000275b4                CDR__stop
                0x00000000000275bc                CDR__configure
                0x00000000000275c4                CDR__test
                0x00000000000275cc                NET__keypressed
                0x00000000000275d0                NET__configure
                0x00000000000275d8                NET__test
                0x00000000000275e0                NET__about
                0x00000000000275e4                GPU__makeSnapshot
                0x00000000000275e8                CDR__about
                0x00000000000275ec                SPU__about
                0x00000000000275f0                PAD1__about
                0x00000000000275f4                PAD2__about
                0x00000000000275f8                _PADstartPoll
                0x0000000000027720                PAD1__startPoll
                0x000000000002774c                PAD2__startPoll
                0x0000000000027778                _PADpoll
                0x00000000000277a4                PAD1__poll
                0x00000000000277a8                PAD2__poll
                0x00000000000277ac                clearDynarec
                0x00000000000277c0                ReleasePlugins
                0x000000000002796c                LoadPlugins
                0x0000000000028bf8                ReloadCdromPlugin
                0x0000000000028ca4                SetIsoFile
                0x0000000000028ccc                GetIsoFile
                0x0000000000028cd8                UsingIso
                0x0000000000028cf0                SetCdOpenCaseTime
 .text          0x0000000000028d00      0x8b0 libpcsxcore/ppf.o
                0x0000000000028e44                FreePPFCache
                0x0000000000028e90                CheckPPFCache
                0x0000000000028fa8                BuildPPFCache
                0x0000000000029430                LoadSBI
                0x0000000000029588                UnloadSBI
 .text          0x00000000000295b0     0x509c libpcsxcore/psxbios.o
                0x00000000000296c8                psxBios_abs
                0x00000000000296ec                psxBios_labs
                0x00000000000296f0                psxBios_atoi
                0x00000000000297a4                psxBios_atol
                0x00000000000297a8                psxBios_setjmp
                0x0000000000029834                psxBios_longjmp
                0x00000000000298c0                psxBios_strcat
                0x000000000002993c                psxBios_strncat
                0x00000000000299d8                psxBios_strncmp
                0x0000000000029a80                psxBios_strcpy
                0x0000000000029ae4                psxBios_strncpy
                0x0000000000029b78                psxBios_strlen
                0x0000000000029bd0                psxBios_rindex
                0x0000000000029c44                psxBios_strrchr
                0x0000000000029c48                psxBios_strpbrk
                0x0000000000029cdc                psxBios_strspn
                0x0000000000029d68                psxBios_strcspn
                0x0000000000029df0                psxBios_strstr
                0x0000000000029eac                psxBios_toupper
                0x0000000000029ed4                psxBios_tolower
                0x0000000000029efc                psxBios_bcopy
                0x0000000000029f68                psxBios_bzero
                0x0000000000029fbc                psxBios_bcmp
                0x000000000002a050                psxBios_memcpy
                0x000000000002a0c4                psxBios_memset
                0x000000000002a128                psxBios_memmove
                0x000000000002a1e8                psxBios_memcmp
                0x000000000002a1ec                psxBios_rand
                0x000000000002a230                psxBios_srand
                0x000000000002a4a4                psxBios_qsort
                0x000000000002a504                psxBios_Exec
                0x000000000002a5b0                psxBios_FlushCache
                0x000000000002a5c4                psxBios_GPU_dw
                0x000000000002a67c                psxBios_SendGPU
                0x000000000002a6ec                psxBios_GPU_cw
                0x000000000002a718                psxBios_GPU_cwb
                0x000000000002a774                psxBios_GPU_GetGPUStatus
                0x000000000002a7a0                psxBios__bu_init
                0x000000000002a7d0                psxBios__96_init
                0x000000000002a7d4                psxBios__96_remove
                0x000000000002a7d8                psxBios__card_info
                0x000000000002a814                psxBios__card_load
                0x000000000002a818                psxBios_StartRCnt
                0x000000000002a870                psxBios_StopRCnt
                0x000000000002a8c0                psxBios_DeliverEvent
                0x000000000002a938                psxBios_OpenEvent
                0x000000000002a9e0                psxBios_CloseEvent
                0x000000000002aa24                psxBios_WaitEvent
                0x000000000002aa68                psxBios_TestEvent
                0x000000000002aabc                psxBios_EnableEvent
                0x000000000002aac0                psxBios_DisableEvent
                0x000000000002ab04                psxBios_OpenTh
                0x000000000002ab78                psxBios_CloseTh
                0x000000000002abbc                psxBios_InitPAD
                0x000000000002ac30                psxBios_StopPAD
                0x000000000002ac58                psxBios_PAD_dr
                0x000000000002ac74                psxBios_ResetEntryInt
                0x000000000002ac98                psxBios_HookEntryInt
                0x000000000002acd8                psxBios_UnDeliverEvent
                0x000000000002ad78                psxBios_lseek
                0x000000000002adec                psxBios_close
                0x000000000002ae08                psxBios_InitCARD
                0x000000000002ae2c                psxBios_StartCARD
                0x000000000002ae58                psxBios_StopCARD
                0x000000000002ae84                psxBios__new_card
                0x000000000002ae88                psxBios_Krom2RawAdd
                0x000000000002af8c                psxBios_GetC0Table
                0x000000000002afa8                psxBios_GetB0Table
                0x000000000002afc4                psxBios__card_chan
                0x000000000002afe8                psxBios_ChangeClearPad
                0x000000000002afec                psxBios_SysEnqIntRP
                0x000000000002b020                psxBios_SysDeqIntRP
                0x000000000002b050                psxBios_ChangeClearRCnt
                0x000000000002b0a8                psxBios_dummy
                0x000000000002b0ac                psxBios_strtok
                0x000000000002b118                psxBios_malloc
                0x000000000002b294                psxBios_free
                0x000000000002b32c                psxBios_realloc
                0x000000000002b34c                psxBios_InitHeap
                0x000000000002b418                psxBios_puts
                0x000000000002b470                psxBios_calloc
                0x000000000002b4c8                psxBios_getchar
                0x000000000002b4e8                psxBios_ReturnFromException
                0x000000000002b54c                psxBios_read
                0x000000000002b6d0                psxBios__card_read
                0x000000000002b75c                psxBios_printf
                0x000000000002baf0                psxBios_format
                0x000000000002bbb4                psxBios_Load
                0x000000000002bc68                psxBios_LoadExec
                0x000000000002bcd4                psxBios_sys_a0_4c
                0x000000000002bd28                psxBios_mem2vram
                0x000000000002be34                psxBios_GPU_SendPackets
                0x000000000002bec0                psxBios_SetMem
                0x000000000002bf78                psxBios_SetRCnt
                0x000000000002bff0                psxBios_GetRCnt
                0x000000000002c02c                psxBios_ResetRCnt
                0x000000000002c078                psxBios_StartPAD
                0x000000000002c0c0                psxBios_PAD_init
                0x000000000002c14c                psxBios_open
                0x000000000002c538                psxBios_delete
                0x000000000002c72c                psxBios__card_write
                0x000000000002c7f8                psxBios_write
                0x000000000002c9bc                psxBios_putchar
                0x000000000002c9f0                psxBios_firstfile
                0x000000000002cd04                psxBios_nextfile
                0x000000000002cff4                psxBios_rename
                0x000000000002d2c4                psxBios_strcmp
                0x000000000002d330                psxBios_memchr
                0x000000000002d3a8                psxBios_ChangeTh
                0x000000000002d46c                psxBios_index
                0x000000000002d4d8                psxBios_strchr
                0x000000000002d4dc                psxBiosInit
                0x000000000002dc98                psxBiosShutdown
                0x000000000002dc9c                biosInterrupt
                0x000000000002e220                psxBiosException
                0x000000000002e3d4                psxBiosFreeze
 .text          0x000000000002e64c       0xa4 libpcsxcore/psxcommon.o
                0x000000000002e64c                EmuInit
                0x000000000002e650                EmuReset
                0x000000000002e664                EmuShutdown
                0x000000000002e680                EmuUpdate
                0x000000000002e6bc                __Log
 .text          0x000000000002e6f0      0x9c4 libpcsxcore/psxcounters.o
                0x000000000002ea44                change_HSync_Motionjpeg
                0x000000000002ea68                psxRcntUpdate
                0x000000000002eca0                psxRcntWcount
                0x000000000002ecb0                psxRcntWmode
                0x000000000002ece8                psxRcntWtarget
                0x000000000002ed30                psxRcntRcount
                0x000000000002eda0                psxRcntRmode
                0x000000000002edc0                psxRcntRtarget
                0x000000000002edd8                psxRcntInit
                0x000000000002eee8                psxRcntFreeze
 .text          0x000000000002f0b4      0x6fc libpcsxcore/psxdma.o
                0x000000000002f0b4                spuInterrupt
                0x000000000002f10c                psxDma4
                0x000000000002f298                psxDma2
                0x000000000002f554                gpuInterrupt
                0x000000000002f5b8                psxDma6
                0x000000000002f758                gpuotcInterrupt
 .text          0x000000000002f7b0      0x164 libpcsxcore/psxhle.o
 .text          0x000000000002f914      0xc90 libpcsxcore/psxhw.o
                0x000000000002f914                psxHwReset
                0x000000000002f978                psxHwRead8
                0x000000000002f9f0                psxHwRead16
                0x000000000002fb80                psxHwRead32
                0x000000000002fd80                psxHwWrite8
                0x000000000002fe28                psxHwWrite16
                0x0000000000030090                psxHwWrite32
                0x000000000003059c                psxHwFreeze
 .text          0x00000000000305a4     0x14e4 libpcsxcore/psxinterpreter.o
                0x000000000003076c                psxADDI
                0x0000000000030798                psxADDIU
                0x000000000003079c                psxANDI
                0x00000000000307cc                psxORI
                0x00000000000307fc                psxXORI
                0x000000000003082c                psxSLTI
                0x0000000000030864                psxSLTIU
                0x000000000003089c                psxADD
                0x00000000000308d0                psxADDU
                0x00000000000308d4                psxSUB
                0x0000000000030908                psxSUBU
                0x000000000003090c                psxAND
                0x0000000000030940                psxOR
                0x0000000000030974                psxXOR
                0x00000000000309a8                psxNOR
                0x00000000000309e0                psxSLT
                0x0000000000030a1c                psxSLTU
                0x0000000000030a58                psxDIV
                0x0000000000030ab4                psxDIVU
                0x0000000000030b04                psxMULT
                0x0000000000030b2c                psxMULTU
                0x0000000000030b54                psxSLL
                0x0000000000030b84                psxSRA
                0x0000000000030bb4                psxSRL
                0x0000000000030be4                psxSLLV
                0x0000000000030c18                psxSRAV
                0x0000000000030c4c                psxSRLV
                0x0000000000030c80                psxLUI
                0x0000000000030ca0                psxMFHI
                0x0000000000030cc0                psxMFLO
                0x0000000000030ce0                psxMTHI
                0x0000000000030cfc                psxMTLO
                0x0000000000030d18                psxBREAK
                0x0000000000030d1c                psxRFE
                0x0000000000030d3c                psxMFC0
                0x0000000000030d64                psxCFC0
                0x0000000000030d68                psxSPECIAL
                0x0000000000030d88                psxREGIMM
                0x0000000000030dac                psxCOP0
                0x0000000000030dd0                psxCOP2
                0x0000000000030df4                psxBASIC
                0x0000000000030e18                psxHLE
                0x0000000000030e44                psxSYSCALL
                0x0000000000030e6c                psxLB
                0x0000000000030eb0                psxLBU
                0x0000000000030ef0                psxLH
                0x0000000000030f34                psxLHU
                0x0000000000030f74                psxLW
                0x0000000000030fb0                psxLWL
                0x0000000000031010                psxLWR
                0x0000000000031070                psxSB
                0x0000000000031094                psxSH
                0x00000000000310bc                psxSW
                0x00000000000310e0                psxSWL
                0x0000000000031140                psxSWR
                0x00000000000311a4                psxNULL
                0x00000000000311ac                psxTestLoadDelay
                0x0000000000031478                psxTestSWInts
                0x00000000000314b4                MTC0
                0x00000000000314f8                psxMTC0
                0x0000000000031514                psxCTC0
                0x0000000000031518                execI
                0x00000000000315ac                psxDelayTest
                0x0000000000031824                psxBGEZ
                0x0000000000031850                psxBGEZAL
                0x0000000000031884                psxBGTZ
                0x00000000000318b0                psxBLEZ
                0x00000000000318dc                psxBLTZ
                0x0000000000031908                psxBLTZAL
                0x000000000003193c                psxBEQ
                0x0000000000031970                psxBNE
                0x00000000000319a4                psxJ
                0x00000000000319c4                psxJAL
                0x00000000000319ec                psxJR
                0x0000000000031a10                psxJALR
                0x0000000000031a3c                intExecute
                0x0000000000031a5c                intExecuteBlock
 .text          0x0000000000031a88      0x9e8 libpcsxcore/psxmem.o
                0x0000000000031a88                psxUnmap
                0x0000000000031aac                psxMap
                0x0000000000031bc8                psxMemReset
                0x0000000000031ca0                psxMemShutdown
                0x0000000000031d08                psxMemInit
                0x0000000000031f38                psxMemRead8
                0x0000000000031fcc                psxMemRead16
                0x0000000000032060                psxMemRead32
                0x00000000000320f4                psxMemWrite8
                0x00000000000321a0                psxMemWrite16
                0x000000000003224c                psxMemWrite32
                0x0000000000032418                psxMemPointer
 .text          0x0000000000032470      0x5b8 libpcsxcore/r3000a.o
                0x0000000000032470                psxInit
                0x00000000000324ec                psxShutdown
                0x0000000000032510                psxException
                0x000000000003261c                psxBranchTest
                0x00000000000328ec                psxJumpTest
                0x0000000000032968                psxExecuteBios
                0x00000000000329a0                psxReset
 .text          0x0000000000032a28     0x1a88 libpcsxcore/sio.o
                0x0000000000032a28                sioWriteStat16
                0x0000000000032a2c                sioWriteMode16
                0x0000000000032a3c                sioWriteCtrl16
                0x0000000000032aa4                sioWriteBaud16
                0x0000000000032ab4                sioReadStat16
                0x0000000000032ac4                sioReadMode16
                0x0000000000032ad4                sioReadCtrl16
                0x0000000000032ae4                sioReadBaud16
                0x0000000000032af4                sio1ReadCtrl16
                0x0000000000032afc                netError
                0x0000000000032b34                sioWrite8
                0x00000000000332f4                sioInterrupt
                0x0000000000033330                CreateMcd
                0x0000000000033960                LoadMcd
                0x0000000000033970                LoadMcds
                0x0000000000033994                ConvertMcd
                0x0000000000033c94                SaveMcd
                0x0000000000033d94                sioRead8
                0x0000000000033ecc                GetMcdBlockInfo
                0x00000000000341dc                sioFreeze
 .text          0x00000000000344b0      0x3f4 libpcsxcore/socket.o
                0x00000000000344b0                StopServer
                0x00000000000344d8                CloseClient
                0x0000000000034510                HasClient
                0x0000000000034528                ReadSocket
                0x0000000000034628                RawReadSocket
                0x00000000000346ec                WriteSocket
                0x0000000000034714                GetClient
                0x00000000000347b0                SetsBlock
                0x00000000000347e0                SetsNonblock
                0x0000000000034810                StartServer
 .text          0x00000000000348a4       0x8c libpcsxcore/spu.o
                0x00000000000348a4                SPUirq
                0x00000000000348c4                SPUschedule
                0x0000000000034910                spuUpdate
 .text          0x0000000000034930     0x4328 libpcsxcore/gte.o
                0x0000000000034bb8                gteMFC2
                0x0000000000034be4                gteCFC2
                0x0000000000034c0c                gteMTC2
                0x0000000000034c28                gteCTC2
                0x0000000000034c98                gteLWC2
                0x0000000000034cc8                gteSWC2
                0x0000000000034cfc                gteRTPS
                0x00000000000350c8                gteRTPT
                0x00000000000354d4                gteMVMVA
                0x0000000000035830                gteNCLIP
                0x00000000000358b4                gteAVSZ3
                0x0000000000035944                gteAVSZ4
                0x00000000000359dc                gteSQR
                0x0000000000035ab0                gteNCCS
                0x0000000000035e30                gteNCCT
                0x00000000000361f4                gteNCDS
                0x0000000000036650                gteNCDT
                0x0000000000036ae4                gteOP
                0x0000000000036bd0                gteDCPL
                0x0000000000036db4                gteGPF
                0x0000000000036f08                gteGPL
                0x000000000003718c                gteDPCS
                0x00000000000373ac                gteDPCT
                0x000000000003755c                gteNCS
                0x00000000000378a0                gteNCT
                0x0000000000037c10                gteCC
                0x0000000000037ef4                gteINTPL
                0x00000000000380c4                gteCDP
                0x0000000000038434                gteSQR_part_noshift
                0x0000000000038464                gteSQR_part_shift
                0x00000000000384a0                gteOP_part_noshift
                0x00000000000384ec                gteOP_part_shift
                0x0000000000038544                gteDCPL_part
                0x0000000000038620                gteGPF_part_noshift
                0x0000000000038654                gteGPF_part_shift
                0x0000000000038694                gteGPL_part_noshift
                0x0000000000038778                gteGPL_part_shift
                0x0000000000038880                gteDPCS_part_noshift
                0x000000000003895c                gteDPCS_part_shift
                0x0000000000038a2c                gteINTPL_part_noshift
                0x0000000000038af0                gteINTPL_part_shift
                0x0000000000038bc0                gteMACtoRGB
 .text          0x0000000000038c58     0x288c libpcsxcore/gte_nf.o
                0x0000000000038c58                gteRTPS_nf
                0x0000000000038e64                gteRTPT_nf
                0x00000000000390b0                gteMVMVA_nf
                0x0000000000039360                gteNCLIP_nf
                0x00000000000393a4                gteAVSZ3_nf
                0x00000000000393d8                gteAVSZ4_nf
                0x0000000000039414                gteSQR_nf
                0x00000000000394c4                gteNCCS_nf
                0x0000000000039708                gteNCCT_nf
                0x0000000000039a28                gteNCDS_nf
                0x0000000000039cec                gteNCDT_nf
                0x000000000003a0ec                gteOP_nf
                0x000000000003a1b4                gteDCPL_nf
                0x000000000003a2fc                gteGPF_nf
                0x000000000003a3d8                gteGPL_nf
                0x000000000003a550                gteDPCS_nf
                0x000000000003a6a8                gteDPCT_nf
                0x000000000003a7c0                gteNCS_nf
                0x000000000003a9d8                gteNCT_nf
                0x000000000003acc8                gteCC_nf
                0x000000000003ae30                gteINTPL_nf
                0x000000000003af6c                gteCDP_nf
                0x000000000003b154                gteGPL_part_noshift_nf
                0x000000000003b194                gteGPL_part_shift_nf
                0x000000000003b1e0                gteDPCS_part_noshift_nf
                0x000000000003b2c4                gteDPCS_part_shift_nf
                0x000000000003b368                gteINTPL_part_noshift_nf
                0x000000000003b400                gteINTPL_part_shift_nf
                0x000000000003b4a4                gteMACtoRGB_nf
 .text          0x000000000003b4e4       0xe8 libpcsxcore/gte_divider.o
                0x000000000003b4e4                DIVIDE
 .text          0x000000000003b5cc      0x664 libpcsxcore/gte_arm.o
                0x000000000003b5cc                gteRTPS_nf_arm
                0x000000000003b744                gteRTPT_nf_arm
                0x000000000003b8c8                gteMVMVA_part_arm
                0x000000000003b98c                gteMVMVA_part_nf_arm
                0x000000000003ba0c                gteMVMVA_part_cv3sh12_arm
                0x000000000003ba84                gteNCLIP_arm
                0x000000000003bae8                gteMACtoIR_lm0
                0x000000000003bb58                gteMACtoIR_lm1
                0x000000000003bbc8                gteMACtoIR_lm0_nf
                0x000000000003bbe8                gteMACtoIR_lm1_nf
 .text          0x000000000003bc30      0x6b8 libpcsxcore/gte_neon.o
                0x000000000003bc30                gteRTPS_neon
                0x000000000003be78                gteRTPT_neon
                0x000000000003c1d4                gteMVMVA_part_neon
                0x000000000003c264                gteMACtoIR_flags_neon
 .text          0x000000000003c2e8    0x1e7d0 libpcsxcore/new_dynarec/new_dynarec.o
                0x000000000003e890                clear_all_regs
                0x000000000003e8ac                get_reg
                0x000000000004058c                get_reg2
                0x00000000000405cc                count_free_regs
                0x00000000000405fc                dirty_reg
                0x0000000000040608                set_const
                0x0000000000040688                clear_const
                0x00000000000406c8                is_const
                0x00000000000409f0                get_const
                0x0000000000040a50                lsn
                0x00000000000410c8                needed_again
                0x000000000004125c                loop_reg
                0x0000000000041edc                alloc_all
                0x0000000000041f90                do_dirty_stub
                0x000000000004219c                ll_add
                0x00000000000421d0                ll_add_flags
                0x00000000000421f0                check_addr
                0x0000000000042320                remove_hash
                0x0000000000042374                ll_remove_matching_addrs
                0x00000000000423c8                ll_clear
                0x00000000000423f8                invalidate_page
                0x0000000000042508                invalidate_block
                0x00000000000425e4                invalidate_addr
                0x0000000000042774                invalidate_all_pages
                0x0000000000042804                add_link
                0x000000000004282c                clean_blocks
                0x00000000000429b0                mov_alloc
                0x0000000000042aa8                shiftimm_alloc
                0x0000000000042e98                shift_alloc
                0x000000000004304c                alu_alloc
                0x000000000004373c                imm16_alloc
                0x0000000000043b48                load_alloc
                0x0000000000043d74                store_alloc
                0x0000000000043e80                c1ls_alloc
                0x0000000000043f44                c2ls_alloc
                0x0000000000043fe8                multdiv_alloc
                0x0000000000044148                cop0_alloc
                0x0000000000044260                cop1_alloc
                0x00000000000443cc                fconv_alloc
                0x0000000000044400                float_alloc
                0x0000000000044404                c2op_alloc
                0x0000000000044408                fcomp_alloc
                0x0000000000044454                syscall_alloc
                0x0000000000044490                delayslot_alloc
                0x0000000000044584                mchecksum
                0x00000000000445c4                rchecksum
                0x00000000000445ec                rlist
                0x0000000000044644                enabletrace
                0x0000000000044648                memdebug
                0x000000000004474c                alu_assemble
                0x00000000000452a8                imm16_assemble
                0x00000000000459d0                shiftimm_assemble
                0x0000000000045dfc                load_assemble
                0x0000000000046638                store_assemble
                0x0000000000046c54                storelr_assemble
                0x000000000004752c                c1ls_assemble
                0x0000000000047530                c2ls_assemble
                0x000000000004784c                mov_assemble
                0x0000000000047908                syscall_assemble
                0x0000000000047958                hlecall_assemble
                0x00000000000479cc                intcall_assemble
                0x0000000000047a1c                ds_assemble
                0x0000000000047ba8                internal_branch
                0x0000000000047be8                wb_invalidate
                0x0000000000047dc0                load_regs
                0x0000000000047eb0                address_generation
                0x00000000000482f0                load_consts
                0x000000000004861c                store_regs_bt
                0x0000000000048890                load_regs_bt
                0x00000000000488d0                match_bt
                0x0000000000048b60                ds_assemble_entry
                0x0000000000048e94                do_cc
                0x0000000000049078                do_ccstub
                0x0000000000049a18                ujump_assemble
                0x0000000000049c90                rjump_assemble
                0x000000000004a078                cjump_assemble
                0x000000000004b2f4                sjump_assemble
                0x000000000004c168                fjump_assemble
                0x000000000004cbe8                unneeded_registers
                0x000000000004dd18                clean_registers
                0x000000000004ed70                new_dynarec_clear_full
                0x000000000004eea8                new_dynarec_init
                0x000000000004efd0                new_dynarec_cleanup
                0x000000000004f044                new_dynarec_save_blocks
                0x000000000004f1c8                new_recompile_block
                0x000000000005a7e8                get_addr
                0x000000000005a9a4                get_addr_ht
                0x000000000005a9e4                new_dynarec_load_blocks
 .text          0x000000000005aab8      0x914 libpcsxcore/new_dynarec/linkage_arm.o
                0x000000000005aab8                dyna_linker
                0x000000000005abf4                exec_pagefault
                0x000000000005ac3c                dyna_linker_ds
                0x000000000005ad88                jump_vaddr_r0
                0x000000000005ad90                jump_vaddr_r1
                0x000000000005ad9c                jump_vaddr_r2
                0x000000000005ada8                jump_vaddr_r3
                0x000000000005adb4                jump_vaddr_r4
                0x000000000005adc0                jump_vaddr_r5
                0x000000000005adcc                jump_vaddr_r6
                0x000000000005add8                jump_vaddr_r8
                0x000000000005ade4                jump_vaddr_r9
                0x000000000005adf0                jump_vaddr_r10
                0x000000000005adfc                jump_vaddr_r12
                0x000000000005ae08                jump_vaddr_r7
                0x000000000005ae10                jump_vaddr
                0x000000000005ae48                verify_code_ds
                0x000000000005ae4c                verify_code_vm
                0x000000000005ae4c                verify_code
                0x000000000005aeb0                cc_interrupt
                0x000000000005af40                do_interrupt
                0x000000000005af50                fp_exception
                0x000000000005af7c                fp_exception_ds
                0x000000000005af84                jump_syscall
                0x000000000005afac                jump_syscall_hle
                0x000000000005afe4                jump_hlecall
                0x000000000005affc                jump_intcall
                0x000000000005b014                new_dyna_leave
                0x000000000005b028                invalidate_addr_r0
                0x000000000005b030                invalidate_addr_r1
                0x000000000005b03c                invalidate_addr_r2
                0x000000000005b048                invalidate_addr_r3
                0x000000000005b054                invalidate_addr_r4
                0x000000000005b060                invalidate_addr_r5
                0x000000000005b06c                invalidate_addr_r6
                0x000000000005b078                invalidate_addr_r7
                0x000000000005b084                invalidate_addr_r8
                0x000000000005b090                invalidate_addr_r9
                0x000000000005b09c                invalidate_addr_r10
                0x000000000005b0a8                invalidate_addr_r12
                0x000000000005b0c8                new_dyna_start
                0x000000000005b0f0                jump_handler_read8
                0x000000000005b11c                jump_handler_read16
                0x000000000005b14c                jump_handler_read32
                0x000000000005b174                jump_handler_write8
                0x000000000005b1c4                jump_handler_write16
                0x000000000005b218                jump_handler_write32
                0x000000000005b264                jump_handler_write_h
                0x000000000005b294                jump_handle_swl
                0x000000000005b2fc                jump_handle_swr
                0x000000000005b34c                rcnt0_read_count_m0
                0x000000000005b360                rcnt1_read_count_m0
                0x000000000005b374                rcnt2_read_count_m0
                0x000000000005b388                rcnt0_read_count_m1
                0x000000000005b3a0                rcnt1_read_count_m1
                0x000000000005b3b8                rcnt2_read_count_m1
 .text          0x000000000005b3cc     0x14b0 libpcsxcore/new_dynarec/pcsxmem.o
                0x000000000005bc7c                read_mem_dummy
                0x000000000005bc84                new_dyna_pcsx_mem_load_state
                0x000000000005bcac                pcsxmem_is_handler_dynamic
                0x000000000005bcf0                new_dyna_pcsx_mem_init
                0x000000000005c7d8                new_dyna_pcsx_mem_reset
                0x000000000005c850                new_dyna_pcsx_mem_shutdown
 .text          0x000000000005c87c      0x67c libpcsxcore/new_dynarec/emu_if.o
                0x000000000005cb2c                gen_interupt
                0x000000000005cbfc                pcsx_mtc0
                0x000000000005cc30                pcsx_mtc0_ds
                0x000000000005cc34                new_dyna_before_save
                0x000000000005cc4c                new_dyna_after_save
                0x000000000005cc64                new_dyna_freeze
                0x000000000005ce50                new_dyna_freeze_data
                0x000000000005cef0                do_insn_trace
                0x000000000005cef4                do_insn_cmp
 .text          0x000000000005cef8      0x16c plugins/dfsound/dma.o
                0x000000000005cef8                SPUreadDMA
                0x000000000005cf20                SPUreadDMAMem
                0x000000000005cf84                SPUwriteDMA
                0x000000000005cfb8                SPUwriteDMAMem
 .text          0x000000000005d064      0x760 plugins/dfsound/freeze.o
                0x000000000005d09c                LoadStateV5
                0x000000000005d2c4                LoadStateUnknown
                0x000000000005d330                SPUfreeze
 *fill*         0x000000000005d7c4        0x4 
 .text          0x000000000005d7c8      0xdc4 plugins/dfsound/registers.o
                0x000000000005d968                SPUwriteRegister
                0x000000000005e46c                SPUreadRegister
 .text          0x000000000005e58c     0x3d50 plugins/dfsound/spu.o
                0x000000000005f700                InitADSR
                0x000000000005f79c                schedule_next_irq
                0x000000000005f8e0                SPUupdate
                0x000000000005f8e4                SPUplayADPCMchannel
                0x0000000000060378                SPUplayCDDAchannel
                0x0000000000060444                ClearWorkingState
                0x00000000000604e0                SPUResetStream
                0x00000000000604f4                SPUinit
                0x0000000000060664                SPUopen
                0x0000000000060694                SPUclose
                0x00000000000606d8                SPUshutdown
                0x0000000000060784                SPUtest
                0x000000000006078c                SPUconfigure
                0x0000000000060794                SPUabout
                0x0000000000060798                SPUregisterCallback
                0x00000000000607a8                SPUregisterCDDAVolume
                0x00000000000607b8                SPUregisterScheduleCb
                0x00000000000607c8                spu_get_debug_info
                0x000000000006088c                detect_pi
                0x000000000006099c                SPUfadein
                0x0000000000060a3c                SPUenableRvbConfig
                0x0000000000060aa0                SPUisRvbConfigEnabled
                0x00000000000614cc                do_samples
                0x0000000000062250                SPUasync
 .text          0x00000000000622dc       0xc0 plugins/dfsound/out.o
                0x00000000000622dc                SetupSound
 .text          0x000000000006239c       0x58 plugins/dfsound/nullsnd.o
                0x00000000000623b4                out_register_none
 .text          0x00000000000623f4       0xe8 plugins/dfsound/arm_utils.o
                0x00000000000623f4                mix_chan
                0x0000000000062458                mix_chan_rvb
 *fill*         0x00000000000624dc        0x4 
 .text          0x00000000000624e0      0x340 plugins/dfsound/sdl.o
                0x00000000000627d0                SOUND_isPlaying
                0x00000000000627e0                out_register_sdl
 .text          0x0000000000062820     0x1a80 plugins/gpulib/gpu.o
                0x0000000000063470                GPUsetPatchFlag
                0x00000000000634c8                GPUinit
                0x0000000000063528                GPUshutdown
                0x00000000000635ac                GPUwriteStatus
                0x00000000000637c4                GPUwriteDataMem
                0x00000000000637f8                GPUwriteData
                0x0000000000063820                GPUdmaChain
                0x0000000000063da0                GPUreadDataMem
                0x0000000000063de8                GPUreadData
                0x0000000000063e34                GPUreadStatus
                0x0000000000063e5c                GPUfreeze
                0x0000000000064028                GPUupdateLace
                0x000000000006412c                GPUvBlank
                0x00000000000641c4                GPUrearmedCallbacks
                0x0000000000064280                GPUboStatus
 .text          0x00000000000642a0      0x388 plugins/gpulib/vout_pl.o
                0x0000000000064368                vout_init
                0x0000000000064370                vout_finish
                0x0000000000064378                vout_update
                0x0000000000064554                vout_blank
                0x00000000000645b4                GPUopen
                0x00000000000645f8                GPUclose
                0x0000000000064618                vout_set_config
 .text          0x0000000000064628     0xe784 plugins/gpu_neon/psx_gpu_if.o
                0x0000000000064628                shade_blocks_shaded_untextured
                0x0000000000064810                triangle_signed_area_x2
                0x0000000000064834                texture_region_mask
                0x0000000000064870                invalidate_texture_cache_region
                0x00000000000648b4                invalidate_texture_cache_region_viewport
                0x0000000000064a6c                update_texture_cache_region
                0x0000000000064b80                update_texture_8bpp_cache
                0x0000000000064be0                flush_render_block_buffer
                0x000000000006541c                render_triangle
                0x0000000000065454                setup_sprite_untextured_simple
                0x0000000000065538                render_sprite
                0x00000000000656b4                render_line
                0x000000000006fdfc                render_block_fill
                0x0000000000070030                render_block_fill_enh
                0x00000000000700d8                render_block_copy
                0x00000000000701a0                render_block_move
                0x00000000000701d4                initialize_reciprocal_table
                0x0000000000070224                initialize_psx_gpu
                0x0000000000070320                get_us
                0x0000000000070350                get_counter
                0x0000000000070358                init_counter
                0x0000000000070374                triangle_benchmark
                0x0000000000070400                render_sprite_4x
                0x00000000000705a0                update_texture_ptr
                0x0000000000070640                set_texture
                0x00000000000706e0                set_clut
                0x0000000000070718                set_triangle_color
                0x000000000007073c                gpu_parse
                0x000000000007162c                gpu_parse_enhanced
                0x0000000000072a6c                do_cmd_list
                0x0000000000072ad8                renderer_init
                0x0000000000072b44                renderer_finish
                0x0000000000072b98                renderer_sync_ecmds
                0x0000000000072bb0                renderer_update_caches
                0x0000000000072c30                renderer_flush_queues
                0x0000000000072c3c                renderer_set_interlace
                0x0000000000072c6c                renderer_notify_res_change
                0x0000000000072cf0                renderer_set_config
 *fill*         0x0000000000072dac        0x4 
 .text          0x0000000000072db0    0x12820 plugins/gpu_neon/psx_gpu/psx_gpu_arm_neon.o
                0x0000000000072db0                compute_all_gradients
                0x0000000000072fbc                setup_spans_up_left
                0x0000000000073224                setup_spans_up_right
                0x000000000007348c                setup_spans_down_left
                0x00000000000736dc                setup_spans_down_right
                0x000000000007392c                setup_spans_up_a
                0x0000000000073afc                setup_spans_up_b
                0x0000000000073ccc                setup_spans_down_a
                0x0000000000073e90                setup_spans_down_b
                0x0000000000074054                setup_spans_up_down
                0x0000000000074428                setup_blocks_shaded_textured_dithered_swizzled_indirect
                0x00000000000746e0                setup_blocks_shaded_textured_dithered_unswizzled_indirect
                0x0000000000074980                setup_blocks_unshaded_textured_dithered_swizzled_indirect
                0x0000000000074b68                setup_blocks_unshaded_textured_dithered_unswizzled_indirect
                0x0000000000074d38                setup_blocks_unshaded_untextured_undithered_unswizzled_indirect
                0x0000000000074e40                setup_blocks_unshaded_untextured_undithered_unswizzled_direct
                0x0000000000074ef8                setup_blocks_shaded_untextured_undithered_unswizzled_indirect
                0x0000000000075130                setup_blocks_shaded_untextured_dithered_unswizzled_indirect
                0x0000000000075388                setup_blocks_shaded_untextured_undithered_unswizzled_direct
                0x00000000000755d8                setup_blocks_shaded_untextured_dithered_unswizzled_direct
                0x0000000000075848                texture_blocks_untextured
                0x0000000000075850                texture_blocks_4bpp
                0x0000000000075910                texture_blocks_8bpp
                0x00000000000759f0                texture_blocks_16bpp
                0x0000000000075ae8                shade_blocks_shaded_textured_modulated_dithered_direct
                0x0000000000075c40                shade_blocks_shaded_textured_modulated_undithered_direct
                0x0000000000075d88                shade_blocks_unshaded_textured_modulated_dithered_direct
                0x0000000000075ef8                shade_blocks_unshaded_textured_modulated_undithered_direct
                0x0000000000076068                shade_blocks_shaded_textured_modulated_dithered_indirect
                0x00000000000761a0                shade_blocks_shaded_textured_modulated_undithered_indirect
                0x00000000000762c8                shade_blocks_unshaded_textured_modulated_dithered_indirect
                0x0000000000076420                shade_blocks_unshaded_textured_modulated_undithered_indirect
                0x0000000000076580                shade_blocks_textured_unmodulated_indirect
                0x00000000000765f0                shade_blocks_textured_unmodulated_direct
                0x00000000000766a0                shade_blocks_unshaded_untextured_indirect
                0x00000000000766a8                shade_blocks_unshaded_untextured_direct
                0x0000000000076730                blend_blocks_textured_average_off
                0x0000000000076838                blend_blocks_untextured_average_off
                0x0000000000076928                blend_blocks_textured_average_on
                0x0000000000076a38                blend_blocks_untextured_average_on
                0x0000000000076b30                blend_blocks_textured_add_off
                0x0000000000076c40                blend_blocks_textured_add_on
                0x0000000000076d68                blend_blocks_untextured_add_off
                0x0000000000076e50                blend_blocks_untextured_add_on
                0x0000000000076f50                blend_blocks_textured_subtract_off
                0x0000000000077050                blend_blocks_textured_subtract_on
                0x0000000000077160                blend_blocks_untextured_subtract_off
                0x0000000000077248                blend_blocks_untextured_subtract_on
                0x0000000000077340                blend_blocks_textured_add_fourth_off
                0x0000000000077450                blend_blocks_textured_add_fourth_on
                0x0000000000077578                blend_blocks_untextured_add_fourth_off
                0x0000000000077678                blend_blocks_untextured_add_fourth_on
                0x0000000000077790                blend_blocks_textured_unblended_on
                0x0000000000077808                blend_blocks_textured_unblended_off
                0x000000000007780c                warmup
                0x0000000000077828                render_block_fill_body
                0x0000000000079ad0                setup_sprite_4bpp
                0x000000000007bca0                setup_sprite_8bpp
                0x0000000000080850                setup_sprite_4bpp_4x
                0x0000000000084c90                setup_sprite_8bpp_4x
                0x0000000000084d94                texture_sprite_blocks_8bpp
                0x0000000000084e44                setup_sprite_16bpp
                0x0000000000084fd8                setup_sprite_16bpp_4x
                0x0000000000085300                setup_sprite_untextured
                0x00000000000853f8                update_texture_4bpp_cache
                0x00000000000854bc                update_texture_8bpp_cache_slice
                0x0000000000085564                scale2x_tiles8
 .text          0x00000000000855d0      0xad4 plugins/cdrcimg/cdrcimg.o
                0x0000000000085d0c                uncompressPSC
                0x000000000008604c                cdrcimg_set_fname
                0x000000000008605c                cdrcimg_get_sym
 .text          0x00000000000860a4      0x120 plugins/dfinput/main.o
                0x00000000000860a4                dfinput_activate
 .text          0x00000000000861c4      0x4bc plugins/dfinput/pad.o
                0x00000000000861c4                PADpoll_pad
                0x00000000000865ac                PADstartPoll_pad
                0x0000000000086608                pad_init
 .text          0x0000000000086680      0x190 plugins/dfinput/guncon.o
                0x0000000000086680                PADpoll_guncon
                0x00000000000866d8                PADstartPoll_guncon
                0x00000000000867f4                guncon_init
 .text          0x0000000000086810      0x3a8 frontend/cspace.o
                0x0000000000086810                bgr555_to_rgb565_without_neon
                0x000000000008686c                bgr_to_uyvy_init
                0x0000000000086948                rgb565_to_uyvy
                0x0000000000086a14                bgr555_to_uyvy
                0x0000000000086ae0                bgr888_to_uyvy
 .text          0x0000000000086bb8      0x2c8 frontend/cspace_neon.o
                0x0000000000086bb8                bgr555_to_rgb565
                0x0000000000086c7c                bgr555_to_rgb565_b
                0x0000000000086d8c                bgr888_to_rgb888
                0x0000000000086dc8                bgr888_to_rgb565
                0x0000000000086e24                rgb888_to_rgb565
 .text          0x0000000000086e80      0xa74 frontend/libpicofe/in_sdl.o
                0x00000000000878a0                in_sdl_init
 .text          0x00000000000878f4      0xd34 frontend/libpicofe/in_ableem.o
                0x0000000000087c1c                tokenizeConfig
                0x0000000000087c68                translate_button_map
                0x0000000000087c9c                has_dpad
                0x00000000000885cc                in_ableem_init
 .text          0x0000000000088628      0x864 frontend/libpicofe/plat_sdl.o
                0x0000000000088628                plat_sdl_change_video_mode
                0x00000000000888f0                plat_sdl_event_handler
                0x0000000000088930                plat_sdl_init
                0x0000000000088df4                plat_sdl_finish
                0x0000000000088e80                plat_sdl_overlay_clear
 .text          0x0000000000088e8c       0x10 frontend/libpicofe/plat_dummy.o
                0x0000000000088e8c                plat_target_init
                0x0000000000088e94                plat_target_finish
                0x0000000000088e98                plat_target_setup_input
 .text          0x0000000000088e9c      0xb34 frontend/libpicofe/linux/in_evdev.o
                0x000000000008998c                in_evdev_init
 .text          0x00000000000899d0      0x858 frontend/plat_sdl.o
                0x0000000000089a60                plat_init
                0x0000000000089bb0                plat_finish
                0x0000000000089bec                plat_gvideo_open
                0x0000000000089bf0                plat_gvideo_set_mode
                0x0000000000089cb4                plat_gvideo_flip
                0x0000000000089d58                plat_gvideo_close
                0x0000000000089d5c                plat_video_menu_enter
                0x000000000008a06c                plat_video_menu_begin
                0x000000000008a108                plat_video_menu_end
                0x000000000008a1fc                plat_video_menu_leave
                0x000000000008a218                plat_prepare_screenshot
                0x000000000008a220                plat_trigger_vibrate
                0x000000000008a224                plat_minimize
 .text          0x000000000008a228      0x634 frontend/libpicofe/gl.o
                0x000000000008a268                gl_init
                0x000000000008a5e8                gl_flip
                0x000000000008a7ec                gl_finish
 .text          0x000000000008a85c       0xcc frontend/libpicofe/gl_platform.o
                0x000000000008a85c                gl_setup_wl_information
                0x000000000008a87c                gl_platform_init
                0x000000000008a924                gl_platform_finish
 .text          0x000000000008a928     0x1ab4 frontend/plugin_lib.o
                0x000000000008b2cc                set_scenes
                0x000000000008b2dc                change_frame_Motionjpeg
                0x000000000008b310                set_bo_trg
                0x000000000008b3b4                paint_black
                0x000000000008bbb0                pl_prepare_screenshot
                0x000000000008bc2c                pl_switch_dispmode
                0x000000000008bc88                pl_update_gun
                0x000000000008bca4                pl_frame_limit
                0x000000000008c1c0                pl_timing_prepare
                0x000000000008c2fc                pl_start_watchdog
                0x000000000008c358                pl_init
 .text          0x000000000008c3dc      0x578 frontend/libpicofe/linux/plat.o
                0x000000000008c440                plat_is_dir
                0x000000000008c464                plat_get_skin_dir
                0x000000000008c49c                plat_get_root_dir
                0x000000000008c514                plat_get_ticks_ms
                0x000000000008c548                plat_get_ticks_us
                0x000000000008c574                plat_sleep_ms
                0x000000000008c580                plat_wait_event
                0x000000000008c6cc                plat_mmap
                0x000000000008c810                plat_mremap
                0x000000000008c854                plat_munmap
                0x000000000008c8d4                plat_mem_set_exec
                0x000000000008c92c                lprintf
 .text          0x000000000008c954      0x764 frontend/libpicofe/readpng.o
                0x000000000008c954                readpng
                0x000000000008ce84                writepng
 .text          0x000000000008d0b8      0x228 frontend/libpicofe/fonts.o
                0x000000000008d0b8                basic_text_out16_nf
                0x000000000008d1a4                basic_text_out_uyvy_nf
                0x000000000008d28c                basic_text_out16
 .text          0x000000000008d2e0     0x1860 frontend/libpicofe/arm/neon_scale2x.o
                0x000000000008d2e0                neon_scale2x_8_8
                0x000000000008d6fc                neon_scale2x_16_16
                0x000000000008de40                neon_scale2x_8_16
 .text          0x000000000008eb40     0x1be8 frontend/libpicofe/arm/neon_eagle2x.o
                0x000000000008eb40                neon_eagle2x_8_8
                0x000000000008f0b4                neon_eagle2x_16_16
                0x000000000008f914                neon_eagle2x_8_16
 .text          0x0000000000090728     0x6f58 frontend/menu.o
                0x00000000000925d0                emu_make_path
                0x0000000000092638                config_change
                0x00000000000937f8                text_out16
                0x00000000000951b0                menu_init_base
                0x000000000009551c                show_text_image
                0x0000000000095600                menu_init
                0x0000000000095c54                menu_notify_mode_change
                0x0000000000095c64                menu_prepare_emu
                0x0000000000095d5c                menu_loop
                0x0000000000095fa4                menu_update_msg
                0x0000000000096160                swap_cd
                0x0000000000096c24                menu_finish
                0x0000000000096c3c                make_file_name
 .text          0x0000000000097680     0x15b4 frontend/libpicofe/input.o
                0x0000000000097798                in_register
                0x00000000000979b4                in_combos_find
                0x0000000000097a4c                in_combos_do
                0x0000000000097af8                in_update
                0x0000000000097b74                in_update_analog
                0x0000000000097bc0                in_update_keycode
                0x0000000000097e4c                in_menu_wait_any
                0x0000000000097eb4                in_menu_wait
                0x0000000000097f80                in_get_dev_binds
                0x0000000000097f9c                in_get_dev_def_binds
                0x0000000000097fcc                in_get_config