Archive member included to satisfy reference by file (symbol)

/usr/lib/gcc/arm-linux-gnueabihf/6/libgcc.a(_aeabi_uldivmod.o)
                              libpcsxcore/cdriso.o (__aeabi_uldivmod)
/usr/lib/gcc/arm-linux-gnueabihf/6/libgcc.a(_dvmd_lnx.o)
                              /usr/lib/gcc/arm-linux-gnueabihf/6/libgcc.a(_aeabi_uldivmod.o) (__aeabi_ldiv0)
/usr/lib/gcc/arm-linux-gnueabihf/6/libgcc.a(_clear_cache.o)
                              libpcsxcore/new_dynarec/new_dynarec.o (__clear_cache)
/usr/lib/gcc/arm-linux-gnueabihf/6/libgcc.a(_udivmoddi4.o)
                              /usr/lib/gcc/arm-linux-gnueabihf/6/libgcc.a(_aeabi_uldivmod.o) (__udivmoddi4)
/usr/lib/arm-linux-gnueabihf/libc_nonshared.a(elf-init.oS)
                              /usr/lib/gcc/arm-linux-gnueabihf/6/../../../arm-linux-gnueabihf/crt1.o (__libc_csu_init)

Allocating common symbols
Common symbol       size              file

CDR_getBuffer       0x4               libpcsxcore/plugins.o
gl_es_display       0x4               frontend/libpicofe/gl.o
PAD1_startPoll      0x4               libpcsxcore/plugins.o
psxUnmapHook        0x4               libpcsxcore/psxmem.o
Config              0xd0e             libpcsxcore/psxcommon.o
plat_sdl_screen     0x4               frontend/libpicofe/plat_sdl.o
sdl2_window         0x4               frontend/libpicofe/plat_sdl.o
PAD1_setSensitive   0x4               libpcsxcore/plugins.o
PAD2_setSensitive   0x4               libpcsxcore/plugins.o
GPU_displayText     0x4               libpcsxcore/plugins.o
biosB0              0x400             libpcsxcore/psxbios.o
PAD2_close          0x4               libpcsxcore/plugins.o
NET_recvPadData     0x4               libpcsxcore/plugins.o
PAD1_init           0x4               libpcsxcore/plugins.o
SPU_configure       0x4               libpcsxcore/plugins.o
PAD2_query          0x4               libpcsxcore/plugins.o
g_layer_w           0x4               frontend/plugin_lib.o
PAD1_about          0x4               libpcsxcore/plugins.o
PAD2_startPoll      0x4               libpcsxcore/plugins.o
PAD2_keypressed     0x4               libpcsxcore/plugins.o
GPU_setPatchFlag    0x4               libpcsxcore/plugins.o
SPU_async           0x4               libpcsxcore/plugins.o
CDR_getStatus       0x4               libpcsxcore/plugins.o
GPU_readData        0x4               libpcsxcore/plugins.o
NET_open            0x4               libpcsxcore/plugins.o
GPU_about           0x4               libpcsxcore/plugins.o
in_state_gun        0x4               frontend/plugin_lib.o
CDR_configure       0x4               libpcsxcore/plugins.o
NET_sendData        0x4               libpcsxcore/plugins.o
CDR_getDriveLetter  0x4               libpcsxcore/plugins.o
GPU_configure       0x4               libpcsxcore/plugins.o
GPU_writeDataMem    0x4               libpcsxcore/plugins.o
PAD1_poll           0x4               libpcsxcore/plugins.o
SPU_enableRvbConfig
                    0x4               libpcsxcore/plugins.o
in_evdev_allow_abs_only
                    0x4               frontend/libpicofe/linux/in_evdev.o
NET_setInfo         0x4               libpcsxcore/plugins.o
g_opts              0x4               frontend/menu.o
SPU_open            0x4               libpcsxcore/plugins.o
SPU_playSample      0x4               libpcsxcore/plugins.o
cdrIsoMultidiskSelect
                    0x4               libpcsxcore/cdriso.o
SPU_shutdown        0x4               libpcsxcore/plugins.o
SPU_registerCallback
                    0x4               libpcsxcore/plugins.o
gte_handlers        0x100             libpcsxcore/new_dynarec/emu_if.o
out                 0x4               libpcsxcore/new_dynarec/new_dynarec.o
scanlines           0x4               frontend/menu.o
CDR_test            0x4               libpcsxcore/plugins.o
GPU_init            0x4               libpcsxcore/plugins.o
padd1               0x66              libpcsxcore/plugins.o
vertexes            0x40              plugins/gpu_neon/psx_gpu_if.o
g_menuscreen_h      0x4               frontend/menu.o
jump_in             0x4000            libpcsxcore/new_dynarec/new_dynarec.o
biosC0              0x400             libpcsxcore/psxbios.o
PAD1_shutdown       0x4               libpcsxcore/plugins.o
PAD1_open           0x4               libpcsxcore/plugins.o
GPU_vBlank          0x4               libpcsxcore/plugins.o
Mcd2Data            0x20000           libpcsxcore/sio.o
SPU_playCDDAchannel
                    0x4               libpcsxcore/plugins.o
SPU_fadein          0x4               libpcsxcore/plugins.o
NET_configure       0x4               libpcsxcore/plugins.o
ok_image            0x80              frontend/main.o
GPU_getScreenPic    0x4               libpcsxcore/plugins.o
soft_scaling        0x4               frontend/menu.o
PAD1_keypressed     0x4               libpcsxcore/plugins.o
gpu                 0x1134            plugins/gpulib/gpu.o
g_layer_y           0x4               frontend/plugin_lib.o
[...]
Memory Configuration

Name             Origin             Length             Attributes
*default*        0x00000000         0xffffffff

Linker script and memory map

LOAD /usr/lib/gcc/arm-linux-gnueabihf/6/../../../arm-linux-gnueabihf/crt1.o
LOAD /usr/lib/gcc/arm-linux-gnueabihf/6/../../../arm-linux-gnueabihf/crti.o
LOAD /usr/lib/gcc/arm-linux-gnueabihf/6/crtbegin.o
LOAD libpcsxcore/cdriso.o
LOAD libpcsxcore/cdrom.o
LOAD libpcsxcore/cheat.o
LOAD libpcsxcore/debug.o
LOAD libpcsxcore/decode_xa.o
LOAD libpcsxcore/disr3000a.o
LOAD libpcsxcore/mdec.o
LOAD libpcsxcore/misc.o
LOAD libpcsxcore/plugins.o
LOAD libpcsxcore/ppf.o
LOAD libpcsxcore/psxbios.o
LOAD libpcsxcore/psxcommon.o
LOAD libpcsxcore/psxcounters.o
LOAD libpcsxcore/psxdma.o
LOAD libpcsxcore/psxhle.o
LOAD libpcsxcore/psxhw.o
LOAD libpcsxcore/psxinterpreter.o
LOAD libpcsxcore/psxmem.o
LOAD libpcsxcore/r3000a.o
LOAD libpcsxcore/sio.o
LOAD libpcsxcore/socket.o
LOAD libpcsxcore/spu.o
LOAD libpcsxcore/gte.o
LOAD libpcsxcore/gte_nf.o
LOAD libpcsxcore/gte_divider.o
LOAD libpcsxcore/gte_arm.o
LOAD libpcsxcore/gte_neon.o
LOAD libpcsxcore/new_dynarec/new_dynarec.o
LOAD libpcsxcore/new_dynarec/linkage_arm.o
LOAD libpcsxcore/new_dynarec/pcsxmem.o
LOAD libpcsxcore/new_dynarec/emu_if.o
LOAD plugins/dfsound/dma.o
LOAD plugins/dfsound/freeze.o
LOAD plugins/dfsound/registers.o
LOAD plugins/dfsound/spu.o
LOAD plugins/dfsound/out.o
LOAD plugins/dfsound/nullsnd.o
LOAD plugins/dfsound/arm_utils.o
LOAD plugins/dfsound/sdl.o
LOAD plugins/gpulib/gpu.o
LOAD plugins/gpulib/vout_pl.o
LOAD plugins/gpu_neon/psx_gpu_if.o
LOAD plugins/gpu_neon/psx_gpu/psx_gpu_arm_neon.o
LOAD plugins/cdrcimg/cdrcimg.o
LOAD plugins/dfinput/main.o
LOAD plugins/dfinput/pad.o
LOAD plugins/dfinput/guncon.o
LOAD frontend/cspace.o
LOAD frontend/cspace_neon.o
LOAD frontend/libpicofe/in_sdl.o
LOAD frontend/libpicofe/plat_sdl.o
LOAD frontend/libpicofe/plat_dummy.o
LOAD frontend/libpicofe/linux/in_evdev.o
LOAD frontend/plat_sdl.o
LOAD frontend/libpicofe/gl.o
LOAD frontend/libpicofe/gl_platform.o
LOAD frontend/plugin_lib.o
LOAD frontend/libpicofe/linux/plat.o
LOAD frontend/libpicofe/readpng.o
LOAD frontend/libpicofe/fonts.o
LOAD frontend/libpicofe/arm/neon_scale2x.o
LOAD frontend/libpicofe/arm/neon_eagle2x.o
LOAD frontend/menu.o
LOAD frontend/libpicofe/input.o
LOAD frontend/main.o
LOAD frontend/plugin.o
LOAD /usr/lib/gcc/arm-linux-gnueabihf/6/../../../arm-linux-gnueabihf/libSDL2.so
LOAD /usr/lib/gcc/arm-linux-gnueabihf/6/../../../arm-linux-gnueabihf/libpng.so
LOAD /usr/lib/gcc/arm-linux-gnueabihf/6/../../../arm-linux-gnueabihf/libdl.so
LOAD /usr/lib/gcc/arm-linux-gnueabihf/6/../../../arm-linux-gnueabihf/libm.so
LOAD /usr/lib/gcc/arm-linux-gnueabihf/6/../../../arm-linux-gnueabihf/libpthread.so
START GROUP
LOAD /lib/arm-linux-gnueabihf/libpthread.so.0
LOAD /usr/lib/arm-linux-gnueabihf/libpthread_nonshared.a
END GROUP
LOAD /usr/lib/gcc/arm-linux-gnueabihf/6/../../../arm-linux-gnueabihf/libz.so
LOAD /usr/lib/gcc/arm-linux-gnueabihf/6/../../../arm-linux-gnueabihf/libwayland-client.so
LOAD /usr/lib/gcc/arm-linux-gnueabihf/6/../../../arm-linux-gnueabihf/libwayland-egl.so
LOAD /usr/lib/gcc/arm-linux-gnueabihf/6/../../../arm-linux-gnueabihf/libEGL.so
LOAD /usr/lib/gcc/arm-linux-gnueabihf/6/../../../arm-linux-gnueabihf/libGLESv1_CM.so
LOAD /usr/lib/gcc/arm-linux-gnueabihf/6/libgcc.a
LOAD /usr/lib/gcc/arm-linux-gnueabihf/6/libgcc_s.so
START GROUP
LOAD /usr/lib/gcc/arm-linux-gnueabihf/6/libgcc_s.so.1
LOAD /usr/lib/gcc/arm-linux-gnueabihf/6/libgcc.a
END GROUP
LOAD /usr/lib/gcc/arm-linux-gnueabihf/6/../../../arm-linux-gnueabihf/libc.so
START GROUP
LOAD /lib/arm-linux-gnueabihf/libc.so.6
LOAD /usr/lib/arm-linux-gnueabihf/libc_nonshared.a
LOAD /lib/arm-linux-gnueabihf/ld-linux-armhf.so.3
END GROUP
LOAD /usr/lib/gcc/arm-linux-gnueabihf/6/libgcc.a
LOAD /usr/lib/gcc/arm-linux-gnueabihf/6/libgcc_s.so
START GROUP
LOAD /usr/lib/gcc/arm-linux-gnueabihf/6/libgcc_s.so.1
LOAD /usr/lib/gcc/arm-linux-gnueabihf/6/libgcc.a
END GROUP
LOAD /usr/lib/gcc/arm-linux-gnueabihf/6/crtend.o
LOAD /usr/lib/gcc/arm-linux-gnueabihf/6/../../../arm-linux-gnueabihf/crtn.o
                [!provide]                PROVIDE (__executable_start, SEGMENT_START ("text-segment", 0x10000))
                0x00010154                . = (SEGMENT_START ("text-segment", 0x10000) + SIZEOF_HEADERS)

.interp         0x00010154       0x19
 *(.interp)
 .interp        0x00010154       0x19 /usr/lib/gcc/arm-linux-gnueabihf/6/../../../arm-linux-gnueabihf/crt1.o

.note.ABI-tag   0x00010170       0x20
 .note.ABI-tag  0x00010170       0x20 /usr/lib/gcc/arm-linux-gnueabihf/6/../../../arm-linux-gnueabihf/crt1.o

.note.gnu.build-id
                0x00010190       0x24
 *(.note.gnu.build-id)
 .note.gnu.build-id
                0x00010190       0x24 linker stubs

.hash
 *(.hash)

.gnu.hash       0x000101b4      0x7b4
 *(.gnu.hash)
 .gnu.hash      0x000101b4      0x7b4 /usr/lib/gcc/arm-linux-gnueabihf/6/../../../arm-linux-gnueabihf/crt1.o

.dynsym         0x00010968      0xe90
 *(.dynsym)
 .dynsym        0x00010968      0xe90 /usr/lib/gcc/arm-linux-gnueabihf/6/../../../arm-linux-gnueabihf/crt1.o

.dynstr         0x000117f8      0xb32
 *(.dynstr)
 .dynstr        0x000117f8      0xb32 /usr/lib/gcc/arm-linux-gnueabihf/6/../../../arm-linux-gnueabihf/crt1.o

.gnu.version    0x0001232a      0x1d2
 *(.gnu.version)
 .gnu.version   0x0001232a      0x1d2 /usr/lib/gcc/arm-linux-gnueabihf/6/../../../arm-linux-gnueabihf/crt1.o

.gnu.version_d  0x000124fc        0x0
 *(.gnu.version_d)
 .gnu.version_d
                0x000124fc        0x0 /usr/lib/gcc/arm-linux-gnueabihf/6/../../../arm-linux-gnueabihf/crt1.o

.gnu.version_r  0x000124fc       0xe0
 *(.gnu.version_r)
 .gnu.version_r
                0x000124fc       0xe0 /usr/lib/gcc/arm-linux-gnueabihf/6/../../../arm-linux-gnueabihf/crt1.o

.rel.dyn        0x000125dc       0x20
 *(.rel.init)
 *(.rel.text .rel.text.* .rel.gnu.linkonce.t.*)
 *(.rel.fini)
 *(.rel.rodata .rel.rodata.* .rel.gnu.linkonce.r.*)
 *(.rel.data.rel.ro .rel.data.rel.ro.* .rel.gnu.linkonce.d.rel.ro.*)
 .rel.data.rel.ro
                0x000125dc        0x0 /usr/lib/gcc/arm-linux-gnueabihf/6/../../../arm-linux-gnueabihf/crt1.o
 *(.rel.data .rel.data.* .rel.gnu.linkonce.d.*)
 *(.rel.tdata .rel.tdata.* .rel.gnu.linkonce.td.*)
 *(.rel.tbss .rel.tbss.* .rel.gnu.linkonce.tb.*)
 *(.rel.ctors)
 *(.rel.dtors)
 *(.rel.got)
 .rel.got       0x000125dc        0x8 /usr/lib/gcc/arm-linux-gnueabihf/6/../../../arm-linux-gnueabihf/crt1.o
 *(.rel.bss .rel.bss.* .rel.gnu.linkonce.b.*)
 .rel.bss       0x000125e4       0x18 /usr/lib/gcc/arm-linux-gnueabihf/6/../../../arm-linux-gnueabihf/crt1.o
                [!provide]                PROVIDE (__rel_iplt_start, .)
 *(.rel.iplt)
 .rel.iplt      0x000125fc        0x0 /usr/lib/gcc/arm-linux-gnueabihf/6/../../../arm-linux-gnueabihf/crt1.o
                [!provide]                PROVIDE (__rel_iplt_end, .)

.rela.dyn       0x000125fc        0x0
 *(.rela.init)
 *(.rela.text .rela.text.* .rela.gnu.linkonce.t.*)
 *(.rela.fini)
 *(.rela.rodata .rela.rodata.* .rela.gnu.linkonce.r.*)
 *(.rela.data .rela.data.* .rela.gnu.linkonce.d.*)
 *(.rela.tdata .rela.tdata.* .rela.gnu.linkonce.td.*)
 *(.rela.tbss .rela.tbss.* .rela.gnu.linkonce.tb.*)
 *(.rela.ctors)
 *(.rela.dtors)
 *(.rela.got)
 *(.rela.bss .rela.bss.* .rela.gnu.linkonce.b.*)
                [!provide]                PROVIDE (__rela_iplt_start, .)
 *(.rela.iplt)
                [!provide]                PROVIDE (__rela_iplt_end, .)

.rel.plt        0x000125fc      0x6c0
 *(.rel.plt)
 .rel.plt       0x000125fc      0x6c0 /usr/lib/gcc/arm-linux-gnueabihf/6/../../../arm-linux-gnueabihf/crt1.o

.rela.plt
 *(.rela.plt)

.init           0x00012cbc        0xc
 *(SORT(.init))
 .init          0x00012cbc        0x8 /usr/lib/gcc/arm-linux-gnueabihf/6/../../../arm-linux-gnueabihf/crti.o
                0x00012cbc                _init
 .init          0x00012cc4        0x4 /usr/lib/gcc/arm-linux-gnueabihf/6/../../../arm-linux-gnueabihf/crtn.o

.plt            0x00012cc8      0xa34
 *(.plt)
 .plt           0x00012cc8      0xa34 /usr/lib/gcc/arm-linux-gnueabihf/6/../../../arm-linux-gnueabihf/crt1.o
                0x00012cdc                signal@@GLIBC_2.4
                0x00012ce8                png_get_bit_depth@@PNG16_0
                0x00012cf4                glDrawArrays
                0x00012d00                SDL_CreateRenderer
                0x00012d0c                sem_destroy@@GLIBC_2.4
                0x00012d18                _IO_getc@@GLIBC_2.4
                0x00012d24                png_write_image@@PNG16_0
                0x00012d30                SDL_CreateWindow
                0x00012d3c                SDL_FillRect
                0x00012d48                pthread_mutex_lock@@GLIBC_2.4
                0x00012d54                SDL_Quit
                0x00012d60                png_create_read_struct@@PNG16_0
                0x00012d6c                fsync@@GLIBC_2.4
                0x00012d78                SDL_RenderPresent
                0x00012d84                glFrontFace
                0x00012d90                dlerror@@GLIBC_2.4
                0x00012d9c                gettimeofday@@GLIBC_2.4
                0x00012da8                fseeko64@@GLIBC_2.4
                0x00012db4                strcasecmp@@GLIBC_2.4
                0x00012dc0                strtol@@GLIBC_2.4
                0x00012dcc                free@@GLIBC_2.4
                0x00012dd8                fseek@@GLIBC_2.4
                0x00012de4                SDL_FlushEvents
                0x00012df0                SDL_RenderSetLogicalSize
                0x00012dfc                __xstat64@@GLIBC_2.4
                0x00012e08                qsort@@GLIBC_2.4
                0x00012e14                png_create_write_struct@@PNG16_0
                0x00012e20                eglCreateWindowSurface
                0x00012e2c                strncmp@@GLIBC_2.4
                0x00012e38                glTexImage2D
                0x00012e44                uncompress
                0x00012e50                SDL_GetWindowSize
                0x00012e5c                pthread_exit@@GLIBC_2.4
                0x00012e68                SDL_PeepEvents
                0x00012e74                pthread_join@@GLIBC_2.4
                0x00012e80                SDL_JoystickClose
                0x00012e8c                fgetc@@GLIBC_2.4
                0x00012e98                SDL_JoystickOpen
                0x00012ea4                SDL_UpperBlitScaled
                0x00012eb0                inotify_rm_watch@@GLIBC_2.4
                0x00012ebc                SDL_JoystickName
                0x00012ec8                closedir@@GLIBC_2.4
                0x00012ed4                SDL_MapRGB
                0x00012ee0                exit@@GLIBC_2.4
                0x00012eec                printf@@GLIBC_2.4
                0x00012ef8                strerror@@GLIBC_2.4
                0x00012f04                scandir64@@GLIBC_2.4
                0x00012f10                stpcpy@@GLIBC_2.4
                0x00012f1c                glGetError
                0x00012f28                dlclose@@GLIBC_2.4
                0x00012f34                inotify_add_watch@@GLIBC_2.4
                0x00012f40                eglCreateContext
                0x00012f4c                feof@@GLIBC_2.4
                0x00012f58                puts@@GLIBC_2.4
                0x00012f64                strtok@@GLIBC_2.4
                0x00012f70                perror@@GLIBC_2.4
                0x00012f7c                SDL_GetCurrentVideoDriver
                0x00012f88                png_destroy_read_struct@@PNG16_0
                0x00012f94                png_write_info@@PNG16_0
                0x00012fa0                SDL_CloseAudio
                0x00012fac                SDL_WasInit
                0x00012fb8                glTexParameterf
                0x00012fc4                readdir64@@GLIBC_2.4
                0x00012fd0                alphasort64@@GLIBC_2.4
                0x00012fdc                readlink@@GLIBC_2.4
                0x00012fe8                glEnableClientState
                0x00012ff4                SDL_NumJoysticks
                0x00013000                png_get_image_width@@PNG16_0
                0x0001300c                strtoul@@GLIBC_2.4
                0x00013018                strftime@@GLIBC_2.4
                0x00013024                putchar@@GLIBC_2.4
                0x00013030                memset@@GLIBC_2.4
                0x0001303c                opendir@@GLIBC_2.4
                0x00013048                recv@@GLIBC_2.4
                0x00013054                remove@@GLIBC_2.4
                0x00013060                png_get_rows@@PNG16_0
                0x0001306c                SDL_GetWindowWMInfo
                0x00013078                fcntl@@GLIBC_2.4
                0x00013084                SDL_GetError
                0x00013090                listen@@GLIBC_2.4
                0x0001309c                snprintf@@GLIBC_2.4
                0x000130a8                mmap64@@GLIBC_2.4
                0x000130b4                __strdup@@GLIBC_2.4
                0x000130c0                png_destroy_write_struct@@PNG16_0
                0x000130cc                close@@GLIBC_2.4
                0x000130d8                SDL_PauseAudio
                0x000130e4                inflate
                0x000130f0                read@@GLIBC_2.4
                0x000130fc                abort@@GLIBC_2.4
                0x00013108                eglMakeCurrent
                0x00013114                SDL_UpperBlit
                0x00013120                vfprintf@@GLIBC_2.4
                0x0001312c                ftello64@@GLIBC_2.4
                0x00013138                __ctype_toupper_loc@@GLIBC_2.4
                0x00013144                memmove@@GLIBC_2.4
                0x00013150                SDL_PumpEvents
                0x0001315c                inflateInit2_
                0x00013168                unlink@@GLIBC_2.4
                0x00013174                SDL_Init
                0x00013180                eglDestroySurface
                0x0001318c                dlopen@@GLIBC_2.4
                0x00013198                ioctl@@GLIBC_2.4
                0x000131a4                localtime@@GLIBC_2.4
                0x000131b0                clock_gettime@@GLIBC_2.17
                0x000131bc                SDL_JoystickEventState
                0x000131c8                realloc@@GLIBC_2.4
                0x000131d4                strcpy@@GLIBC_2.4
                0x000131e0                pthread_attr_setdetachstate@@GLIBC_2.4
                0x000131ec                SDL_InitSubSystem
                0x000131f8                SDL_FreeSurface
                0x00013204                glEnable
                0x00013210                open64@@GLIBC_2.4
                0x0001321c                __isoc99_sscanf@@GLIBC_2.7
                0x00013228                SDL_CreateRGBSurfaceFrom
                0x00013234                eglGetDisplay
                0x00013240                png_write_end@@PNG16_0
                0x0001324c                eglChooseConfig
                0x00013258                bind@@GLIBC_2.4
                0x00013264                mprotect@@GLIBC_2.4
                0x00013270                glVertexPointer
                0x0001327c                strcat@@GLIBC_2.4
                0x00013288                strcasestr@@GLIBC_2.4
                0x00013294                png_set_longjmp_fn@@PNG16_0
                0x000132a0                fread@@GLIBC_2.4
                0x000132ac                fileno@@GLIBC_2.4
                0x000132b8                eglInitialize
                0x000132c4                gzseek64@@ZLIB_1.2.3.3
                0x000132d0                SDL_UpdateWindowSurface
                0x000132dc                socket@@GLIBC_2.4
                0x000132e8                SDL_QuitSubSystem
                0x000132f4                mkdir@@GLIBC_2.4
                0x00013300                strstr@@GLIBC_2.4
                0x0001330c                sem_init@@GLIBC_2.4
                0x00013318                glBindTexture
                0x00013324                strncasecmp@@GLIBC_2.4
                0x00013330                glLoadIdentity
                0x0001333c                SDL_GetWindowSurface
                0x00013348                pthread_attr_destroy@@GLIBC_2.4
                0x00013354                select@@GLIBC_2.4
                0x00013360                shutdown@@GLIBC_2.4
                0x0001336c                sleep@@GLIBC_2.4
                0x00013378                raise@@GLIBC_2.4
                0x00013384                __ctype_b_loc@@GLIBC_2.4
                0x00013390                eglDestroyContext
                0x0001339c                SDL_LockSurface
                0x000133a8                pthread_attr_init@@GLIBC_2.4
                0x000133b4                glGenTextures
                0x000133c0                sysconf@@GLIBC_2.4
                0x000133cc                calloc@@GLIBC_2.4
                0x000133d8                strncat@@GLIBC_2.4
                0x000133e4                ftell@@GLIBC_2.4
                0x000133f0                SDL_CreateRGBSurface
                0x000133fc                inflateReset
                0x00013408                setlocale@@GLIBC_2.4
                0x00013414                SDL_UnlockSurface
                0x00013420                fgets@@GLIBC_2.4
                0x0001342c                sem_post@@GLIBC_2.4
                0x00013438                fputc@@GLIBC_2.4
                0x00013444                gzwrite
                0x00013450                fwrite@@GLIBC_2.4
                0x0001345c                longjmp@@GLIBC_2.4
                0x00013468                memcpy@@GLIBC_2.4
                0x00013474                gzopen64@@ZLIB_1.2.3.3
                0x00013480                malloc@@GLIBC_2.4
                0x0001348c                strlen@@GLIBC_2.4
                0x00013498                getcwd@@GLIBC_2.4
                0x000134a4                munmap@@GLIBC_2.4
                0x000134b0                accept@@GLIBC_2.4
                0x000134bc                usleep@@GLIBC_2.4
                0x000134c8                tanh@@GLIBC_2.4
                0x000134d4                fprintf@@GLIBC_2.4
                0x000134e0                fclose@@GLIBC_2.4
                0x000134ec                write@@GLIBC_2.4
                0x000134f8                SDL_OpenAudio
                0x00013504                lseek64@@GLIBC_2.4
                0x00013510                sprintf@@GLIBC_2.4
                0x0001351c                png_set_IHDR@@PNG16_0
                0x00013528                mremap@@GLIBC_2.4
                0x00013534                glTexSubImage2D
                0x00013540                pthread_create@@GLIBC_2.4
                0x0001354c                eglSwapBuffers
                0x00013558                strcmp@@GLIBC_2.4
                0x00013564                gzclose
                0x00013570                eglGetError
                0x0001357c                time@@GLIBC_2.4
                0x00013588                wl_egl_window_create
                0x00013594                __errno_location@@GLIBC_2.4
                0x000135a0                send@@GLIBC_2.4
                0x000135ac                sscanf@@GLIBC_2.4
                0x000135b8                strncpy@@GLIBC_2.4
                0x000135c4                png_create_info_struct@@PNG16_0
                0x000135d0                SDL_SetWindowTitle
                0x000135dc                fflush@@GLIBC_2.4
                0x000135e8                SDL_PushEvent
                0x000135f4                fopen64@@GLIBC_2.4
                0x00013600                _setjmp@@GLIBC_2.4
                0x0001360c                memcmp@@GLIBC_2.4
                0x00013618                eglTerminate
                0x00013624                inotify_init@@GLIBC_2.4
                0x00013630                png_read_png@@PNG16_0
                0x0001363c                strrchr@@GLIBC_2.4
                0x00013648                __isoc99_fscanf@@GLIBC_2.7
                0x00013654                gzread
                0x00013660                SDL_SetSurfaceAlphaMod
                0x0001366c                SDL_CreateTexture
                0x00013678                getenv@@GLIBC_2.4
                0x00013684                __libc_start_main@@GLIBC_2.4
                0x00013690                dlsym@@GLIBC_2.4
                0x0001369c                png_init_io@@PNG16_0
                0x000136b4                sem_wait@@GLIBC_2.4
                0x000136c0                strchr@@GLIBC_2.4
                0x000136cc                pthread_mutex_unlock@@GLIBC_2.4
                0x000136d8                glTexCoordPointer
                0x000136e4                vsnprintf@@GLIBC_2.4
                0x000136f0                png_get_image_height@@PNG16_0

.iplt           0x000136fc        0x0
 *(.iplt)
 .iplt          0x000136fc        0x0 /usr/lib/gcc/arm-linux-gnueabihf/6/../../../arm-linux-gnueabihf/crt1.o

.text           0x00013700    0xa2558
 *(.text.unlikely .text.*_unlikely .text.unlikely.*)
 *(.text.exit .text.exit.*)
 *(.text.startup .text.startup.*)
 .text.startup  0x00013700      0x930 frontend/main.o
                0x00013700                main
 *(.text.hot .text.hot.*)
 *(.text .stub .text.* .gnu.linkonce.t.*)
 .text          0x00014030       0x3c /usr/lib/gcc/arm-linux-gnueabihf/6/../../../arm-linux-gnueabihf/crt1.o
                0x00014030                _start
 .text          0x0001406c       0x24 /usr/lib/gcc/arm-linux-gnueabihf/6/../../../arm-linux-gnueabihf/crti.o
 .text          0x00014090       0xc8 /usr/lib/gcc/arm-linux-gnueabihf/6/crtbegin.o
 .text          0x00014158     0x3518 libpcsxcore/cdriso.o
                0x000141f8                ISOreadCDDA
                0x000174d8                cdrIsoInit
                0x00017658                cdrIsoActive
 .text          0x00017670     0x4bf4 libpcsxcore/cdrom.o
                0x000179e0                CheckDiscChange
                0x00017b40                cdrLidSeekInterrupt
                0x00017eb0                cdrAttenuate
                0x00018150                cdrRead0
                0x0001819c                cdrWrite0
                0x000181bc                cdrRead1
                0x00018234                cdrWrite1
                0x000196e4                cdrRead2
                0x00019714                cdrWrite2
                0x00019784                cdrRead3
                0x000197b8                cdrWrite3
                0x0001991c                psxDma3
                0x00019c28                cdrDmaInterrupt
                0x00019c80                cdrReset
                0x00019d24                LidInterrupt
                0x00019dd4                check_Motionjpeg
                0x00019f14                check_scenes
                0x00019ff0                check_scenesforSPU
                0x0001a2a0                cdrPlayInterrupt
                0x0001a674                cdrInterrupt
                0x0001b8b8                cdrReadInterrupt
                0x0001bf9c                cdrFreeze
 .text          0x0001c264     0x20b4 libpcsxcore/cheat.o
                0x0001c30c                ClearAllCheats
                0x0001c390                LoadCheats
                0x0001c610                SaveCheats
                0x0001c734                ApplyCheats
                0x0001cc1c                AddCheat
                0x0001cdfc                RemoveCheat
                0x0001ce6c                EditCheat
                0x0001cfd8                FreeCheatSearchResults
                0x0001d008                FreeCheatSearchMem
                0x0001d030                CheatSearchBackupMemory
                0x0001d058                CheatSearchEqual8
                0x0001d150                CheatSearchEqual16
                0x0001d248                CheatSearchEqual32
                0x0001d340                CheatSearchNotEqual8
                0x0001d430                CheatSearchNotEqual16
                0x0001d520                CheatSearchNotEqual32
                0x0001d610                CheatSearchRange8
                0x0001d730                CheatSearchRange16
                0x0001d850                CheatSearchRange32
                0x0001d970                CheatSearchIncreasedBy8
                0x0001d9fc                CheatSearchIncreasedBy16
                0x0001da88                CheatSearchIncreasedBy32
                0x0001db14                CheatSearchDecreasedBy8
                0x0001dba0                CheatSearchDecreasedBy16
                0x0001dc2c                CheatSearchDecreasedBy32
                0x0001dcb8                CheatSearchIncreased8
                0x0001dd40                CheatSearchIncreased16
                0x0001ddc8                CheatSearchIncreased32
                0x0001de50                CheatSearchDecreased8
                0x0001ded8                CheatSearchDecreased16
                0x0001df60                CheatSearchDecreased32
                0x0001dfe8                CheatSearchDifferent8
                0x0001e070                CheatSearchDifferent16
                0x0001e0f8                CheatSearchDifferent32
                0x0001e180                CheatSearchNoChange8
                0x0001e208                CheatSearchNoChange16
                0x0001e290                CheatSearchNoChange32
 .text          0x0001e318     0x2b94 libpcsxcore/debug.o
                0x0001e338                add_breakpoint
                0x0001e3b0                delete_breakpoint
                0x0002057c                next_breakpoint
                0x00020598                find_breakpoint
                0x000205f8                StartDebugger
                0x00020668                StopDebugger
                0x000206cc                PauseDebugger
                0x000206e8                ResumeDebugger
                0x00020700                DebugVSync
                0x00020770                MarkMap
                0x00020780                IsMapMarked
                0x000207a4                DebugCheckBP
                0x00020d78                ProcessDebug
 .text          0x00020eac     0x1214 libpcsxcore/decode_xa.o
                0x00021fdc                ADPCM_InitDecode
                0x00021fec                xa_decode_sector
 .text          0x000220c0     0x3864 libpcsxcore/disr3000a.o
                0x000258fc                disR3000AF
 .text          0x00025924     0x22d8 libpcsxcore/mdec.o
                0x000273b0                mdecInit
                0x00027408                mdecWrite0
                0x00027418                mdecRead0
                0x00027428                mdecWrite1
                0x00027450                mdecRead1
                0x00027460                psxDma0
                0x00027684                mdec0Interrupt
                0x000276dc                psxDma1
                0x000276f0                mdec1Interrupt
                0x000277d0                mdecFreeze
 .text          0x00027bfc     0x3394 libpcsxcore/misc.o
                0x00027ea0                LogPrint
                0x00027ee0                save_error
                0x00027f64                isTitleName
                0x00027f80                initTitleName
                0x00027f94                setCdromId
                0x00028030                setTitleName
                0x0002822c                setDiscChangeType
                0x000282ec                mmssdd
                0x000283ac                StartCheckOpen
                0x000283bc                CheckOpenEnabled
                0x00028414                GetCdromFile
                0x0002869c                LoadCdrom
                0x00028cd0                LoadCdromFile
                0x000290f8                CheckCdrom
                0x0002973c                fread_to_ram
                0x0002979c                Load
                0x00029a84                SaveState
                0x00029d58                getSaveStateArray
                0x00029d74                SaveStateWork
                0x0002a040                freeSaveStateMem
                0x0002a13c                SetCdromId
                0x0002a1fc                AutoSaveState
                0x0002a450                InitAutoSave
                0x0002a64c                emu_sync_state
                0x0002a84c                emu_sync_state2
                0x0002a890                LoadState
                0x0002abe4                CheckState
                0x0002ac90                SendPcsxInfo
                0x0002ad58                RecvPcsxInfo
                0x0002ae9c                trim
                0x0002af44                calcCrc
 .text          0x0002af90     0x21f8 libpcsxcore/plugins.o
                0x0002af90                GPU__showScreenPic
                0x0002af98                CDR__getDriveLetter
                0x0002afa0                CDR__setfilename
                0x0002afa8                SPU__registerScheduleCb
                0x0002afac                PAD2__poll
                0x0002afd4                PAD1__poll
                0x0002afd8                PAD2__query
                0x0002afe0                PAD2__keypressed
                0x0002afe8                NET__setInfo
                0x0002afec                NET__keypressed
                0x0002aff0                NET__test
                0x0002aff8                NET__about
                0x0002affc                GPU__displayText
                0x0002b00c                CDR__getStatus
                0x0002b508                CDR__play
                0x0002b510                GPU__getScreenPic
                0x0002b518                CDR__configure
                0x0002b520                CDR__test
                0x0002b528                SPU__configure
                0x0002b530                SPU__test
                0x0002b538                PAD1__configure
                0x0002b540                PAD1__test
                0x0002b548                PAD1__query
                0x0002b550                PAD1__keypressed
                0x0002b558                PAD2__configure
                0x0002b560                CDR__stop
                0x0002b568                GPU__keypressed
                0x0002b56c                GPU__clearDynarec
                0x0002b570                GPU__vBlank
                0x0002b574                GPU__configure
                0x0002b57c                GPU__test
                0x0002b584                PAD2__test
                0x0002b58c                NET__configure
                0x0002b594                PAD1__about
                0x0002b598                PAD2__about
                0x0002b59c                CDR__about
                0x0002b5a0                SPU__about
                0x0002b5a4                GPU__about
                0x0002b5a8                GPU__makeSnapshot
                0x0002b5ac                _PADstartPoll
                0x0002b6fc                PAD1__startPoll
                0x0002b728                PAD2__startPoll
                0x0002b754                _PADpoll
                0x0002b758                clearDynarec
                0x0002b76c                ReleasePlugins
                0x0002b91c                LoadPlugins
                0x0002d07c                ReloadCdromPlugin
                0x0002d128                SetIsoFile
                0x0002d150                GetIsoFile
                0x0002d15c                UsingIso
                0x0002d174                SetCdOpenCaseTime
 .text          0x0002d188      0x960 libpcsxcore/ppf.o
                0x0002d2e0                FreePPFCache
                0x0002d330                CheckPPFCache
                0x0002d468                BuildPPFCache
                0x0002d960                LoadSBI
                0x0002dac0                UnloadSBI
 .text          0x0002dae8     0x6374 libpcsxcore/psxbios.o
                0x0002dae8                psxBios_labs
                0x0002db0c                psxBios_abs
                0x0002db10                psxBios_atoi
                0x0002dc60                psxBios_atol
                0x0002dc64                psxBios_setjmp
                0x0002dcf0                psxBios_longjmp
                0x0002dd7c                psxBios_strcat
                0x0002ddf8                psxBios_strncat
                0x0002de98                psxBios_strncmp
                0x0002df20                psxBios_strcpy
                0x0002df84                psxBios_strncpy
                0x0002e054                psxBios_strlen
                0x0002e0c8                psxBios_rindex
                0x0002e144                psxBios_strrchr
                0x0002e148                psxBios_strpbrk
                0x0002e1f4                psxBios_strspn
                0x0002e2a8                psxBios_strcspn
                0x0002e360                psxBios_strstr
                0x0002e468                psxBios_toupper
                0x0002e490                psxBios_tolower
                0x0002e4b8                psxBios_bcopy
                0x0002e534                psxBios_bzero
                0x0002e598                psxBios_bcmp
                0x0002e644                psxBios_memcpy
                0x0002e6cc                psxBios_memset
                0x0002e740                psxBios_memmove
                0x0002e814                psxBios_memcmp
                0x0002e818                psxBios_rand
                0x0002e860                psxBios_srand
                0x0002e88c                psxBios_Exec
                0x0002e938                psxBios_GPU_dw
                0x0002e9f0                psxBios_SendGPU
                0x0002ea60                psxBios_GPU_cw
                0x0002ea8c                psxBios_GPU_cwb
                0x0002eaec                psxBios_GPU_GetGPUStatus
                0x0002eb18                psxBios_StartRCnt
                0x0002eb8c                psxBios_StopRCnt
                0x0002ebf8                psxBios_OpenEvent
                0x0002ecbc                psxBios_CloseEvent
                0x0002ed04                psxBios_TestEvent
                0x0002ed5c                psxBios_EnableEvent
                0x0002eda4                psxBios_WaitEvent
                0x0002eda8                psxBios_DisableEvent
                0x0002edf0                psxBios_OpenTh
                0x0002ee64                psxBios_CloseTh
                0x0002eea4                psxBios_InitPAD
                0x0002ef20                psxBios_StopPAD
                0x0002ef48                psxBios_PAD_dr
                0x0002ef64                psxBios_ResetEntryInt
                0x0002ef88                psxBios_HookEntryInt
                0x0002efcc                psxBios_UnDeliverEvent
                0x0002f070                psxBios_lseek
                0x0002f0e4                psxBios_close
                0x0002f100                psxBios_InitCARD
                0x0002f124                psxBios_StartCARD
                0x0002f150                psxBios_StopCARD
                0x0002f17c                psxBios_Krom2RawAdd
                0x0002f2cc                psxBios_GetC0Table
                0x0002f2e8                psxBios_GetB0Table
                0x0002f304                psxBios__card_chan
                0x0002f328                psxBios_SysEnqIntRP
                0x0002f360                psxBios_SysDeqIntRP
                0x0002f390                psxBios_ChangeClearRCnt
                0x0002f3e8                psxBios_dummy
                0x0002f3fc                psxBios_ChangeClearPad
                0x0002f400                psxBios__new_card
                0x0002f404                psxBios__96_remove
                0x0002f408                psxBios__96_init
                0x0002f40c                psxBios_FlushCache
                0x0002f410                psxBios_strtok
                0x0002f47c                psxBios_malloc
                0x0002f65c                psxBios_free
                0x0002f704                psxBios_realloc
                0x0002f724                psxBios_InitHeap
                0x0002f7fc                psxBios_puts
                0x0002f854                psxBios_calloc
                0x0002f8b0                psxBios_getchar
                0x0002f8dc                psxBios_ReturnFromException
                0x0002f948                psxBios_printf
                0x0002fe10                psxBios_format
                0x0002feec                psxBios_Load
                0x0002ffb0                psxBios_LoadExec
                0x00030028                psxBios_sys_a0_4c
                0x0003007c                psxBios_mem2vram
                0x0003018c                psxBios_GPU_SendPackets
                0x00030218                psxBios_SetMem
                0x000302e8                psxBios_SetRCnt
                0x0003035c                psxBios_GetRCnt
                0x00030398                psxBios_ResetRCnt
                0x000303e4                psxBios_StartPAD
                0x0003042c                psxBios_PAD_init
                0x000304c4                psxBios_open
                0x00030914                psxBios_delete
                0x00030b24                psxBios_putchar
                0x00030b58                psxBios_nextfile
                0x00030f18                psxBios_rename
                0x0003122c                psxBios_memchr
                0x000312bc                psxBios_index
                0x00031338                psxBios_strchr
                0x0003133c                psxBios_strcmp
                0x000313b0                psxBios_ChangeTh
                0x0003184c                psxBios_qsort
                0x000318ac                psxBios__bu_init
                0x000319f0                psxBios__card_load
                0x00031aa4                psxBios__card_info
                0x00031aa8                psxBios_DeliverEvent
                0x00031bbc                psxBios__card_read
                0x00031cdc                psxBios__card_write
                0x00031e48                psxBios_firstfile
                0x000322c0                psxBios_read
                0x00032688                psxBios_write
                0x00032a84                psxBiosInit
                0x00033264                psxBiosShutdown
                0x00033268                biosInterrupt
                0x00033928                psxBiosException
                0x00033b28                psxBiosFreeze
 .text          0x00033e5c       0xac libpcsxcore/psxcommon.o
                0x00033e5c                EmuInit
                0x00033e60                EmuReset
                0x00033e74                EmuShutdown
                0x00033e90                EmuUpdate
                0x00033ecc                __Log
 .text          0x00033f08      0xaf0 libpcsxcore/psxcounters.o
                0x00034224                change_HSync_Motionjpeg
                0x00034240                psxRcntUpdate
                0x0003448c                psxRcntWcount
                0x000344e8                psxRcntWmode
                0x00034554                psxRcntWtarget
                0x000345d0                psxRcntRcount
                0x00034644                psxRcntRmode
                0x00034664                psxRcntRtarget
                0x0003467c                psxRcntInit
                0x000347cc                psxRcntFreeze
 .text          0x000349f8      0x7b4 libpcsxcore/psxdma.o
                0x000349f8                spuInterrupt
                0x00034a50                psxDma4
                0x00034c4c                psxDma2
                0x00034f38                gpuInterrupt
                0x00034f9c                psxDma6
                0x00035154                gpuotcInterrupt
 .text          0x000351ac      0x170 libpcsxcore/psxhle.o
 .text          0x0003531c      0xe04 libpcsxcore/psxhw.o
                0x0003531c                psxHwReset
                0x0003537c                psxHwRead8
                0x000353fc                psxHwRead16
                0x000355f0                psxHwRead32
                0x00035830                psxHwWrite8
                0x000358e0                psxHwWrite16
                0x00035b8c                psxHwWrite32
                0x00036118                psxHwFreeze
 .text          0x00036120     0x1644 libpcsxcore/psxinterpreter.o
                0x00036308                psxADDIU
                0x00036330                psxADDI
                0x00036334                psxANDI
                0x00036360                psxORI
                0x0003638c                psxXORI
                0x000363b8                psxSLTI
                0x000363f0                psxSLTIU
                0x00036428                psxADDU
                0x0003645c                psxADD
                0x00036460                psxSUBU
                0x00036494                psxSUB
                0x00036498                psxAND
                0x000364cc                psxOR
                0x00036500                psxXOR
                0x00036534                psxNOR
                0x0003656c                psxSLT
                0x000365a8                psxSLTU
                0x000365e4                psxDIV
                0x00036648                psxDIVU
                0x00036694                psxMULT
                0x000366c0                psxMULTU
                0x000366ec                psxSLL
                0x00036718                psxSRA
                0x00036744                psxSRL
                0x00036770                psxSLLV
                0x000367a4                psxSRAV
                0x000367d8                psxSRLV
                0x0003680c                psxLUI
                0x0003682c                psxMFHI
                0x0003684c                psxMFLO
                0x0003686c                psxMTHI
                0x00036888                psxMTLO
                0x000368a4                psxRFE
                0x000368c4                psxCFC0
                0x000368ec                psxMFC0
                0x000368f0                psxSPECIAL
                0x00036910                psxREGIMM
                0x00036934                psxCOP0
                0x00036958                psxCOP2
                0x0003697c                psxBASIC
                0x000369a0                psxHLE
                0x000369d0                psxSYSCALL
                0x000369f8                psxLB
                0x00036a38                psxLBU
                0x00036a74                psxLH
                0x00036ab4                psxLHU
                0x00036af0                psxLW
                0x00036b2c                psxLWL
                0x00036b8c                psxLWR
                0x00036bec                psxSB
                0x00036c10                psxSH
                0x00036c38                psxSW
                0x00036c5c                psxSWL
                0x00036cbc                psxSWR
                0x000370b0                psxBREAK
                0x000370b4                psxNULL
                0x000370b8                psxTestLoadDelay
                0x000370cc                psxTestSWInts
                0x00037108                MTC0
                0x0003715c                psxCTC0
                0x00037178                psxMTC0
                0x0003717c                execI
                0x0003720c                psxDelayTest
                0x000374f8                psxBGEZ
                0x00037524                psxBGEZAL
                0x00037558                psxBGTZ
                0x00037584                psxBLEZ
                0x000375b0                psxBLTZ
                0x000375dc                psxBLTZAL
                0x00037610                psxBEQ
                0x00037644                psxBNE
                0x00037678                psxJ
                0x00037698                psxJAL
                0x000376c0                psxJR
                0x000376e4                psxJALR
                0x00037710                intExecute
                0x0003773c                intExecuteBlock
 .text          0x00037764      0xaa0 libpcsxcore/psxmem.o
                0x00037764                psxUnmap
                0x00037788                psxMap
                0x000378b4                psxMemReset
                0x000379b8                psxMemShutdown
                0x00037a20                psxMemInit
                0x00037c84                psxMemRead8
                0x00037d20                psxMemRead16
                0x00037dbc                psxMemRead32
                0x00037e58                psxMemWrite8
                0x00037f0c                psxMemWrite16
                0x00037fc0                psxMemWrite32
                0x000381a4                psxMemPointer
 .text          0x00038204      0x658 libpcsxcore/r3000a.o
                0x00038204                psxInit
                0x0003827c                psxReset
                0x0003832c                psxShutdown
                0x00038350                psxException
                0x00038478                psxBranchTest
                0x00038780                psxJumpTest
                0x00038818                psxExecuteBios
 .text          0x0003885c     0x1c54 libpcsxcore/sio.o
                0x0003885c                sioWriteStat16
                0x00038860                sioWriteMode16
                0x00038870                sioWriteCtrl16
                0x000388e0                sioWriteBaud16
                0x000388f0                sioReadStat16
                0x00038900                sioReadMode16
                0x00038910                sioReadCtrl16
                0x00038920                sioReadBaud16
                0x00038930                sio1ReadCtrl16
                0x00038938                netError
                0x00038970                sioWrite8
                0x00039214                sioInterrupt
                0x00039250                CreateMcd
                0x000398d8                LoadMcd
                0x000398e8                LoadMcds
                0x0003990c                ConvertMcd
                0x00039c28                SaveMcd
                0x00039d50                sioRead8
                0x00039ea8                GetMcdBlockInfo
                0x0003a1b8                sioFreeze
 .text          0x0003a4b0      0x428 libpcsxcore/socket.o
                0x0003a4b0                StopServer
                0x0003a4d8                CloseClient
                0x0003a510                GetClient
                0x0003a5c8                HasClient
                0x0003a5e0                ReadSocket
                0x0003a6e8                RawReadSocket
                0x0003a7b8                WriteSocket
                0x0003a7e0                SetsBlock
                0x0003a810                SetsNonblock
                0x0003a840                StartServer
 .text          0x0003a8d8       0x90 libpcsxcore/spu.o
                0x0003a8d8                SPUirq
                0x0003a8f8                SPUschedule
                0x0003a948                spuUpdate
 .text          0x0003a968     0x6170 libpcsxcore/gte.o
                0x0003a968                gteMFC2
                0x0003aac4                gteCFC2
                0x0003aaec                gteMTC2
                0x0003ac24                gteCTC2
                0x0003ac90                gteLWC2
                0x0003add8                gteSWC2
                0x0003af30                gteRTPS
                0x0003b420                gteRTPT
                0x0003b9ac                gteMVMVA
                0x0003bd40                gteNCLIP
                0x0003bdcc                gteAVSZ3
                0x0003be90                gteAVSZ4
                0x0003bf5c                gteSQR
                0x0003c080                gteNCCS
                0x0003c500                gteNCCT
                0x0003cc44                gteNCDS
                0x0003d2cc                gteNCDT
                0x0003dc88                gteOP
                0x0003ddc4                gteDCPL
                0x0003e084                gteGPF
                0x0003e280                gteGPL
                0x0003e594                gteDPCS
                0x0003e8b0                gteDPCT
                0x0003eb6c                gteNCS
                0x0003f008                gteNCT
                0x0003f698                gteCC
                0x0003f984                gteINTPL
                0x0003fc44                gteCDP
                0x00040128                gteSQR_part_noshift
                0x00040158                gteSQR_part_shift
                0x00040194                gteOP_part_noshift
                0x000401e0                gteOP_part_shift
                0x00040238                gteDCPL_part
                0x0004034c                gteGPF_part_noshift
                0x00040384                gteGPF_part_shift
                0x000403c8                gteGPL_part_noshift
                0x000404b8                gteGPL_part_shift
                0x000405cc                gteDPCS_part_noshift
                0x000406f8                gteDPCS_part_shift
                0x000407fc                gteINTPL_part_noshift
                0x000408f4                gteINTPL_part_shift
                0x000409f8                gteMACtoRGB
 .text          0x00040ad8     0x2874 libpcsxcore/gte_nf.o
                0x00040ad8                gteRTPS_nf
                0x00040d18                gteRTPT_nf
                0x00040f80                gteMVMVA_nf
                0x000411d4                gteNCLIP_nf
                0x00041218                gteAVSZ3_nf
                0x0004124c                gteAVSZ4_nf
                0x00041288                gteSQR_nf
                0x00041338                gteNCCS_nf
                0x00041578                gteNCCT_nf
                0x00041898                gteNCDS_nf
                0x00041b58                gteNCDT_nf
                0x00041f3c                gteOP_nf
                0x00042004                gteDCPL_nf
                0x00042150                gteGPF_nf
                0x0004222c                gteGPL_nf
                0x00042384                gteDPCS_nf
                0x0004250c                gteDPCT_nf
                0x00042640                gteNCS_nf
                0x00042848                gteNCT_nf
                0x00042b30                gteCC_nf
                0x00042c98                gteINTPL_nf
                0x00042dd8                gteCDP_nf
                0x00042fc8                gteGPL_part_noshift_nf
                0x0004300c                gteGPL_part_shift_nf
                0x0004305c                gteDPCS_part_noshift_nf
                0x0004312c                gteDPCS_part_shift_nf
                0x000431d0                gteINTPL_part_noshift_nf
                0x00043268                gteINTPL_part_shift_nf
                0x0004330c                gteMACtoRGB_nf
 .text          0x0004334c       0xd8 libpcsxcore/gte_divider.o
                0x0004334c                DIVIDE
 .text          0x00043424      0x664 libpcsxcore/gte_arm.o
                0x00043424                gteRTPS_nf_arm
                0x0004359c                gteRTPT_nf_arm
                0x00043720                gteMVMVA_part_arm
                0x000437e4                gteMVMVA_part_nf_arm
                0x00043864                gteMVMVA_part_cv3sh12_arm
                0x000438dc                gteNCLIP_arm
                0x00043940                gteMACtoIR_lm0
                0x000439b0                gteMACtoIR_lm1
                0x00043a20                gteMACtoIR_lm0_nf
                0x00043a40                gteMACtoIR_lm1_nf
 .text          0x00043a88      0x6b8 libpcsxcore/gte_neon.o
                0x00043a88                gteRTPS_neon
                0x00043cd0                gteRTPT_neon
                0x0004402c                gteMVMVA_part_neon
                0x000440bc                gteMACtoIR_flags_neon
 .text          0x00044140    0x2ad74 libpcsxcore/new_dynarec/new_dynarec.o
                0x0004ad70                clear_all_regs
                0x0004ad8c                get_reg
                0x0004adcc                get_reg2
                0x0004ae1c                count_free_regs
                0x0004ae54                dirty_reg
                0x0004ae60                set_const
                0x0004ae6c                clear_const
                0x0004ae78                is_const
                0x0004ae98                get_const
                0x0004aef0                lsn
                0x0004b700                needed_again
                0x0004b8d8                loop_reg
                0x0004c9a0                alloc_all
                0x0004ca80                do_dirty_stub
                0x0004ce5c                ll_add
                0x0004ce94                ll_add_flags
                0x0004cec4                check_addr
                0x0004d030                remove_hash
                0x0004d084                ll_remove_matching_addrs
                0x0004d0e4                ll_clear
                0x0004d114                invalidate_page
                0x0004d28c                invalidate_block
                0x0004d3b4                invalidate_addr
                0x0004d5a0                invalidate_all_pages
                0x0004d630                add_link
                0x0004d684                clean_blocks
                0x0004d84c                mov_alloc
                0x0004d970                shiftimm_alloc
                0x0004deb8                shift_alloc
                0x0004ded4                alu_alloc
                0x0004ea40                imm16_alloc
                0x0004f020                load_alloc
                0x0004f2e8                store_alloc
                0x0004f428                c1ls_alloc
                0x0004f524                c2ls_alloc
                0x0004f5ec                multdiv_alloc
                0x0004f7ac                cop0_alloc
                0x0004f8e0                cop1_alloc
                0x0004fa70                float_alloc
                0x0004faa8                fconv_alloc
                0x0004faac                c2op_alloc
                0x0004fab0                fcomp_alloc
                0x0004fb04                syscall_alloc
                0x0004fb44                delayslot_alloc
                0x0004fc54                mchecksum
                0x0004fc94                rchecksum
                0x0004fcb8                rlist
                0x0004fd0c                enabletrace
                0x0004fd10                memdebug
                0x0004fe48                alu_assemble
                0x00051440                imm16_assemble
                0x00051f0c                shiftimm_assemble
                0x000528ac                load_assemble
                0x00053590                store_assemble
                0x00054054                storelr_assemble
                0x00055214                c1ls_assemble
                0x0005522c                c2ls_assemble
                0x0005576c                mov_assemble
                0x0005590c                syscall_assemble
                0x000559a8                hlecall_assemble
                0x00055a6c                intcall_assemble
                0x00055b08                ds_assemble
                0x00055cdc                internal_branch
                0x00055cf4                wb_invalidate
                0x00055f88                load_regs
                0x000560f0                address_generation
                0x00056770                load_consts
                0x00056ba8                store_regs_bt
                0x00056e80                load_regs_bt
                0x00056ec4                match_bt
                0x000571cc                ds_assemble_entry
                0x00057574                do_cc
                0x000578b8                do_ccstub
                0x00058c40                ujump_assemble
                0x00058f78                rjump_assemble
                0x00059568                cjump_assemble
                0x0005b3b8                sjump_assemble
                0x0005ca58                fjump_assemble
                0x0005d938                unneeded_registers
                0x0005f078                clean_registers
                0x000603ac                new_dynarec_clear_full
                0x00060544                new_dynarec_init
                0x0006067c                new_dynarec_cleanup
                0x00060738                new_dynarec_save_blocks
                0x00060900                new_recompile_block
                0x0006ebb0                get_addr
                0x0006ed98                get_addr_ht
                0x0006edd8                new_dynarec_load_blocks
 .text          0x0006eeb4      0x914 libpcsxcore/new_dynarec/linkage_arm.o
                0x0006eeb4                dyna_linker
                0x0006eff0                exec_pagefault
                0x0006f038                dyna_linker_ds
                0x0006f184                jump_vaddr_r0
                0x0006f18c                jump_vaddr_r1
                0x0006f198                jump_vaddr_r2
                0x0006f1a4                jump_vaddr_r3
                0x0006f1b0                jump_vaddr_r4
                0x0006f1bc                jump_vaddr_r5
                0x0006f1c8                jump_vaddr_r6
                0x0006f1d4                jump_vaddr_r8
                0x0006f1e0                jump_vaddr_r9
                0x0006f1ec                jump_vaddr_r10
                0x0006f1f8                jump_vaddr_r12
                0x0006f204                jump_vaddr_r7
                0x0006f20c                jump_vaddr
                0x0006f244                verify_code_ds
                0x0006f248                verify_code_vm
                0x0006f248                verify_code
                0x0006f2ac                cc_interrupt
                0x0006f33c                do_interrupt
                0x0006f34c                fp_exception
                0x0006f378                fp_exception_ds
                0x0006f380                jump_syscall
                0x0006f3a8                jump_syscall_hle
                0x0006f3e0                jump_hlecall
                0x0006f3f8                jump_intcall
                0x0006f410                new_dyna_leave
                0x0006f424                invalidate_addr_r0
                0x0006f42c                invalidate_addr_r1
                0x0006f438                invalidate_addr_r2
                0x0006f444                invalidate_addr_r3
                0x0006f450                invalidate_addr_r4
                0x0006f45c                invalidate_addr_r5
                0x0006f468                invalidate_addr_r6
                0x0006f474                invalidate_addr_r7
                0x0006f480                invalidate_addr_r8
                0x0006f48c                invalidate_addr_r9
                0x0006f498                invalidate_addr_r10
                0x0006f4a4                invalidate_addr_r12
                0x0006f4c4                new_dyna_start
                0x0006f4ec                jump_handler_read8
                0x0006f518                jump_handler_read16
                0x0006f548                jump_handler_read32
                0x0006f570                jump_handler_write8
                0x0006f5c0                jump_handler_write16
                0x0006f614                jump_handler_write32
                0x0006f660                jump_handler_write_h
                0x0006f690                jump_handle_swl
                0x0006f6f8                jump_handle_swr
                0x0006f748                rcnt0_read_count_m0
                0x0006f75c                rcnt1_read_count_m0
                0x0006f770                rcnt2_read_count_m0
                0x0006f784                rcnt0_read_count_m1
                0x0006f79c                rcnt1_read_count_m1
                0x0006f7b4                rcnt2_read_count_m1
 .text          0x0006f7c8     0x1584 libpcsxcore/new_dynarec/pcsxmem.o
                0x000700e8                read_mem_dummy
                0x000700f0                new_dyna_pcsx_mem_load_state
                0x00070118                pcsxmem_is_handler_dynamic
                0x0007015c                new_dyna_pcsx_mem_init
                0x00070c74                new_dyna_pcsx_mem_reset
                0x00070d18                new_dyna_pcsx_mem_shutdown
 .text          0x00070d4c      0x700 libpcsxcore/new_dynarec/emu_if.o
                0x00071108                gen_interupt
                0x00071118                pcsx_mtc0
                0x00071154                pcsx_mtc0_ds
                0x00071158                new_dyna_before_save
                0x00071170                new_dyna_after_save
                0x00071188                new_dyna_freeze
                0x00071384                new_dyna_freeze_data
                0x00071444                do_insn_trace
                0x00071448                do_insn_cmp
 .text          0x0007144c      0x154 plugins/dfsound/dma.o
                0x0007144c                SPUreadDMA
                0x00071474                SPUreadDMAMem
                0x000714d0                SPUwriteDMA
                0x00071500                SPUwriteDMAMem
 .text          0x000715a0      0x860 plugins/dfsound/freeze.o
                0x000715a0                LoadStateV5
                0x000717e4                LoadStateUnknown
                0x0007186c                SPUfreeze
 .text          0x00071e00      0xf7c plugins/dfsound/registers.o
                0x00071f58                SPUwriteRegister
                0x00072c2c                SPUreadRegister
 *fill*         0x00072d7c        0x4 
 .text          0x00072d80     0x476c plugins/dfsound/spu.o
                0x00074434                InitADSR
                0x000744f0                schedule_next_irq
                0x00074654                SPUupdate
                0x00074658                SPUplayADPCMchannel
                0x000753b4                SPUplayCDDAchannel
                0x00075480                ClearWorkingState
                0x000754ac                SPUResetStream
                0x000754c0                SPUinit
                0x00075640                SPUopen
                0x00075670                SPUclose
                0x0007569c                SPUshutdown
                0x00075754                SPUtest
                0x0007575c                SPUconfigure
                0x00075764                SPUabout
                0x00075768                SPUregisterCallback
                0x00075778                SPUregisterCDDAVolume
                0x00075788                SPUregisterScheduleCb
                0x00075798                spu_get_debug_info
                0x00075870                detect_pi
                0x000759bc                SPUfadein
                0x00075a70                SPUenableRvbConfig
                0x00075adc                SPUisRvbConfigEnabled
                0x00076084                do_samples
                0x00077004                SPUasync
 .text          0x000774ec       0xd4 plugins/dfsound/out.o
                0x000774ec                SetupSound
 .text          0x000775c0       0x54 plugins/dfsound/nullsnd.o
                0x000775d8                out_register_none
 .text          0x00077614       0xe8 plugins/dfsound/arm_utils.o
                0x00077614                mix_chan
                0x00077678                mix_chan_rvb
 *fill*         0x000776fc        0x4 
 .text          0x00077700      0x39c plugins/dfsound/sdl.o
                0x00077a50                SOUND_isPlaying
                0x00077a60                out_register_sdl
 .text          0x00077a9c     0x1f40 plugins/gpulib/gpu.o
                0x000789d8                GPUsetPatchFlag
                0x00078a30                GPUinit
                0x00078a90                GPUshutdown
                0x00078b14                GPUwriteStatus
                0x00078d2c                GPUwriteDataMem
                0x00078d64                GPUwriteData
                0x00078d8c                GPUdmaChain
                0x00079490                GPUreadDataMem
                0x000794e0                GPUreadData
                0x00079534                GPUreadStatus
                0x00079560                GPUfreeze
                0x00079744                GPUupdateLace
                0x0007985c                GPUvBlank
                0x00079900                GPUrearmedCallbacks
                0x000799bc                GPUboStatus
 .text          0x000799dc      0x3d0 plugins/gpulib/vout_pl.o
                0x00079ac0                vout_init
                0x00079ac8                vout_finish
                0x00079ad0                vout_update
                0x00079ccc                vout_blank
                0x00079d30                GPUopen
                0x00079d7c                GPUclose
                0x00079d9c                vout_set_config
 *fill*         0x00079dac        0x4 
 .text          0x00079db0    0x1243c plugins/gpu_neon/psx_gpu_if.o
                0x00079db0                shade_blocks_shaded_untextured
                0x0007a06c                triangle_signed_area_x2
                0x0007a094                texture_region_mask
                0x0007a3a8                invalidate_texture_cache_region
                0x0007a3f0                invalidate_texture_cache_region_viewport
                0x0007a440                update_texture_cache_region
                0x0007a54c                update_texture_8bpp_cache
                0x0007a5b8                flush_render_block_buffer
                0x0007b1ac                render_triangle
                0x0007b1e4                setup_sprite_untextured_simple
                0x0007b2f0                render_sprite
                0x0007b4ac                render_line
                0x000884ec                render_block_fill
                0x00088508                render_block_fill_enh
                0x00088524                render_block_copy
                0x00088608                render_block_move
                0x00088644                initialize_reciprocal_table
                0x00088694                initialize_psx_gpu
                0x000887d4                get_us
                0x00088808                get_counter
                0x00088810                init_counter
                0x0008882c                triangle_benchmark
                0x000888d0                render_sprite_4x
                0x00088a54                update_texture_ptr
                0x00088b30                set_texture
                0x00088be0                set_clut
                0x00088bf4                set_triangle_color
                0x00088c18                gpu_parse
                0x0008a160                gpu_parse_enhanced
                0x0008beac                do_cmd_list
                0x0008bf1c                renderer_init
                0x0008bf8c                renderer_finish
                0x0008bfe0                renderer_sync_ecmds
                0x0008bff8                renderer_update_caches
                0x0008c07c                renderer_flush_queues
                0x0008c088                renderer_set_interlace
                0x0008c0b8                renderer_notify_res_change
                0x0008c124                renderer_set_config
 *fill*         0x0008c1ec        0x4 
 .text          0x0008c1f0    0x12820 plugins/gpu_neon/psx_gpu/psx_gpu_arm_neon.o
                0x0008c1f0                compute_all_gradients
                0x0008c3fc                setup_spans_up_left
                0x0008c664                setup_spans_up_right
                0x0008c8cc                setup_spans_down_left
                0x0008cb1c                setup_spans_down_right
                0x0008cd6c                setup_spans_up_a
                0x0008cf3c                setup_spans_up_b
                0x0008d10c                setup_spans_down_a
                0x0008d2d0                setup_spans_down_b
                0x0008d494                setup_spans_up_down
                0x0008d868                setup_blocks_shaded_textured_dithered_swizzled_indirect
                0x0008db20                setup_blocks_shaded_textured_dithered_unswizzled_indirect
                0x0008ddc0                setup_blocks_unshaded_textured_dithered_swizzled_indirect
                0x0008dfa8                setup_blocks_unshaded_textured_dithered_unswizzled_indirect
                0x0008e178                setup_blocks_unshaded_untextured_undithered_unswizzled_indirect
                0x0008e280                setup_blocks_unshaded_untextured_undithered_unswizzled_direct
                0x0008e338                setup_blocks_shaded_untextured_undithered_unswizzled_indirect
                0x0008e570                setup_blocks_shaded_untextured_dithered_unswizzled_indirect
                0x0008e7c8                setup_blocks_shaded_untextured_undithered_unswizzled_direct
                0x0008ea18                setup_blocks_shaded_untextured_dithered_unswizzled_direct
                0x0008ec88                texture_blocks_untextured
                0x0008ec90                texture_blocks_4bpp
                0x0008ed50                texture_blocks_8bpp
                0x0008ee30                texture_blocks_16bpp
                0x0008ef28                shade_blocks_shaded_textured_modulated_dithered_direct
                0x0008f080                shade_blocks_shaded_textured_modulated_undithered_direct
                0x0008f1c8                shade_blocks_unshaded_textured_modulated_dithered_direct
                0x0008f338                shade_blocks_unshaded_textured_modulated_undithered_direct
                0x0008f4a8                shade_blocks_shaded_textured_modulated_dithered_indirect
                0x0008f5e0                shade_blocks_shaded_textured_modulated_undithered_indirect
                0x0008f708                shade_blocks_unshaded_textured_modulated_dithered_indirect
                0x0008f860                shade_blocks_unshaded_textured_modulated_undithered_indirect
                0x0008f9c0                shade_blocks_textured_unmodulated_indirect
                0x0008fa30                shade_blocks_textured_unmodulated_direct
                0x0008fae0                shade_blocks_unshaded_untextured_indirect
                0x0008fae8                shade_blocks_unshaded_untextured_direct
                0x0008fb70                blend_blocks_textured_average_off
                0x0008fc78                blend_blocks_untextured_average_off
                0x0008fd68                blend_blocks_textured_average_on
                0x0008fe78                blend_blocks_untextured_average_on
                0x0008ff70                blend_blocks_textured_add_off
                0x00090080                blend_blocks_textured_add_on
                0x000901a8                blend_blocks_untextured_add_off
                0x00090290                blend_blocks_untextured_add_on
                0x00090390                blend_blocks_textured_subtract_off
                0x00090490                blend_blocks_textured_subtract_on
                0x000905a0                blend_blocks_untextured_subtract_off
                0x00090688                blend_blocks_untextured_subtract_on
                0x00090780                blend_blocks_textured_add_fourth_off
                0x00090890                blend_blocks_textured_add_fourth_on
                0x000909b8                blend_blocks_untextured_add_fourth_off
                0x00090ab8                blend_blocks_untextured_add_fourth_on
                0x00090bd0                blend_blocks_textured_unblended_on
                0x00090c48                blend_blocks_textured_unblended_off
                0x00090c4c                warmup
                0x00090c68                render_block_fill_body
                0x00092f10                setup_sprite_4bpp
                0x000950e0                setup_sprite_8bpp
                0x00099c90                setup_sprite_4bpp_4x
                0x0009e0d0                setup_sprite_8bpp_4x
                0x0009e1d4                texture_sprite_blocks_8bpp
                0x0009e284                setup_sprite_16bpp
                0x0009e418                setup_sprite_16bpp_4x
                0x0009e740                setup_sprite_untextured
                0x0009e838                update_texture_4bpp_cache
                0x0009e8fc                update_texture_8bpp_cache_slice
                0x0009e9a4                scale2x_tiles8
 .text          0x0009ea10      0xcb0 plugins/cdrcimg/cdrcimg.o
                0x0009f270                uncompressPSC
                0x0009f650                cdrcimg_set_fname
                0x0009f660                cdrcimg_get_sym
 .text          0x0009f6c0      0x150 plugins/dfinput/main.o
                0x0009f6c0                dfinput_activate
 .text          0x0009f810      0x584 plugins/dfinput/pad.o
                0x0009f810                PADpoll_pad
                0x0009fcc4                PADstartPoll_pad
                0x0009fd1c                pad_init
 .text          0x0009fd94      0x1b8 plugins/dfinput/guncon.o
                0x0009fd94                PADpoll_guncon
                0x0009fdfc                PADstartPoll_guncon
                0x0009ff30                guncon_init
 .text          0x0009ff4c      0x47c frontend/cspace.o
                0x0009ff4c                bgr555_to_rgb565_without_neon
                0x0009ffb0                bgr_to_uyvy_init
                0x000a009c                rgb565_to_uyvy
                0x000a01a0                bgr555_to_uyvy
                0x000a02a4                bgr888_to_uyvy
 .text          0x000a03c8      0x2c8 frontend/cspace_neon.o
                0x000a03c8                bgr555_to_rgb565
                0x000a048c                bgr555_to_rgb565_b
                0x000a059c                bgr888_to_rgb888
                0x000a05d8                bgr888_to_rgb565
                0x000a0634                rgb888_to_rgb565
 .text          0x000a0690      0xd38 frontend/libpicofe/in_sdl.o
                0x000a136c                in_sdl_init
 .text          0x000a13c8      0x950 frontend/libpicofe/plat_sdl.o
                0x000a13c8                plat_sdl_change_video_mode
                0x000a16f8                plat_sdl_event_handler
                0x000a1738                plat_sdl_init
                0x000a1c5c                plat_sdl_finish
                0x000a1d0c                plat_sdl_overlay_clear
 .text          0x000a1d18       0x10 frontend/libpicofe/plat_dummy.o
                0x000a1d18                plat_target_init
                0x000a1d20                plat_target_finish
                0x000a1d24                plat_target_setup_input
 .text          0x000a1d28      0xcec frontend/libpicofe/linux/in_evdev.o
                0x000a29c8                in_evdev_init
 .text          0x000a2a14      0x8f0 frontend/plat_sdl.o
                0x000a2aac                plat_init
                0x000a2c10                plat_finish
                0x000a2c4c                plat_gvideo_open
                0x000a2c50                plat_gvideo_set_mode
                0x000a2d18                plat_gvideo_flip
                0x000a2dc8                plat_gvideo_close
                0x000a2dcc                plat_video_menu_enter
                0x000a310c                plat_video_menu_begin
                0x000a31c8                plat_video_menu_end
                0x000a32d8                plat_video_menu_leave
                0x000a32f4                plat_prepare_screenshot
                0x000a32fc                plat_trigger_vibrate
                0x000a3300                plat_minimize
 .text          0x000a3304      0x5ac frontend/libpicofe/gl.o
                0x000a3344                gl_init
                0x000a36a0                gl_flip
                0x000a3840                gl_finish
 .text          0x000a38b0       0xc0 frontend/libpicofe/gl_platform.o
                0x000a38b0                gl_setup_wl_information
                0x000a38e4                gl_platform_init
                0x000a396c                gl_platform_finish
 .text          0x000a3970     0x1efc frontend/plugin_lib.o
                0x000a4e50                set_scenes
                0x000a4e60                change_frame_Motionjpeg
                0x000a4e9c                set_bo_trg
                0x000a4f4c                paint_black
                0x000a4f74                pl_prepare_screenshot
                0x000a4ffc                pl_switch_dispmode
                0x000a505c                pl_update_gun
                0x000a5078                pl_frame_limit
                0x000a566c                pl_timing_prepare
                0x000a5788                pl_start_watchdog
                0x000a57e4                pl_init
 .text          0x000a586c      0x644 frontend/libpicofe/linux/plat.o
                0x000a58fc                plat_is_dir
                0x000a5920                plat_get_skin_dir
                0x000a595c                plat_get_root_dir
                0x000a59d8                plat_get_ticks_ms
                0x000a5a10                plat_get_ticks_us
                0x000a5a3c                plat_sleep_ms
                0x000a5a48                plat_wait_event
                0x000a5bc4                plat_mmap
                0x000a5d44                plat_mremap
                0x000a5d8c                plat_munmap
                0x000a5e18                plat_mem_set_exec
                0x000a5e74                lprintf
 .text          0x000a5eb0      0x8a8 frontend/libpicofe/readpng.o
                0x000a5eb0                readpng
                0x000a64b8                writepng
 .text          0x000a6758      0x258 frontend/libpicofe/fonts.o
                0x000a6758                basic_text_out16_nf
                0x000a6858                basic_text_out_uyvy_nf
                0x000a6958                basic_text_out16
 .text          0x000a69b0     0x1860 frontend/libpicofe/arm/neon_scale2x.o
                0x000a69b0                neon_scale2x_8_8
                0x000a6dcc                neon_scale2x_16_16
                0x000a7510                neon_scale2x_8_16
 .text          0x000a8210     0x1be8 frontend/libpicofe/arm/neon_eagle2x.o
                0x000a8210                neon_eagle2x_8_8
                0x000a8784                neon_eagle2x_16_16
                0x000a8fe4                neon_eagle2x_8_16
 .text          0x000a9df8     0x80e0 frontend/menu.o
                0x000abb28                emu_make_path
                0x000abb90                config_change
                0x000acf34                text_out16
                0x000af4b0                menu_init_base
                0x000af854                show_text_image
                0x000af950                menu_init
                0x000b00d0                menu_notify_mode_change
                0x000b00e0                menu_prepare_emu
                0x000b01f4                menu_loop
                0x000b0484                menu_update_msg
                0x000b0660                swap_cd
                0x000b1330                menu_finish
                0x000b135c                make_file_name
 .text          0x000b1ed8     0x1910 frontend/libpicofe/input.o
                0x000b1fa0                in_register
                0x000b2204                in_combos_find
                0x000b2298                in_combos_do
                0x000b235c                in_update
                0x000b23e8                in_update_analog
                0x000b2434                in_update_keycode
                0x000b2750                in_menu_wait_any
                0x000b27cc                in_menu_wait
                0x000b28ac                in_get_dev_binds
                0x000b28c8                in_get_dev_def_binds
                0x000b28f8                in_get_config
                0x000b29a4                in_set_config
                0x000b2b08                in_get_dev_name
                0x000b2b70                in_name_to_id
                0x000b2be0                in_get_key_name
                0x000b2d10                in_get_key_code
                0x000b2d90                in_bind_key
                0x000b2ebc                in_unbind_all
                0x000b2f70                in_config_parse_dev
                0x000b313c                in_config_bind_key
                0x000b3330                in_clean_binds
                0x000b33c0                in_debug_dump
                0x000b3470                in_probe
                0x000b362c                in_register_driver
                0x000b379c                in_init
                0x000b37cc                bIsValidHotPlugEvent
 .text          0x000b37e8     0x2134 frontend/main.o
                0x000b3e70                set_cd_image
                0x000b3f30                emu_set_default_config
                0x000b4020                emu_core_preinit
                0x000b40a0                emu_core_ask_exit
                0x000b40c0                SysRunGui
                0x000b40cc                SysReset
                0x000b412c                SysClose
                0x000b4188                SysUpdate
                0x000b418c                get_state_filename
                0x000b419c                emu_check_state
                0x000b41d4                emu_load_state
                0x000b421c                SysPrintf
                0x000b46e0                emu_on_new_cd
                0x000b4738                emu_core_init
                0x000b488c                emu_auto_save_state
                0x000b48fc                emu_save_state
                0x000b496c                SysMessage
                0x000b4ef4                OpenPlugins
                0x000b4f34                ClosePlugins
                0x000b5018                SysLoadLibrary
                0x000b50e0                SysLoadSym
                0x000b50fc                SysLibError
                0x000b5100                SysCloseLibrary
                0x000b5114                create_power_off_thread
                0x000b518c                power_off
                0x000b51f8                do_emu_action
                0x000b58cc                begin_watch_cpu_temperature
 .text          0x000b591c      0x148 frontend/plugin.o
                0x000b59b8                plugin_link
                0x000b5a30                plugin_call_rearmed_cbs
 .text          0x000b5a64       0x3c /usr/lib/gcc/arm-linux-gnueabihf/6/libgcc.a(_aeabi_uldivmod.o)
                0x000b5a64                __aeabi_uldivmod
 .text          0x000b5aa0       0x10 /usr/lib/gcc/arm-linux-gnueabihf/6/libgcc.a(_dvmd_lnx.o)
                0x000b5aa0                __aeabi_idiv0
                0x000b5aa0                __aeabi_ldiv0
 .text          0x000b5ab0       0x1c /usr/lib/gcc/arm-linux-gnueabihf/6/libgcc.a(_clear_cache.o)
                0x000b5ab0                __clear_cache
 .text          0x000b5acc      0x128 /usr/lib/gcc/arm-linux-gnueabihf/6/libgcc.a(_udivmoddi4.o)
                0x000b5acc                __udivmoddi4
 .text          0x000b5bf4       0x64 /usr/lib/arm-linux-gnueabihf/libc_nonshared.a(elf-init.oS)
                0x000b5bf4                __libc_csu_init
                0x000b5c54                __libc_csu_fini
 .text          0x000b5c58        0x0 /usr/lib/gcc/arm-linux-gnueabihf/6/crtend.o
 .text          0x000b5c58        0x0 /usr/lib/gcc/arm-linux-gnueabihf/6/../../../arm-linux-gnueabihf/crtn.o
 *(.gnu.warning)
 *(.glue_7t)
 .glue_7t       0x000b5c58        0x0 linker stubs
 *(.glue_7)
 .glue_7        0x000b5c58        0x0 linker stubs
 *(.vfp11_veneer)
 .vfp11_veneer  0x000b5c58        0x0 linker stubs
 *(.v4_bx)
 .v4_bx         0x000b5c58        0x0 linker stubs

.fini           0x000b5c58        0x8
 *(SORT(.fini))
 .fini          0x000b5c58        0x4 /usr/lib/gcc/arm-linux-gnueabihf/6/../../../arm-linux-gnueabihf/crti.o
                0x000b5c58                _fini
 .fini          0x000b5c5c        0x4 /usr/lib/gcc/arm-linux-gnueabihf/6/../../../arm-linux-gnueabihf/crtn.o
                [!provide]                PROVIDE (__etext, .)
                [!provide]                PROVIDE (_etext, .)
                [!provide]                PROVIDE (etext, .)

.rodata         0x000b5c60    0x43858
 *(.rodata .rodata.* .gnu.linkonce.r.*)
 .rodata.cst4   0x000b5c60        0x4 /usr/lib/gcc/arm-linux-gnueabihf/6/../../../arm-linux-gnueabihf/crt1.o
                0x000b5c60                _IO_stdin_used
 .rodata        0x000b5c64       0x10 libpcsxcore/cdriso.o
 .rodata.str1.4
                0x000b5c74      0x4f5 libpcsxcore/cdriso.o
                                0x519 (size before relaxing)
 *fill*         0x000b6169        0x3 
 .rodata        0x000b616c       0x90 libpcsxcore/cdrom.o
 .rodata.str1.4
                0x000b61fc      0x16b libpcsxcore/cdrom.o
 *fill*         0x000b6367        0x1 
 .rodata.str1.4
                0x000b6368       0x5f libpcsxcore/cheat.o
                                 0x67 (size before relaxing)
 *fill*         0x000b63c7        0x1 
 .rodata.str1.4
                0x000b63c8      0xce7 libpcsxcore/debug.o
                                0xcef (size before relaxing)
 *fill*         0x000b70af        0x1 
 .rodata        0x000b70b0       0x30 libpcsxcore/decode_xa.o
 .rodata        0x000b70e0       0x80 libpcsxcore/disr3000a.o
 .rodata.str1.4
                0x000b7160      0x43b libpcsxcore/disr3000a.o
                                0x44f (size before relaxing)
 *fill*         0x000b759b        0x1 
 .rodata        0x000b759c      0x200 libpcsxcore/mdec.o
 .rodata        0x000b779c      0x6aa libpcsxcore/misc.o
 *fill*         0x000b7e46        0x2 
 .rodata.str1.4
                0x000b7e48      0x912 libpcsxcore/misc.o
                                0x932 (size before relaxing)
 *fill*         0x000b875a        0x2 
 .rodata.str1.4
                0x000b875c      0x6fd libpcsxcore/plugins.o
                                0x701 (size before relaxing)
 *fill*         0x000b8e59        0x3 
 .rodata.str1.4
                0x000b8e5c       0x72 libpcsxcore/ppf.o
                                 0x7e (size before relaxing)
 *fill*         0x000b8ece        0x2 
 .rodata        0x000b8ed0     0xdaab libpcsxcore/psxbios.o
                0x000b9100                font_8140
                0x000ba38c                font_889f
 *fill*         0x000c697b        0x1 
 .rodata.str1.4
                0x000c697c      0xe9c libpcsxcore/psxbios.o
                                0xeb8 (size before relaxing)
 .rodata        0x000c7818        0x8 libpcsxcore/psxcounters.o
 .rodata.str1.4
                0x000c7820       0x4d libpcsxcore/psxhle.o
 *fill*         0x000c786d        0x3 
 .rodata.str1.4
                0x000c7870       0x91 libpcsxcore/psxmem.o
                                 0x9d (size before relaxing)
 *fill*         0x000c7901        0x3 
 .rodata.str1.4
                0x000c7904       0x37 libpcsxcore/r3000a.o
                                 0x3b (size before relaxing)
 *fill*         0x000c793b        0x1 
 .rodata.str1.4
                0x000c793c       0xa4 libpcsxcore/sio.o
                                 0xac (size before relaxing)
 .rodata.str1.4
                0x000c79e0       0x26 libpcsxcore/socket.o
                                 0x2f (size before relaxing)
 *fill*         0x000c7a06        0x2 
 .rodata        0x000c7a08    0x10000 libpcsxcore/gte_divider.o
 .rodata        0x000d7a08       0x80 libpcsxcore/new_dynarec/new_dynarec.o
                0x000d7a08                invalidate_addr_reg
                0x000d7a48                jump_vaddr_reg
 .rodata.str1.4
                0x000d7a88      0x786 libpcsxcore/new_dynarec/new_dynarec.o
                                0x91e (size before relaxing)
 *fill*         0x000d820e        0x2 
 .rodata.str1.4
                0x000d8210       0x56 libpcsxcore/new_dynarec/pcsxmem.o
 *fill*         0x000d8266        0x2 
 .rodata        0x000d8268      0x480 libpcsxcore/new_dynarec/emu_if.o
                0x000d82a8                gte_reg_writes
                0x000d84a8                gte_reg_reads
                0x000d86a8                gte_cycletab
 .rodata.str1.4
                0x000d86e8       0x83 libpcsxcore/new_dynarec/emu_if.o
                                0x111 (size before relaxing)
 *fill*         0x000d876b        0x1 
 .rodata.str1.4
                0x000d876c        0x6 plugins/dfsound/freeze.o
 *fill*         0x000d8772        0x2 
 .rodata        0x000d8774       0x20 plugins/dfsound/registers.o
 .rodata        0x000d8794      0x880 plugins/dfsound/spu.o
 .rodata.str1.4
                0x000d9014       0x3c plugins/dfsound/out.o
 .rodata.str1.4
                0x000d9050        0x5 plugins/dfsound/nullsnd.o
 .rodata.str1.4
                0x000d9050        0x4 plugins/dfsound/sdl.o
 .rodata        0x000d9054      0x128 plugins/gpulib/gpu.o
                0x000d9054                cmd_lengths
 .rodata.str1.4
                0x000d917c       0x24 plugins/gpulib/gpu.o
 .rodata        0x000d91a0       0x10 plugins/gpu_neon/psx_gpu_if.o
 .rodata.str1.4
                0x000d91b0    0x1963a plugins/gpu_neon/psx_gpu_if.o
 *fill*         0x000f27ea        0x2 
 .rodata        0x000f27ec       0x60 plugins/cdrcimg/cdrcimg.o
 .rodata.str1.4
                0x000f284c      0x41e plugins/cdrcimg/cdrcimg.o
                                0x4c1 (size before relaxing)
 *fill*         0x000f2c6a        0x2 
 .rodata        0x000f2c6c      0x424 frontend/libpicofe/in_sdl.o
 .rodata.str1.4
                0x000f3090      0x26e frontend/libpicofe/in_sdl.o
                                0x32e (size before relaxing)
 *fill*         0x000f32fe        0x2 
 .rodata.str1.4
                0x000f3300      0x791 frontend/libpicofe/plat_sdl.o
 *fill*         0x000f3a91        0x3 
 .rodata        0x000f3a94      0xc3c frontend/libpicofe/linux/in_evdev.o
 .rodata.str1.4
                0x000f46d0      0x54b frontend/libpicofe/linux/in_evdev.o
                                0x623 (size before relaxing)
 *fill*         0x000f4c1b        0x1 
 .rodata        0x000f4c1c       0xdc frontend/plat_sdl.o
                0x000f4c4c                in_sdl_joy_map_2
                0x000f4c6c                in_sdl_joy_map_1
                0x000f4c8c                in_sdl_key_map
 .rodata.str1.4
                0x000f4cf8      0x3b4 frontend/plat_sdl.o
                                0x3bc (size before relaxing)
 .rodata.str1.4
                0x000f50ac      0x15f frontend/libpicofe/gl.o
                                0x16f (size before relaxing)
 *fill*         0x000f520b        0x1 
 .rodata.str1.4
                0x000f520c       0xae frontend/libpicofe/gl_platform.o
 *fill*         0x000f52ba        0x2 
 .rodata        0x000f52bc       0x38 frontend/plugin_lib.o
 .rodata.str1.4
                0x000f52f4      0x13e frontend/plugin_lib.o
 *fill*         0x000f5432        0x2 
 .rodata.str1.4
                0x000f5434      0x116 frontend/libpicofe/linux/plat.o
                                0x126 (size before relaxing)
 *fill*         0x000f554a        0x2 
 .rodata.str1.4
                0x000f554c      0x32f frontend/libpicofe/readpng.o
                                0x337 (size before relaxing)
 *fill*         0x000f587b        0x1 
 .rodata        0x000f587c      0xf6a frontend/menu.o
 *fill*         0x000f67e6        0x2 
 .rodata.str1.4
                0x000f67e8     0x1cfc frontend/menu.o
                               0x1da0 (size before relaxing)
 .rodata.str1.4
                0x000f84e4      0x1eb frontend/libpicofe/input.o
 *fill*         0x000f86cf        0x1 
 .rodata        0x000f86d0       0x28 frontend/main.o
 .rodata.str1.4
                0x000f86f8      0xaa0 frontend/main.o
                                0xbae (size before relaxing)
 .rodata        0x000f9198      0x30c frontend/plugin.o
 .rodata.str1.4
                0x000f94a4       0x14 frontend/plugin.o
                                0x373 (size before relaxing)

.rodata1
 *(.rodata1)

.ARM.extab      0x000f94b8        0x0
 *(.ARM.extab* .gnu.linkonce.armextab.*)
 .ARM.extab     0x000f94b8        0x0 /usr/lib/gcc/arm-linux-gnueabihf/6/../../../arm-linux-gnueabihf/crt1.o
 .ARM.extab     0x000f94b8        0x0 /usr/lib/gcc/arm-linux-gnueabihf/6/libgcc.a(_udivmoddi4.o)
                [!provide]                PROVIDE (__exidx_start, .)

.ARM.exidx      0x000f94b8        0x8
 *(.ARM.exidx* .gnu.linkonce.armexidx.*)