Archive member included to satisfy reference by file (symbol)

/usr/lib/gcc/arm-linux-gnueabihf/6/libgcc.a(_udivsi3.o)
                              libpcsxcore/cdriso.o (__aeabi_uidiv)
/usr/lib/gcc/arm-linux-gnueabihf/6/libgcc.a(_divsi3.o)
                              libpcsxcore/psxinterpreter.o (__aeabi_idiv)
/usr/lib/gcc/arm-linux-gnueabihf/6/libgcc.a(_aeabi_uldivmod.o)
                              libpcsxcore/cdriso.o (__aeabi_uldivmod)
/usr/lib/gcc/arm-linux-gnueabihf/6/libgcc.a(_dvmd_lnx.o)
                              /usr/lib/gcc/arm-linux-gnueabihf/6/libgcc.a(_aeabi_uldivmod.o) (__aeabi_ldiv0)
/usr/lib/gcc/arm-linux-gnueabihf/6/libgcc.a(_clear_cache.o)
                              libpcsxcore/new_dynarec/new_dynarec.o (__clear_cache)
/usr/lib/gcc/arm-linux-gnueabihf/6/libgcc.a(_udivmoddi4.o)
                              /usr/lib/gcc/arm-linux-gnueabihf/6/libgcc.a(_aeabi_uldivmod.o) (__udivmoddi4)
/usr/lib/arm-linux-gnueabihf/libc_nonshared.a(elf-init.oS)
                              /usr/lib/gcc/arm-linux-gnueabihf/6/../../../arm-linux-gnueabihf/crt1.o (__libc_csu_init)

Allocating common symbols
Common symbol       size              file

CDR_getBuffer       0x4               libpcsxcore/plugins.o
gl_es_display       0x4               frontend/libpicofe/gl.o
PAD1_startPoll      0x4               libpcsxcore/plugins.o
psxUnmapHook        0x4               libpcsxcore/psxmem.o
Config              0xd0e             libpcsxcore/psxcommon.o
plat_sdl_screen     0x4               frontend/libpicofe/plat_sdl.o
sdl2_window         0x4               frontend/libpicofe/plat_sdl.o
PAD1_setSensitive   0x4               libpcsxcore/plugins.o
PAD2_setSensitive   0x4               libpcsxcore/plugins.o
GPU_displayText     0x4               libpcsxcore/plugins.o
biosB0              0x400             libpcsxcore/psxbios.o
PAD2_close          0x4               libpcsxcore/plugins.o
NET_recvPadData     0x4               libpcsxcore/plugins.o
PAD1_init           0x4               libpcsxcore/plugins.o
SPU_configure       0x4               libpcsxcore/plugins.o
PAD2_query          0x4               libpcsxcore/plugins.o
g_layer_w           0x4               frontend/plugin_lib.o
PAD1_about          0x4               libpcsxcore/plugins.o
PAD2_startPoll      0x4               libpcsxcore/plugins.o
PAD2_keypressed     0x4               libpcsxcore/plugins.o
GPU_setPatchFlag    0x4               libpcsxcore/plugins.o
SPU_async           0x4               libpcsxcore/plugins.o
CDR_getStatus       0x4               libpcsxcore/plugins.o
GPU_readData        0x4               libpcsxcore/plugins.o
NET_open            0x4               libpcsxcore/plugins.o
GPU_about           0x4               libpcsxcore/plugins.o
in_state_gun        0x4               frontend/plugin_lib.o
CDR_configure       0x4               libpcsxcore/plugins.o
NET_sendData        0x4               libpcsxcore/plugins.o
CDR_getDriveLetter  0x4               libpcsxcore/plugins.o
GPU_configure       0x4               libpcsxcore/plugins.o
GPU_writeDataMem    0x4               libpcsxcore/plugins.o
PAD1_poll           0x4               libpcsxcore/plugins.o
SPU_enableRvbConfig
                    0x4               libpcsxcore/plugins.o
in_evdev_allow_abs_only
                    0x4               frontend/libpicofe/linux/in_evdev.o
NET_setInfo         0x4               libpcsxcore/plugins.o
g_opts              0x4               frontend/menu.o
SPU_open            0x4               libpcsxcore/plugins.o
SPU_playSample      0x4               libpcsxcore/plugins.o
cdrIsoMultidiskSelect
                    0x4               libpcsxcore/cdriso.o
SPU_shutdown        0x4               libpcsxcore/plugins.o
SPU_registerCallback
                    0x4               libpcsxcore/plugins.o
gte_handlers        0x100             libpcsxcore/new_dynarec/emu_if.o
out                 0x4               libpcsxcore/new_dynarec/new_dynarec.o
scanlines           0x4               frontend/menu.o
CDR_test            0x4               libpcsxcore/plugins.o
GPU_init            0x4               libpcsxcore/plugins.o
padd1               0x66              libpcsxcore/plugins.o
vertexes            0x40              plugins/gpu_neon/psx_gpu_if.o
g_menuscreen_h      0x4               frontend/menu.o
jump_in             0x4000            libpcsxcore/new_dynarec/new_dynarec.o
biosC0              0x400             libpcsxcore/psxbios.o
PAD1_shutdown       0x4               libpcsxcore/plugins.o
PAD1_open           0x4               libpcsxcore/plugins.o
GPU_vBlank          0x4               libpcsxcore/plugins.o
Mcd2Data            0x20000           libpcsxcore/sio.o
SPU_playCDDAchannel
                    0x4               libpcsxcore/plugins.o
SPU_fadein          0x4               libpcsxcore/plugins.o
NET_configure       0x4               libpcsxcore/plugins.o
ok_image            0x80              frontend/main.o
GPU_getScreenPic    0x4               libpcsxcore/plugins.o
[...]
Memory Configuration

Name             Origin             Length             Attributes
*default*        0x00000000         0xffffffff

Linker script and memory map

LOAD /usr/lib/gcc/arm-linux-gnueabihf/6/../../../arm-linux-gnueabihf/crt1.o
LOAD /usr/lib/gcc/arm-linux-gnueabihf/6/../../../arm-linux-gnueabihf/crti.o
LOAD /usr/lib/gcc/arm-linux-gnueabihf/6/crtbegin.o
LOAD libpcsxcore/cdriso.o
LOAD libpcsxcore/cdrom.o
LOAD libpcsxcore/cheat.o
LOAD libpcsxcore/debug.o
LOAD libpcsxcore/decode_xa.o
LOAD libpcsxcore/disr3000a.o
LOAD libpcsxcore/mdec.o
LOAD libpcsxcore/misc.o
LOAD libpcsxcore/plugins.o
LOAD libpcsxcore/ppf.o
LOAD libpcsxcore/psxbios.o
LOAD libpcsxcore/psxcommon.o
LOAD libpcsxcore/psxcounters.o
LOAD libpcsxcore/psxdma.o
LOAD libpcsxcore/psxhle.o
LOAD libpcsxcore/psxhw.o
LOAD libpcsxcore/psxinterpreter.o
LOAD libpcsxcore/psxmem.o
LOAD libpcsxcore/r3000a.o
LOAD libpcsxcore/sio.o
LOAD libpcsxcore/socket.o
LOAD libpcsxcore/spu.o
LOAD libpcsxcore/gte.o
LOAD libpcsxcore/gte_nf.o
LOAD libpcsxcore/gte_divider.o
LOAD libpcsxcore/gte_arm.o
LOAD libpcsxcore/gte_neon.o
LOAD libpcsxcore/new_dynarec/new_dynarec.o
LOAD libpcsxcore/new_dynarec/linkage_arm.o
LOAD libpcsxcore/new_dynarec/pcsxmem.o
LOAD libpcsxcore/new_dynarec/emu_if.o
LOAD plugins/dfsound/dma.o
LOAD plugins/dfsound/freeze.o
LOAD plugins/dfsound/registers.o
LOAD plugins/dfsound/spu.o
LOAD plugins/dfsound/out.o
LOAD plugins/dfsound/nullsnd.o
LOAD plugins/dfsound/arm_utils.o
LOAD plugins/dfsound/sdl.o
LOAD plugins/gpulib/gpu.o
LOAD plugins/gpulib/vout_pl.o
LOAD plugins/gpu_neon/psx_gpu_if.o
LOAD plugins/gpu_neon/psx_gpu/psx_gpu_arm_neon.o
LOAD plugins/cdrcimg/cdrcimg.o
LOAD plugins/dfinput/main.o
LOAD plugins/dfinput/pad.o
LOAD plugins/dfinput/guncon.o
LOAD frontend/cspace.o
LOAD frontend/cspace_neon.o
LOAD frontend/libpicofe/in_sdl.o
LOAD frontend/libpicofe/plat_sdl.o
LOAD frontend/libpicofe/plat_dummy.o
LOAD frontend/libpicofe/linux/in_evdev.o
LOAD frontend/plat_sdl.o
LOAD frontend/libpicofe/gl.o
LOAD frontend/libpicofe/gl_platform.o
LOAD frontend/plugin_lib.o
LOAD frontend/libpicofe/linux/plat.o
LOAD frontend/libpicofe/readpng.o
LOAD frontend/libpicofe/fonts.o
LOAD frontend/libpicofe/arm/neon_scale2x.o
LOAD frontend/libpicofe/arm/neon_eagle2x.o
LOAD frontend/menu.o
LOAD frontend/libpicofe/input.o
LOAD frontend/main.o
LOAD frontend/plugin.o
LOAD /usr/lib/gcc/arm-linux-gnueabihf/6/../../../arm-linux-gnueabihf/libSDL2.so
LOAD /usr/lib/gcc/arm-linux-gnueabihf/6/../../../arm-linux-gnueabihf/libpng.so
LOAD /usr/lib/gcc/arm-linux-gnueabihf/6/../../../arm-linux-gnueabihf/libdl.so
LOAD /usr/lib/gcc/arm-linux-gnueabihf/6/../../../arm-linux-gnueabihf/libm.so
LOAD /usr/lib/gcc/arm-linux-gnueabihf/6/../../../arm-linux-gnueabihf/libpthread.so
START GROUP
LOAD /lib/arm-linux-gnueabihf/libpthread.so.0
LOAD /usr/lib/arm-linux-gnueabihf/libpthread_nonshared.a
END GROUP
LOAD /usr/lib/gcc/arm-linux-gnueabihf/6/../../../arm-linux-gnueabihf/libz.so
LOAD /usr/lib/gcc/arm-linux-gnueabihf/6/../../../arm-linux-gnueabihf/libwayland-client.so
LOAD /usr/lib/gcc/arm-linux-gnueabihf/6/../../../arm-linux-gnueabihf/libwayland-egl.so
LOAD /usr/lib/gcc/arm-linux-gnueabihf/6/../../../arm-linux-gnueabihf/libEGL.so
LOAD /usr/lib/gcc/arm-linux-gnueabihf/6/../../../arm-linux-gnueabihf/libGLESv1_CM.so
LOAD /usr/lib/gcc/arm-linux-gnueabihf/6/libgcc.a
LOAD /usr/lib/gcc/arm-linux-gnueabihf/6/libgcc_s.so
START GROUP
LOAD /usr/lib/gcc/arm-linux-gnueabihf/6/libgcc_s.so.1
LOAD /usr/lib/gcc/arm-linux-gnueabihf/6/libgcc.a
END GROUP
LOAD /usr/lib/gcc/arm-linux-gnueabihf/6/../../../arm-linux-gnueabihf/libc.so
START GROUP
LOAD /lib/arm-linux-gnueabihf/libc.so.6
LOAD /usr/lib/arm-linux-gnueabihf/libc_nonshared.a
LOAD /lib/arm-linux-gnueabihf/ld-linux-armhf.so.3
END GROUP
LOAD /usr/lib/gcc/arm-linux-gnueabihf/6/libgcc.a
LOAD /usr/lib/gcc/arm-linux-gnueabihf/6/libgcc_s.so
START GROUP
LOAD /usr/lib/gcc/arm-linux-gnueabihf/6/libgcc_s.so.1
LOAD /usr/lib/gcc/arm-linux-gnueabihf/6/libgcc.a
END GROUP
LOAD /usr/lib/gcc/arm-linux-gnueabihf/6/crtend.o
LOAD /usr/lib/gcc/arm-linux-gnueabihf/6/../../../arm-linux-gnueabihf/crtn.o
                [!provide]                PROVIDE (__executable_start, SEGMENT_START ("text-segment", 0x10000))
                0x00010154                . = (SEGMENT_START ("text-segment", 0x10000) + SIZEOF_HEADERS)

.interp         0x00010154       0x19
 *(.interp)
 .interp        0x00010154       0x19 /usr/lib/gcc/arm-linux-gnueabihf/6/../../../arm-linux-gnueabihf/crt1.o

.note.ABI-tag   0x00010170       0x20
 .note.ABI-tag  0x00010170       0x20 /usr/lib/gcc/arm-linux-gnueabihf/6/../../../arm-linux-gnueabihf/crt1.o

.note.gnu.build-id
                0x00010190       0x24
 *(.note.gnu.build-id)
 .note.gnu.build-id
                0x00010190       0x24 linker stubs

.hash
 *(.hash)

.gnu.hash       0x000101b4      0x7c0
 *(.gnu.hash)
 .gnu.hash      0x000101b4      0x7c0 /usr/lib/gcc/arm-linux-gnueabihf/6/../../../arm-linux-gnueabihf/crt1.o

.dynsym         0x00010974      0xec0
 *(.dynsym)
 .dynsym        0x00010974      0xec0 /usr/lib/gcc/arm-linux-gnueabihf/6/../../../arm-linux-gnueabihf/crt1.o

.dynstr         0x00011834      0xb5e
 *(.dynstr)
 .dynstr        0x00011834      0xb5e /usr/lib/gcc/arm-linux-gnueabihf/6/../../../arm-linux-gnueabihf/crt1.o

.gnu.version    0x00012392      0x1d8
 *(.gnu.version)
 .gnu.version   0x00012392      0x1d8 /usr/lib/gcc/arm-linux-gnueabihf/6/../../../arm-linux-gnueabihf/crt1.o

.gnu.version_d  0x0001256c        0x0
 *(.gnu.version_d)
 .gnu.version_d
                0x0001256c        0x0 /usr/lib/gcc/arm-linux-gnueabihf/6/../../../arm-linux-gnueabihf/crt1.o

.gnu.version_r  0x0001256c       0xe0
 *(.gnu.version_r)
 .gnu.version_r
                0x0001256c       0xe0 /usr/lib/gcc/arm-linux-gnueabihf/6/../../../arm-linux-gnueabihf/crt1.o

.rel.dyn        0x0001264c       0x20
 *(.rel.init)
 *(.rel.text .rel.text.* .rel.gnu.linkonce.t.*)
 *(.rel.fini)
 *(.rel.rodata .rel.rodata.* .rel.gnu.linkonce.r.*)
 *(.rel.data.rel.ro .rel.data.rel.ro.* .rel.gnu.linkonce.d.rel.ro.*)
 .rel.data.rel.ro
                0x0001264c        0x0 /usr/lib/gcc/arm-linux-gnueabihf/6/../../../arm-linux-gnueabihf/crt1.o
 *(.rel.data .rel.data.* .rel.gnu.linkonce.d.*)
 *(.rel.tdata .rel.tdata.* .rel.gnu.linkonce.td.*)
 *(.rel.tbss .rel.tbss.* .rel.gnu.linkonce.tb.*)
 *(.rel.ctors)
 *(.rel.dtors)
 *(.rel.got)
 .rel.got       0x0001264c        0x8 /usr/lib/gcc/arm-linux-gnueabihf/6/../../../arm-linux-gnueabihf/crt1.o
 *(.rel.bss .rel.bss.* .rel.gnu.linkonce.b.*)
 .rel.bss       0x00012654       0x18 /usr/lib/gcc/arm-linux-gnueabihf/6/../../../arm-linux-gnueabihf/crt1.o
                [!provide]                PROVIDE (__rel_iplt_start, .)
 *(.rel.iplt)
 .rel.iplt      0x0001266c        0x0 /usr/lib/gcc/arm-linux-gnueabihf/6/../../../arm-linux-gnueabihf/crt1.o
                [!provide]                PROVIDE (__rel_iplt_end, .)

.rela.dyn       0x0001266c        0x0
 *(.rela.init)
 *(.rela.text .rela.text.* .rela.gnu.linkonce.t.*)
 *(.rela.fini)
 *(.rela.rodata .rela.rodata.* .rela.gnu.linkonce.r.*)
 *(.rela.data .rela.data.* .rela.gnu.linkonce.d.*)
 *(.rela.tdata .rela.tdata.* .rela.gnu.linkonce.td.*)
 *(.rela.tbss .rela.tbss.* .rela.gnu.linkonce.tb.*)
 *(.rela.ctors)
 *(.rela.dtors)
 *(.rela.got)
 *(.rela.bss .rela.bss.* .rela.gnu.linkonce.b.*)
                [!provide]                PROVIDE (__rela_iplt_start, .)
 *(.rela.iplt)
                [!provide]                PROVIDE (__rela_iplt_end, .)

.rel.plt        0x0001266c      0x6d8
 *(.rel.plt)
 .rel.plt       0x0001266c      0x6d8 /usr/lib/gcc/arm-linux-gnueabihf/6/../../../arm-linux-gnueabihf/crt1.o

.rela.plt
 *(.rela.plt)

.init           0x00012d44        0xc
 *(SORT(.init))
 .init          0x00012d44        0x8 /usr/lib/gcc/arm-linux-gnueabihf/6/../../../arm-linux-gnueabihf/crti.o
                0x00012d44                _init
 .init          0x00012d4c        0x4 /usr/lib/gcc/arm-linux-gnueabihf/6/../../../arm-linux-gnueabihf/crtn.o

.plt            0x00012d50      0xa58
 *(.plt)
 .plt           0x00012d50      0xa58 /usr/lib/gcc/arm-linux-gnueabihf/6/../../../arm-linux-gnueabihf/crt1.o
                0x00012d64                signal@@GLIBC_2.4
                0x00012d70                png_get_bit_depth@@PNG16_0
                0x00012d7c                glDrawArrays
                0x00012d88                SDL_CreateRenderer
                0x00012d94                sem_destroy@@GLIBC_2.4
                0x00012da0                _IO_getc@@GLIBC_2.4
                0x00012dac                png_write_image@@PNG16_0
                0x00012db8                SDL_CreateWindow
                0x00012dc4                SDL_FillRect
                0x00012dd0                pthread_mutex_lock@@GLIBC_2.4
                0x00012ddc                SDL_Quit
                0x00012de8                png_create_read_struct@@PNG16_0
                0x00012df4                fsync@@GLIBC_2.4
                0x00012e00                SDL_RenderPresent
                0x00012e0c                glFrontFace
                0x00012e18                dlerror@@GLIBC_2.4
                0x00012e24                gettimeofday@@GLIBC_2.4
                0x00012e30                fseeko64@@GLIBC_2.4
                0x00012e3c                strcasecmp@@GLIBC_2.4
                0x00012e48                strtol@@GLIBC_2.4
                0x00012e54                free@@GLIBC_2.4
                0x00012e60                fseek@@GLIBC_2.4
                0x00012e6c                SDL_FlushEvents
                0x00012e78                SDL_RenderSetLogicalSize
                0x00012e84                __xstat64@@GLIBC_2.4
                0x00012e90                qsort@@GLIBC_2.4
                0x00012e9c                png_create_write_struct@@PNG16_0
                0x00012ea8                eglCreateWindowSurface
                0x00012eb4                strncmp@@GLIBC_2.4
                0x00012ec0                glTexImage2D
                0x00012ecc                uncompress
                0x00012ed8                SDL_GetWindowSize
                0x00012ee4                pthread_exit@@GLIBC_2.4
                0x00012ef0                SDL_PeepEvents
                0x00012efc                pthread_join@@GLIBC_2.4
                0x00012f08                SDL_JoystickClose
                0x00012f14                fgetc@@GLIBC_2.4
                0x00012f20                SDL_JoystickOpen
                0x00012f2c                SDL_UpperBlitScaled
                0x00012f38                inotify_rm_watch@@GLIBC_2.4
                0x00012f44                SDL_JoystickName
                0x00012f50                closedir@@GLIBC_2.4
                0x00012f5c                SDL_MapRGB
                0x00012f68                exit@@GLIBC_2.4
                0x00012f74                printf@@GLIBC_2.4
                0x00012f80                strerror@@GLIBC_2.4
                0x00012f8c                scandir64@@GLIBC_2.4
                0x00012f98                stpcpy@@GLIBC_2.4
                0x00012fa4                glGetError
                0x00012fb0                dlclose@@GLIBC_2.4
                0x00012fbc                inotify_add_watch@@GLIBC_2.4
                0x00012fc8                eglCreateContext
                0x00012fd4                feof@@GLIBC_2.4
                0x00012fe0                puts@@GLIBC_2.4
                0x00012fec                strtok@@GLIBC_2.4
                0x00012ff8                perror@@GLIBC_2.4
                0x00013004                SDL_GetCurrentVideoDriver
                0x00013010                png_destroy_read_struct@@PNG16_0
                0x0001301c                png_write_info@@PNG16_0
                0x00013028                SDL_CloseAudio
                0x00013034                SDL_WasInit
                0x00013040                glTexParameterf
                0x0001304c                readdir64@@GLIBC_2.4
                0x00013058                alphasort64@@GLIBC_2.4
                0x00013064                readlink@@GLIBC_2.4
                0x00013070                glEnableClientState
                0x0001307c                SDL_NumJoysticks
                0x00013088                png_get_image_width@@PNG16_0
                0x00013094                strtoul@@GLIBC_2.4
                0x000130a0                strftime@@GLIBC_2.4
                0x000130ac                putchar@@GLIBC_2.4
                0x000130b8                memset@@GLIBC_2.4
                0x000130c4                opendir@@GLIBC_2.4
                0x000130d0                recv@@GLIBC_2.4
                0x000130dc                remove@@GLIBC_2.4
                0x000130e8                png_get_rows@@PNG16_0
                0x000130f4                SDL_GetWindowWMInfo
                0x00013100                fcntl@@GLIBC_2.4
                0x0001310c                SDL_GetError
                0x00013118                listen@@GLIBC_2.4
                0x00013124                snprintf@@GLIBC_2.4
                0x00013130                mmap64@@GLIBC_2.4
                0x0001313c                __strdup@@GLIBC_2.4
                0x00013148                png_destroy_write_struct@@PNG16_0
                0x00013154                close@@GLIBC_2.4
                0x00013160                SDL_PauseAudio
                0x0001316c                inflate
                0x00013178                read@@GLIBC_2.4
                0x00013184                abort@@GLIBC_2.4
                0x00013190                eglMakeCurrent
                0x0001319c                SDL_UpperBlit
                0x000131a8                vfprintf@@GLIBC_2.4
                0x000131b4                ftello64@@GLIBC_2.4
                0x000131c0                __ctype_toupper_loc@@GLIBC_2.4
                0x000131cc                memmove@@GLIBC_2.4
                0x000131d8                SDL_PumpEvents
                0x000131e4                inflateInit2_
                0x000131f0                unlink@@GLIBC_2.4
                0x000131fc                SDL_Init
                0x00013208                eglDestroySurface
                0x00013214                dlopen@@GLIBC_2.4
                0x00013220                ioctl@@GLIBC_2.4
                0x0001322c                localtime@@GLIBC_2.4
                0x00013238                clock_gettime@@GLIBC_2.17
                0x00013244                SDL_JoystickEventState
                0x00013250                realloc@@GLIBC_2.4
                0x0001325c                strcpy@@GLIBC_2.4
                0x00013268                pthread_attr_setdetachstate@@GLIBC_2.4
                0x00013274                SDL_InitSubSystem
                0x00013280                SDL_FreeSurface
                0x0001328c                glEnable
                0x00013298                open64@@GLIBC_2.4
                0x000132a4                __isoc99_sscanf@@GLIBC_2.7
                0x000132b0                SDL_CreateRGBSurfaceFrom
                0x000132bc                eglGetDisplay
                0x000132c8                png_write_end@@PNG16_0
                0x000132d4                eglChooseConfig
                0x000132e0                bind@@GLIBC_2.4
                0x000132ec                mprotect@@GLIBC_2.4
                0x000132f8                glVertexPointer
                0x00013304                strcat@@GLIBC_2.4
                0x00013310                strcasestr@@GLIBC_2.4
                0x0001331c                backtrace@@GLIBC_2.4
                0x00013328                png_set_longjmp_fn@@PNG16_0
                0x00013334                fread@@GLIBC_2.4
                0x00013340                fileno@@GLIBC_2.4
                0x0001334c                eglInitialize
                0x00013358                gzseek64@@ZLIB_1.2.3.3
                0x00013364                SDL_UpdateWindowSurface
                0x00013370                socket@@GLIBC_2.4
                0x0001337c                backtrace_symbols_fd@@GLIBC_2.4
                0x00013388                SDL_QuitSubSystem
                0x00013394                mkdir@@GLIBC_2.4
                0x000133a0                strstr@@GLIBC_2.4
                0x000133ac                sem_init@@GLIBC_2.4
                0x000133b8                glBindTexture
                0x000133c4                strncasecmp@@GLIBC_2.4
                0x000133d0                glLoadIdentity
                0x000133dc                SDL_LogError
                0x000133e8                SDL_GetWindowSurface
                0x000133f4                pthread_attr_destroy@@GLIBC_2.4
                0x00013400                select@@GLIBC_2.4
                0x0001340c                shutdown@@GLIBC_2.4
                0x00013418                sleep@@GLIBC_2.4
                0x00013424                raise@@GLIBC_2.4
                0x00013430                __ctype_b_loc@@GLIBC_2.4
                0x0001343c                eglDestroyContext
                0x00013448                SDL_LockSurface
                0x00013454                pthread_attr_init@@GLIBC_2.4
                0x00013460                glGenTextures
                0x0001346c                sysconf@@GLIBC_2.4
                0x00013478                calloc@@GLIBC_2.4
                0x00013484                strncat@@GLIBC_2.4
                0x00013490                ftell@@GLIBC_2.4
                0x0001349c                SDL_CreateRGBSurface
                0x000134a8                inflateReset
                0x000134b4                setlocale@@GLIBC_2.4
                0x000134c0                SDL_UnlockSurface
                0x000134cc                fgets@@GLIBC_2.4
                0x000134d8                sem_post@@GLIBC_2.4
                0x000134e4                fputc@@GLIBC_2.4
                0x000134f0                gzwrite
                0x000134fc                fwrite@@GLIBC_2.4
                0x00013508                longjmp@@GLIBC_2.4
                0x00013514                memcpy@@GLIBC_2.4
                0x00013520                gzopen64@@ZLIB_1.2.3.3
                0x0001352c                malloc@@GLIBC_2.4
                0x00013538                strlen@@GLIBC_2.4
                0x00013544                getcwd@@GLIBC_2.4
                0x00013550                munmap@@GLIBC_2.4
                0x0001355c                accept@@GLIBC_2.4
                0x00013568                usleep@@GLIBC_2.4
                0x00013574                tanh@@GLIBC_2.4
                0x00013580                fprintf@@GLIBC_2.4
                0x0001358c                fclose@@GLIBC_2.4
                0x00013598                write@@GLIBC_2.4
                0x000135a4                SDL_OpenAudio
                0x000135b0                lseek64@@GLIBC_2.4
                0x000135bc                sprintf@@GLIBC_2.4
                0x000135c8                png_set_IHDR@@PNG16_0
                0x000135d4                mremap@@GLIBC_2.4
                0x000135e0                glTexSubImage2D
                0x000135ec                pthread_create@@GLIBC_2.4
                0x000135f8                eglSwapBuffers
                0x00013604                strcmp@@GLIBC_2.4
                0x00013610                gzclose
                0x0001361c                eglGetError
                0x00013628                time@@GLIBC_2.4
                0x00013634                wl_egl_window_create
                0x00013640                __errno_location@@GLIBC_2.4
                0x0001364c                send@@GLIBC_2.4
                0x00013658                sscanf@@GLIBC_2.4
                0x00013664                strncpy@@GLIBC_2.4
                0x00013670                png_create_info_struct@@PNG16_0
                0x0001367c                SDL_SetWindowTitle
                0x00013688                fflush@@GLIBC_2.4
                0x00013694                SDL_PushEvent
                0x000136a0                fopen64@@GLIBC_2.4
                0x000136ac                _setjmp@@GLIBC_2.4
                0x000136b8                memcmp@@GLIBC_2.4
                0x000136c4                eglTerminate
                0x000136d0                inotify_init@@GLIBC_2.4
                0x000136dc                png_read_png@@PNG16_0
                0x000136e8                strrchr@@GLIBC_2.4
                0x000136f4                __isoc99_fscanf@@GLIBC_2.7
                0x00013700                gzread
                0x0001370c                SDL_SetSurfaceAlphaMod
                0x00013718                SDL_CreateTexture
                0x00013724                getenv@@GLIBC_2.4
                0x00013730                __libc_start_main@@GLIBC_2.4
                0x0001373c                dlsym@@GLIBC_2.4
                0x00013748                png_init_io@@PNG16_0
                0x00013760                sem_wait@@GLIBC_2.4
                0x0001376c                strchr@@GLIBC_2.4
                0x00013778                pthread_mutex_unlock@@GLIBC_2.4
                0x00013784                glTexCoordPointer
                0x00013790                vsnprintf@@GLIBC_2.4
                0x0001379c                png_get_image_height@@PNG16_0

.iplt           0x000137a8        0x0
 *(.iplt)
 .iplt          0x000137a8        0x0 /usr/lib/gcc/arm-linux-gnueabihf/6/../../../arm-linux-gnueabihf/crt1.o

.text           0x000137b0    0xa3864
 *(.text.unlikely .text.*_unlikely .text.unlikely.*)
 *(.text.exit .text.exit.*)
 *(.text.startup .text.startup.*)
 .text.startup  0x000137b0      0x930 frontend/main.o
                0x000137b0                main
 *(.text.hot .text.hot.*)
 *(.text .stub .text.* .gnu.linkonce.t.*)
 .text          0x000140e0       0x3c /usr/lib/gcc/arm-linux-gnueabihf/6/../../../arm-linux-gnueabihf/crt1.o
                0x000140e0                _start
 .text          0x0001411c       0x24 /usr/lib/gcc/arm-linux-gnueabihf/6/../../../arm-linux-gnueabihf/crti.o
 .text          0x00014140       0xc8 /usr/lib/gcc/arm-linux-gnueabihf/6/crtbegin.o
 .text          0x00014208     0x34f4 libpcsxcore/cdriso.o
                0x000142a8                ISOreadCDDA
                0x00017564                cdrIsoInit
                0x000176e4                cdrIsoActive
 *fill*         0x000176fc        0x4 
 .text          0x00017700     0x4bf4 libpcsxcore/cdrom.o
                0x00017a70                CheckDiscChange
                0x00017bd0                cdrLidSeekInterrupt
                0x00017f40                cdrAttenuate
                0x000181e0                cdrRead0
                0x0001822c                cdrWrite0
                0x0001824c                cdrRead1
                0x000182c4                cdrWrite1
                0x00019774                cdrRead2
                0x000197a4                cdrWrite2
                0x00019814                cdrRead3
                0x00019848                cdrWrite3
                0x000199ac                psxDma3
                0x00019cb8                cdrDmaInterrupt
                0x00019d10                cdrReset
                0x00019db4                LidInterrupt
                0x00019e64                check_Motionjpeg
                0x00019fa4                check_scenes
                0x0001a080                check_scenesforSPU
                0x0001a330                cdrPlayInterrupt
                0x0001a704                cdrInterrupt
                0x0001b948                cdrReadInterrupt
                0x0001c02c                cdrFreeze
 .text          0x0001c2f4     0x20b4 libpcsxcore/cheat.o
                0x0001c39c                ClearAllCheats
                0x0001c420                LoadCheats
                0x0001c6a0                SaveCheats
                0x0001c7c4                ApplyCheats
                0x0001ccac                AddCheat
                0x0001ce8c                RemoveCheat
                0x0001cefc                EditCheat
                0x0001d068                FreeCheatSearchResults
                0x0001d098                FreeCheatSearchMem
                0x0001d0c0                CheatSearchBackupMemory
                0x0001d0e8                CheatSearchEqual8
                0x0001d1e0                CheatSearchEqual16
                0x0001d2d8                CheatSearchEqual32
                0x0001d3d0                CheatSearchNotEqual8
                0x0001d4c0                CheatSearchNotEqual16
                0x0001d5b0                CheatSearchNotEqual32
                0x0001d6a0                CheatSearchRange8
                0x0001d7c0                CheatSearchRange16
                0x0001d8e0                CheatSearchRange32
                0x0001da00                CheatSearchIncreasedBy8
                0x0001da8c                CheatSearchIncreasedBy16
                0x0001db18                CheatSearchIncreasedBy32
                0x0001dba4                CheatSearchDecreasedBy8
                0x0001dc30                CheatSearchDecreasedBy16
                0x0001dcbc                CheatSearchDecreasedBy32
                0x0001dd48                CheatSearchIncreased8
                0x0001ddd0                CheatSearchIncreased16
                0x0001de58                CheatSearchIncreased32
                0x0001dee0                CheatSearchDecreased8
                0x0001df68                CheatSearchDecreased16
                0x0001dff0                CheatSearchDecreased32
                0x0001e078                CheatSearchDifferent8
                0x0001e100                CheatSearchDifferent16
                0x0001e188                CheatSearchDifferent32
                0x0001e210                CheatSearchNoChange8
                0x0001e298                CheatSearchNoChange16
                0x0001e320                CheatSearchNoChange32
 .text          0x0001e3a8     0x2b94 libpcsxcore/debug.o
                0x0001e3c8                add_breakpoint
                0x0001e440                delete_breakpoint
                0x0002060c                next_breakpoint
                0x00020628                find_breakpoint
                0x00020688                StartDebugger
                0x000206f8                StopDebugger
                0x0002075c                PauseDebugger
                0x00020778                ResumeDebugger
                0x00020790                DebugVSync
                0x00020800                MarkMap
                0x00020810                IsMapMarked
                0x00020834                DebugCheckBP
                0x00020e08                ProcessDebug
 .text          0x00020f3c     0x1214 libpcsxcore/decode_xa.o
                0x0002206c                ADPCM_InitDecode
                0x0002207c                xa_decode_sector
 .text          0x00022150     0x3864 libpcsxcore/disr3000a.o
                0x0002598c                disR3000AF
 .text          0x000259b4     0x22d8 libpcsxcore/mdec.o
                0x00027440                mdecInit
                0x00027498                mdecWrite0
                0x000274a8                mdecRead0
                0x000274b8                mdecWrite1
                0x000274e0                mdecRead1
                0x000274f0                psxDma0
                0x00027714                mdec0Interrupt
                0x0002776c                psxDma1
                0x00027780                mdec1Interrupt
                0x00027860                mdecFreeze
 .text          0x00027c8c     0x3394 libpcsxcore/misc.o
                0x00027f30                LogPrint
                0x00027f70                save_error
                0x00027ff4                isTitleName
                0x00028010                initTitleName
                0x00028024                setCdromId
                0x000280c0                setTitleName
                0x000282bc                setDiscChangeType
                0x0002837c                mmssdd
                0x0002843c                StartCheckOpen
                0x0002844c                CheckOpenEnabled
                0x000284a4                GetCdromFile
                0x0002872c                LoadCdrom
                0x00028d60                LoadCdromFile
                0x00029188                CheckCdrom
                0x000297cc                fread_to_ram
                0x0002982c                Load
                0x00029b14                SaveState
                0x00029de8                getSaveStateArray
                0x00029e04                SaveStateWork
                0x0002a0d0                freeSaveStateMem
                0x0002a1cc                SetCdromId
                0x0002a28c                AutoSaveState
                0x0002a4e0                InitAutoSave
                0x0002a6dc                emu_sync_state
                0x0002a8dc                emu_sync_state2
                0x0002a920                LoadState
                0x0002ac74                CheckState
                0x0002ad20                SendPcsxInfo
                0x0002ade8                RecvPcsxInfo
                0x0002af2c                trim
                0x0002afd4                calcCrc
 .text          0x0002b020     0x21f8 libpcsxcore/plugins.o
                0x0002b020                GPU__showScreenPic
                0x0002b028                CDR__getDriveLetter
                0x0002b030                CDR__setfilename
                0x0002b038                SPU__registerScheduleCb
                0x0002b03c                PAD2__poll
                0x0002b064                PAD1__poll
                0x0002b068                PAD2__query
                0x0002b070                PAD2__keypressed
                0x0002b078                NET__setInfo
                0x0002b07c                NET__keypressed
                0x0002b080                NET__test
                0x0002b088                NET__about
                0x0002b08c                GPU__displayText
                0x0002b09c                CDR__getStatus
                0x0002b598                CDR__play
                0x0002b5a0                GPU__getScreenPic
                0x0002b5a8                CDR__configure
                0x0002b5b0                CDR__test
                0x0002b5b8                SPU__configure
                0x0002b5c0                SPU__test
                0x0002b5c8                PAD1__configure
                0x0002b5d0                PAD1__test
                0x0002b5d8                PAD1__query
                0x0002b5e0                PAD1__keypressed
                0x0002b5e8                PAD2__configure
                0x0002b5f0                CDR__stop
                0x0002b5f8                GPU__keypressed
                0x0002b5fc                GPU__clearDynarec
                0x0002b600                GPU__vBlank
                0x0002b604                GPU__configure
                0x0002b60c                GPU__test
                0x0002b614                PAD2__test
                0x0002b61c                NET__configure
                0x0002b624                PAD1__about
                0x0002b628                PAD2__about
                0x0002b62c                CDR__about
                0x0002b630                SPU__about
                0x0002b634                GPU__about
                0x0002b638                GPU__makeSnapshot
                0x0002b63c                _PADstartPoll
                0x0002b78c                PAD1__startPoll
                0x0002b7b8                PAD2__startPoll
                0x0002b7e4                _PADpoll
                0x0002b7e8                clearDynarec
                0x0002b7fc                ReleasePlugins
                0x0002b9ac                LoadPlugins
                0x0002d10c                ReloadCdromPlugin
                0x0002d1b8                SetIsoFile
                0x0002d1e0                GetIsoFile
                0x0002d1ec                UsingIso
                0x0002d204                SetCdOpenCaseTime
 .text          0x0002d218      0x960 libpcsxcore/ppf.o
                0x0002d370                FreePPFCache
                0x0002d3c0                CheckPPFCache
                0x0002d4f8                BuildPPFCache
                0x0002d9f0                LoadSBI
                0x0002db50                UnloadSBI
 .text          0x0002db78     0x6370 libpcsxcore/psxbios.o
                0x0002db78                psxBios_labs
                0x0002db9c                psxBios_abs
                0x0002dba0                psxBios_atoi
                0x0002dcf0                psxBios_atol
                0x0002dcf4                psxBios_setjmp
                0x0002dd80                psxBios_longjmp
                0x0002de0c                psxBios_strcat
                0x0002de88                psxBios_strncat
                0x0002df28                psxBios_strncmp
                0x0002dfb0                psxBios_strcpy
                0x0002e014                psxBios_strncpy
                0x0002e0e4                psxBios_strlen
                0x0002e158                psxBios_rindex
                0x0002e1d4                psxBios_strrchr
                0x0002e1d8                psxBios_strpbrk
                0x0002e284                psxBios_strspn
                0x0002e338                psxBios_strcspn
                0x0002e3f0                psxBios_strstr
                0x0002e4f8                psxBios_toupper
                0x0002e520                psxBios_tolower
                0x0002e548                psxBios_bcopy
                0x0002e5c4                psxBios_bzero
                0x0002e628                psxBios_bcmp
                0x0002e6d4                psxBios_memcpy
                0x0002e75c                psxBios_memset
                0x0002e7d0                psxBios_memmove
                0x0002e8a4                psxBios_memcmp
                0x0002e8a8                psxBios_rand
                0x0002e8f0                psxBios_srand
                0x0002e91c                psxBios_Exec
                0x0002e9c8                psxBios_GPU_dw
                0x0002ea80                psxBios_SendGPU
                0x0002eaf0                psxBios_GPU_cw
                0x0002eb1c                psxBios_GPU_cwb
                0x0002eb7c                psxBios_GPU_GetGPUStatus
                0x0002eba8                psxBios_StartRCnt
                0x0002ec1c                psxBios_StopRCnt
                0x0002ec88                psxBios_OpenEvent
                0x0002ed4c                psxBios_CloseEvent
                0x0002ed94                psxBios_TestEvent
                0x0002edec                psxBios_EnableEvent
                0x0002ee34                psxBios_WaitEvent
                0x0002ee38                psxBios_DisableEvent
                0x0002ee80                psxBios_OpenTh
                0x0002eef4                psxBios_CloseTh
                0x0002ef34                psxBios_InitPAD
                0x0002efb0                psxBios_StopPAD
                0x0002efd8                psxBios_PAD_dr
                0x0002eff4                psxBios_ResetEntryInt
                0x0002f018                psxBios_HookEntryInt
                0x0002f05c                psxBios_UnDeliverEvent
                0x0002f100                psxBios_lseek
                0x0002f174                psxBios_close
                0x0002f190                psxBios_InitCARD
                0x0002f1b4                psxBios_StartCARD
                0x0002f1e0                psxBios_StopCARD
                0x0002f20c                psxBios_Krom2RawAdd
                0x0002f35c                psxBios_GetC0Table
                0x0002f378                psxBios_GetB0Table
                0x0002f394                psxBios__card_chan
                0x0002f3b8                psxBios_SysEnqIntRP
                0x0002f3f0                psxBios_SysDeqIntRP
                0x0002f420                psxBios_ChangeClearRCnt
                0x0002f478                psxBios_dummy
                0x0002f48c                psxBios_ChangeClearPad
                0x0002f490                psxBios__new_card
                0x0002f494                psxBios__96_remove
                0x0002f498                psxBios__96_init
                0x0002f49c                psxBios_FlushCache
                0x0002f4a0                psxBios_strtok
                0x0002f50c                psxBios_malloc
                0x0002f6ec                psxBios_free
                0x0002f794                psxBios_realloc
                0x0002f7b4                psxBios_InitHeap
                0x0002f88c                psxBios_puts
                0x0002f8e4                psxBios_calloc
                0x0002f940                psxBios_getchar
                0x0002f96c                psxBios_ReturnFromException
                0x0002f9d8                psxBios_printf
                0x0002fea0                psxBios_format
                0x0002ff7c                psxBios_Load
                0x00030040                psxBios_LoadExec
                0x000300b8                psxBios_sys_a0_4c
                0x0003010c                psxBios_mem2vram
                0x0003021c                psxBios_GPU_SendPackets
                0x000302a8                psxBios_SetMem
                0x00030378                psxBios_SetRCnt
                0x000303ec                psxBios_GetRCnt
                0x00030428                psxBios_ResetRCnt
                0x00030474                psxBios_StartPAD
                0x000304bc                psxBios_PAD_init
                0x00030554                psxBios_open
                0x000309a4                psxBios_delete
                0x00030bb4                psxBios_putchar
                0x00030be8                psxBios_nextfile
                0x00030fa8                psxBios_rename
                0x000312bc                psxBios_memchr
                0x0003134c                psxBios_index
                0x000313c8                psxBios_strchr
                0x000313cc                psxBios_strcmp
                0x00031440                psxBios_ChangeTh
                0x000318d8                psxBios_qsort
                0x00031938                psxBios__bu_init
                0x00031a7c                psxBios__card_load
                0x00031b30                psxBios__card_info
                0x00031b34                psxBios_DeliverEvent
                0x00031c48                psxBios__card_read
                0x00031d68                psxBios__card_write
                0x00031ed4                psxBios_firstfile
                0x0003234c                psxBios_read
                0x00032714                psxBios_write
                0x00032b10                psxBiosInit
                0x000332f0                psxBiosShutdown
                0x000332f4                biosInterrupt
                0x000339b4                psxBiosException
                0x00033bb4                psxBiosFreeze
 .text          0x00033ee8       0xac libpcsxcore/psxcommon.o
                0x00033ee8                EmuInit
                0x00033eec                EmuReset
                0x00033f00                EmuShutdown
                0x00033f1c                EmuUpdate
                0x00033f58                __Log
 .text          0x00033f94      0xb00 libpcsxcore/psxcounters.o
                0x000342b0                change_HSync_Motionjpeg
                0x000342cc                psxRcntUpdate
                0x00034518                psxRcntWcount
                0x00034574                psxRcntWmode
                0x000345e0                psxRcntWtarget
                0x0003466c                psxRcntRcount
                0x000346e0                psxRcntRmode
                0x00034700                psxRcntRtarget
                0x00034718                psxRcntInit
                0x00034864                psxRcntFreeze
 .text          0x00034a94      0x7b4 libpcsxcore/psxdma.o
                0x00034a94                spuInterrupt
                0x00034aec                psxDma4
                0x00034ce8                psxDma2
                0x00034fd4                gpuInterrupt
                0x00035038                psxDma6
                0x000351f0                gpuotcInterrupt
 .text          0x00035248      0x170 libpcsxcore/psxhle.o
 .text          0x000353b8      0xe04 libpcsxcore/psxhw.o
                0x000353b8                psxHwReset
                0x00035418                psxHwRead8
                0x00035498                psxHwRead16
                0x0003568c                psxHwRead32
                0x000358cc                psxHwWrite8
                0x0003597c                psxHwWrite16
                0x00035c28                psxHwWrite32
                0x000361b4                psxHwFreeze
 .text          0x000361bc     0x1658 libpcsxcore/psxinterpreter.o
                0x000363a4                psxADDIU
                0x000363cc                psxADDI
                0x000363d0                psxANDI
                0x000363fc                psxORI
                0x00036428                psxXORI
                0x00036454                psxSLTI
                0x0003648c                psxSLTIU
                0x000364c4                psxADDU
                0x000364f8                psxADD
                0x000364fc                psxSUBU
                0x00036530                psxSUB
                0x00036534                psxAND
                0x00036568                psxOR
                0x0003659c                psxXOR
                0x000365d0                psxNOR
                0x00036608                psxSLT
                0x00036644                psxSLTU
                0x00036680                psxDIV
                0x000366e8                psxDIVU
                0x00036744                psxMULT
                0x00036770                psxMULTU
                0x0003679c                psxSLL
                0x000367c8                psxSRA
                0x000367f4                psxSRL
                0x00036820                psxSLLV
                0x00036854                psxSRAV
                0x00036888                psxSRLV
                0x000368bc                psxLUI
                0x000368dc                psxMFHI
                0x000368fc                psxMFLO
                0x0003691c                psxMTHI
                0x00036938                psxMTLO
                0x00036954                psxRFE
                0x00036974                psxCFC0
                0x0003699c                psxMFC0
                0x000369a0                psxSPECIAL
                0x000369c0                psxREGIMM
                0x000369e4                psxCOP0
                0x00036a08                psxCOP2
                0x00036a2c                psxBASIC
                0x00036a50                psxHLE
                0x00036a80                psxSYSCALL
                0x00036aa8                psxLB
                0x00036ae8                psxLBU
                0x00036b24                psxLH
                0x00036b64                psxLHU
                0x00036ba0                psxLW
                0x00036bdc                psxLWL
                0x00036c3c                psxLWR
                0x00036c9c                psxSB
                0x00036cc0                psxSH
                0x00036ce8                psxSW
                0x00036d0c                psxSWL
                0x00036d6c                psxSWR
                0x00037160                psxBREAK
                0x00037164                psxNULL
                0x00037168                psxTestLoadDelay
                0x0003717c                psxTestSWInts
                0x000371b8                MTC0
                0x0003720c                psxCTC0
                0x00037228                psxMTC0
                0x0003722c                execI
                0x000372bc                psxDelayTest
                0x000375a8                psxBGEZ
                0x000375d4                psxBGEZAL
                0x00037608                psxBGTZ
                0x00037634                psxBLEZ
                0x00037660                psxBLTZ
                0x0003768c                psxBLTZAL
                0x000376c0                psxBEQ
                0x000376f4                psxBNE
                0x00037728                psxJ
                0x00037748                psxJAL
                0x00037770                psxJR
                0x00037794                psxJALR
                0x000377c0                intExecute
                0x000377ec                intExecuteBlock
 .text          0x00037814      0xaa0 libpcsxcore/psxmem.o
                0x00037814                psxUnmap
                0x00037838                psxMap
                0x00037964                psxMemReset
                0x00037a68                psxMemShutdown
                0x00037ad0                psxMemInit
                0x00037d34                psxMemRead8
                0x00037dd0                psxMemRead16
                0x00037e6c                psxMemRead32
                0x00037f08                psxMemWrite8
                0x00037fbc                psxMemWrite16
                0x00038070                psxMemWrite32
                0x00038254                psxMemPointer
 .text          0x000382b4      0x658 libpcsxcore/r3000a.o
                0x000382b4                psxInit
                0x0003832c                psxReset
                0x000383dc                psxShutdown
                0x00038400                psxException
                0x00038528                psxBranchTest
                0x00038830                psxJumpTest
                0x000388c8                psxExecuteBios
 .text          0x0003890c     0x1c54 libpcsxcore/sio.o
                0x0003890c                sioWriteStat16
                0x00038910                sioWriteMode16
                0x00038920                sioWriteCtrl16
                0x00038990                sioWriteBaud16
                0x000389a0                sioReadStat16
                0x000389b0                sioReadMode16
                0x000389c0                sioReadCtrl16
                0x000389d0                sioReadBaud16
                0x000389e0                sio1ReadCtrl16
                0x000389e8                netError
                0x00038a20                sioWrite8
                0x000392c4                sioInterrupt
                0x00039300                CreateMcd
                0x00039988                LoadMcd
                0x00039998                LoadMcds
                0x000399bc                ConvertMcd
                0x00039cd8                SaveMcd
                0x00039e00                sioRead8
                0x00039f58                GetMcdBlockInfo
                0x0003a268                sioFreeze
 .text          0x0003a560      0x428 libpcsxcore/socket.o
                0x0003a560                StopServer
                0x0003a588                CloseClient
                0x0003a5c0                GetClient
                0x0003a678                HasClient
                0x0003a690                ReadSocket
                0x0003a798                RawReadSocket
                0x0003a868                WriteSocket
                0x0003a890                SetsBlock
                0x0003a8c0                SetsNonblock
                0x0003a8f0                StartServer
 .text          0x0003a988       0x90 libpcsxcore/spu.o
                0x0003a988                SPUirq
                0x0003a9a8                SPUschedule
                0x0003a9f8                spuUpdate
 .text          0x0003aa18     0x6170 libpcsxcore/gte.o
                0x0003aa18                gteMFC2
                0x0003ab74                gteCFC2
                0x0003ab9c                gteMTC2
                0x0003acd4                gteCTC2
                0x0003ad40                gteLWC2
                0x0003ae88                gteSWC2
                0x0003afe0                gteRTPS
                0x0003b4d0                gteRTPT
                0x0003ba5c                gteMVMVA
                0x0003bdf0                gteNCLIP
                0x0003be7c                gteAVSZ3
                0x0003bf40                gteAVSZ4
                0x0003c00c                gteSQR
                0x0003c130                gteNCCS
                0x0003c5b0                gteNCCT
                0x0003ccf4                gteNCDS
                0x0003d37c                gteNCDT
                0x0003dd38                gteOP
                0x0003de74                gteDCPL
                0x0003e134                gteGPF
                0x0003e330                gteGPL
                0x0003e644                gteDPCS
                0x0003e960                gteDPCT
                0x0003ec1c                gteNCS
                0x0003f0b8                gteNCT
                0x0003f748                gteCC
                0x0003fa34                gteINTPL
                0x0003fcf4                gteCDP
                0x000401d8                gteSQR_part_noshift
                0x00040208                gteSQR_part_shift
                0x00040244                gteOP_part_noshift
                0x00040290                gteOP_part_shift
                0x000402e8                gteDCPL_part
                0x000403fc                gteGPF_part_noshift
                0x00040434                gteGPF_part_shift
                0x00040478                gteGPL_part_noshift
                0x00040568                gteGPL_part_shift
                0x0004067c                gteDPCS_part_noshift
                0x000407a8                gteDPCS_part_shift
                0x000408ac                gteINTPL_part_noshift
                0x000409a4                gteINTPL_part_shift
                0x00040aa8                gteMACtoRGB
 .text          0x00040b88     0x2874 libpcsxcore/gte_nf.o
                0x00040b88                gteRTPS_nf
                0x00040dc8                gteRTPT_nf
                0x00041030                gteMVMVA_nf
                0x00041284                gteNCLIP_nf
                0x000412c8                gteAVSZ3_nf
                0x000412fc                gteAVSZ4_nf
                0x00041338                gteSQR_nf
                0x000413e8                gteNCCS_nf
                0x00041628                gteNCCT_nf
                0x00041948                gteNCDS_nf
                0x00041c08                gteNCDT_nf
                0x00041fec                gteOP_nf
                0x000420b4                gteDCPL_nf
                0x00042200                gteGPF_nf
                0x000422dc                gteGPL_nf
                0x00042434                gteDPCS_nf
                0x000425bc                gteDPCT_nf
                0x000426f0                gteNCS_nf
                0x000428f8                gteNCT_nf
                0x00042be0                gteCC_nf
                0x00042d48                gteINTPL_nf
                0x00042e88                gteCDP_nf
                0x00043078                gteGPL_part_noshift_nf
                0x000430bc                gteGPL_part_shift_nf
                0x0004310c                gteDPCS_part_noshift_nf
                0x000431dc                gteDPCS_part_shift_nf
                0x00043280                gteINTPL_part_noshift_nf
                0x00043318                gteINTPL_part_shift_nf
                0x000433bc                gteMACtoRGB_nf
 .text          0x000433fc       0xd8 libpcsxcore/gte_divider.o
                0x000433fc                DIVIDE
 .text          0x000434d4      0x664 libpcsxcore/gte_arm.o
                0x000434d4                gteRTPS_nf_arm
                0x0004364c                gteRTPT_nf_arm
                0x000437d0                gteMVMVA_part_arm
                0x00043894                gteMVMVA_part_nf_arm
                0x00043914                gteMVMVA_part_cv3sh12_arm
                0x0004398c                gteNCLIP_arm
                0x000439f0                gteMACtoIR_lm0
                0x00043a60                gteMACtoIR_lm1
                0x00043ad0                gteMACtoIR_lm0_nf
                0x00043af0                gteMACtoIR_lm1_nf
 .text          0x00043b38      0x6b8 libpcsxcore/gte_neon.o
                0x00043b38                gteRTPS_neon
                0x00043d80                gteRTPT_neon
                0x000440dc                gteMVMVA_part_neon
                0x0004416c                gteMACtoIR_flags_neon
 .text          0x000441f0    0x2ae2c libpcsxcore/new_dynarec/new_dynarec.o
                0x0004ae24                clear_all_regs
                0x0004ae40                get_reg
                0x0004ae80                get_reg2
                0x0004aed0                count_free_regs
                0x0004af08                dirty_reg
                0x0004af14                set_const
                0x0004af20                clear_const
                0x0004af2c                is_const
                0x0004af4c                get_const
                0x0004afa4                lsn
                0x0004b7b4                needed_again
                0x0004b988                loop_reg
                0x0004ca50                alloc_all
                0x0004cb30                do_dirty_stub
                0x0004cf0c                ll_add
                0x0004cf44                ll_add_flags
                0x0004cf74                check_addr
                0x0004d0e0                remove_hash
                0x0004d134                ll_remove_matching_addrs
                0x0004d194                ll_clear
                0x0004d1c4                invalidate_page
                0x0004d33c                invalidate_block
                0x0004d464                invalidate_addr
                0x0004d650                invalidate_all_pages
                0x0004d6e0                add_link
                0x0004d734                clean_blocks
                0x0004d8fc                mov_alloc
                0x0004da20                shiftimm_alloc
                0x0004df68                shift_alloc
                0x0004df84                alu_alloc
                0x0004eaf0                imm16_alloc
                0x0004f0d0                load_alloc
                0x0004f398                store_alloc
                0x0004f4d8                c1ls_alloc
                0x0004f5d4                c2ls_alloc
                0x0004f69c                multdiv_alloc
                0x0004f85c                cop0_alloc
                0x0004f990                cop1_alloc
                0x0004fb20                float_alloc
                0x0004fb58                fconv_alloc
                0x0004fb5c                c2op_alloc
                0x0004fb60                fcomp_alloc
                0x0004fbb4                syscall_alloc
                0x0004fbf4                delayslot_alloc
                0x0004fd04                mchecksum
                0x0004fd44                rchecksum
                0x0004fd68                rlist
                0x0004fdbc                enabletrace
                0x0004fdc0                memdebug
                0x0004fef8                alu_assemble
                0x000514f0                imm16_assemble
                0x00051fbc                shiftimm_assemble
                0x0005295c                load_assemble
                0x00053640                store_assemble
                0x00054114                storelr_assemble
                0x000552d4                c1ls_assemble
                0x000552ec                c2ls_assemble
                0x0005582c                mov_assemble
                0x000559cc                syscall_assemble
                0x00055a68                hlecall_assemble
                0x00055b2c                intcall_assemble
                0x00055bc8                ds_assemble
                0x00055d9c                internal_branch
                0x00055db4                wb_invalidate
                0x00056048                load_regs
                0x000561b0                address_generation
                0x00056830                load_consts
                0x00056c68                store_regs_bt
                0x00056f40                load_regs_bt
                0x00056f84                match_bt
                0x0005728c                ds_assemble_entry
                0x00057634                do_cc
                0x00057988                do_ccstub
                0x00058d10                ujump_assemble
                0x00059048                rjump_assemble
                0x00059638                cjump_assemble
                0x0005b488                sjump_assemble
                0x0005cb30                fjump_assemble
                0x0005da14                unneeded_registers
                0x0005f154                clean_registers
                0x00060488                new_dynarec_clear_full
                0x00060620                new_dynarec_init
                0x00060758                new_dynarec_cleanup
                0x00060814                new_dynarec_save_blocks
                0x000609dc                new_recompile_block
                0x0006ed18                get_addr
                0x0006ef00                get_addr_ht
                0x0006ef40                new_dynarec_load_blocks
 .text          0x0006f01c      0x914 libpcsxcore/new_dynarec/linkage_arm.o
                0x0006f01c                dyna_linker
                0x0006f158                exec_pagefault
                0x0006f1a0                dyna_linker_ds
                0x0006f2ec                jump_vaddr_r0
                0x0006f2f4                jump_vaddr_r1
                0x0006f300                jump_vaddr_r2
                0x0006f30c                jump_vaddr_r3
                0x0006f318                jump_vaddr_r4
                0x0006f324                jump_vaddr_r5
                0x0006f330                jump_vaddr_r6
                0x0006f33c                jump_vaddr_r8
                0x0006f348                jump_vaddr_r9
                0x0006f354                jump_vaddr_r10
                0x0006f360                jump_vaddr_r12
                0x0006f36c                jump_vaddr_r7
                0x0006f374                jump_vaddr
                0x0006f3ac                verify_code_ds
                0x0006f3b0                verify_code_vm
                0x0006f3b0                verify_code
                0x0006f414                cc_interrupt
                0x0006f4a4                do_interrupt
                0x0006f4b4                fp_exception
                0x0006f4e0                fp_exception_ds
                0x0006f4e8                jump_syscall
                0x0006f510                jump_syscall_hle
                0x0006f548                jump_hlecall
                0x0006f560                jump_intcall
                0x0006f578                new_dyna_leave
                0x0006f58c                invalidate_addr_r0
                0x0006f594                invalidate_addr_r1
                0x0006f5a0                invalidate_addr_r2
                0x0006f5ac                invalidate_addr_r3
                0x0006f5b8                invalidate_addr_r4
                0x0006f5c4                invalidate_addr_r5
                0x0006f5d0                invalidate_addr_r6
                0x0006f5dc                invalidate_addr_r7
                0x0006f5e8                invalidate_addr_r8
                0x0006f5f4                invalidate_addr_r9
                0x0006f600                invalidate_addr_r10
                0x0006f60c                invalidate_addr_r12
                0x0006f62c                new_dyna_start
                0x0006f654                jump_handler_read8
                0x0006f680                jump_handler_read16
                0x0006f6b0                jump_handler_read32
                0x0006f6d8                jump_handler_write8
                0x0006f728                jump_handler_write16
                0x0006f77c                jump_handler_write32
                0x0006f7c8                jump_handler_write_h
                0x0006f7f8                jump_handle_swl
                0x0006f860                jump_handle_swr
                0x0006f8b0                rcnt0_read_count_m0
                0x0006f8c4                rcnt1_read_count_m0
                0x0006f8d8                rcnt2_read_count_m0
                0x0006f8ec                rcnt0_read_count_m1
                0x0006f904                rcnt1_read_count_m1
                0x0006f91c                rcnt2_read_count_m1
 .text          0x0006f930     0x1584 libpcsxcore/new_dynarec/pcsxmem.o
                0x00070250                read_mem_dummy
                0x00070258                new_dyna_pcsx_mem_load_state
                0x00070280                pcsxmem_is_handler_dynamic
                0x000702c4                new_dyna_pcsx_mem_init
                0x00070ddc                new_dyna_pcsx_mem_reset
                0x00070e80                new_dyna_pcsx_mem_shutdown
 .text          0x00070eb4      0x700 libpcsxcore/new_dynarec/emu_if.o
                0x00071270                gen_interupt
                0x00071280                pcsx_mtc0
                0x000712bc                pcsx_mtc0_ds
                0x000712c0                new_dyna_before_save
                0x000712d8                new_dyna_after_save
                0x000712f0                new_dyna_freeze
                0x000714ec                new_dyna_freeze_data
                0x000715ac                do_insn_trace
                0x000715b0                do_insn_cmp
 .text          0x000715b4      0x154 plugins/dfsound/dma.o
                0x000715b4                SPUreadDMA
                0x000715dc                SPUreadDMAMem
                0x00071638                SPUwriteDMA
                0x00071668                SPUwriteDMAMem
 .text          0x00071708      0x860 plugins/dfsound/freeze.o
                0x00071708                LoadStateV5
                0x0007194c                LoadStateUnknown
                0x000719d4                SPUfreeze
 .text          0x00071f68      0xf8c plugins/dfsound/registers.o
                0x000720c0                SPUwriteRegister
                0x00072da4                SPUreadRegister
 *fill*         0x00072ef4        0x4 
 .text          0x00072ef8     0x475c plugins/dfsound/spu.o
                0x00074578                InitADSR
                0x00074640                schedule_next_irq
                0x000747b0                SPUupdate
                0x000747b4                SPUplayADPCMchannel
                0x00075520                SPUplayCDDAchannel
                0x000755ec                ClearWorkingState
                0x00075618                SPUResetStream
                0x0007562c                SPUinit
                0x000757ac                SPUopen
                0x000757dc                SPUclose
                0x00075808                SPUshutdown
                0x000758c0                SPUtest
                0x000758c8                SPUconfigure
                0x000758d0                SPUabout
                0x000758d4                SPUregisterCallback
                0x000758e4                SPUregisterCDDAVolume
                0x000758f4                SPUregisterScheduleCb
                0x00075904                spu_get_debug_info
                0x000759dc                detect_pi
                0x00075b28                SPUfadein
                0x00075bd8                SPUenableRvbConfig
                0x00075c44                SPUisRvbConfigEnabled
                0x000761ec                do_samples
                0x0007716c                SPUasync
 .text          0x00077654       0xd4 plugins/dfsound/out.o
                0x00077654                SetupSound
 .text          0x00077728       0x54 plugins/dfsound/nullsnd.o
                0x00077740                out_register_none
 .text          0x0007777c       0xe8 plugins/dfsound/arm_utils.o
                0x0007777c                mix_chan
                0x000777e0                mix_chan_rvb
 *fill*         0x00077864        0x4 
 .text          0x00077868      0x3a4 plugins/dfsound/sdl.o
                0x00077bc0                SOUND_isPlaying
                0x00077bd0                out_register_sdl
 .text          0x00077c0c     0x1f48 plugins/gpulib/gpu.o
                0x00078b50                GPUsetPatchFlag
                0x00078ba8                GPUinit
                0x00078c08                GPUshutdown
                0x00078c8c                GPUwriteStatus
                0x00078ea4                GPUwriteDataMem
                0x00078edc                GPUwriteData
                0x00078f04                GPUdmaChain
                0x00079608                GPUreadDataMem
                0x00079658                GPUreadData
                0x000796ac                GPUreadStatus
                0x000796d8                GPUfreeze
                0x000798bc                GPUupdateLace
                0x000799d4                GPUvBlank
                0x00079a78                GPUrearmedCallbacks
                0x00079b34                GPUboStatus
 .text          0x00079b54      0x3d0 plugins/gpulib/vout_pl.o
                0x00079c38                vout_init
                0x00079c40                vout_finish
                0x00079c48                vout_update
                0x00079e44                vout_blank
                0x00079ea8                GPUopen
                0x00079ef4                GPUclose
                0x00079f14                vout_set_config
 *fill*         0x00079f24        0x4 
 .text          0x00079f28    0x1314c plugins/gpu_neon/psx_gpu_if.o
                0x00079f28                shade_blocks_shaded_untextured
                0x0007a1e4                triangle_signed_area_x2
                0x0007a20c                texture_region_mask
                0x0007a520                invalidate_texture_cache_region
                0x0007a568                invalidate_texture_cache_region_viewport
                0x0007a5b8                update_texture_cache_region
                0x0007a6c4                update_texture_8bpp_cache
                0x0007a730                flush_render_block_buffer
                0x0007b324                render_triangle
                0x0007b35c                setup_sprite_untextured_simple
                0x0007b468                render_sprite
                0x0007b624                render_line
                0x00089374                render_block_fill
                0x00089390                render_block_fill_enh
                0x000893ac                render_block_copy
                0x00089490                render_block_move
                0x000894cc                initialize_reciprocal_table
                0x0008951c                initialize_psx_gpu
                0x0008965c                get_us
                0x00089690                get_counter
                0x00089698                init_counter
                0x000896b4                triangle_benchmark
                0x00089758                render_sprite_4x
                0x000898dc                update_texture_ptr
                0x000899b8                set_texture
                0x00089a68                set_clut
                0x00089a7c                set_triangle_color
                0x00089aa0                gpu_parse
                0x0008afe8                gpu_parse_enhanced
                0x0008cd34                do_cmd_list
                0x0008cda4                renderer_init
                0x0008ce14                renderer_finish
                0x0008ce68                renderer_sync_ecmds
                0x0008ce80                renderer_update_caches
                0x0008cf04                renderer_flush_queues
                0x0008cf10                renderer_set_interlace
                0x0008cf40                renderer_notify_res_change
                0x0008cfac                renderer_set_config
 *fill*         0x0008d074        0xc 
 .text          0x0008d080    0x12820 plugins/gpu_neon/psx_gpu/psx_gpu_arm_neon.o
                0x0008d080                compute_all_gradients
                0x0008d28c                setup_spans_up_left
                0x0008d4f4                setup_spans_up_right
                0x0008d75c                setup_spans_down_left
                0x0008d9ac                setup_spans_down_right
                0x0008dbfc                setup_spans_up_a
                0x0008ddcc                setup_spans_up_b
                0x0008df9c                setup_spans_down_a
                0x0008e160                setup_spans_down_b
                0x0008e324                setup_spans_up_down
                0x0008e6f8                setup_blocks_shaded_textured_dithered_swizzled_indirect
                0x0008e9b0                setup_blocks_shaded_textured_dithered_unswizzled_indirect
                0x0008ec50                setup_blocks_unshaded_textured_dithered_swizzled_indirect
                0x0008ee38                setup_blocks_unshaded_textured_dithered_unswizzled_indirect
                0x0008f008                setup_blocks_unshaded_untextured_undithered_unswizzled_indirect
                0x0008f110                setup_blocks_unshaded_untextured_undithered_unswizzled_direct
                0x0008f1c8                setup_blocks_shaded_untextured_undithered_unswizzled_indirect
                0x0008f400                setup_blocks_shaded_untextured_dithered_unswizzled_indirect
                0x0008f658                setup_blocks_shaded_untextured_undithered_unswizzled_direct
                0x0008f8a8                setup_blocks_shaded_untextured_dithered_unswizzled_direct
                0x0008fb18                texture_blocks_untextured
                0x0008fb20                texture_blocks_4bpp
                0x0008fbe0                texture_blocks_8bpp
                0x0008fcc0                texture_blocks_16bpp
                0x0008fdb8                shade_blocks_shaded_textured_modulated_dithered_direct
                0x0008ff10                shade_blocks_shaded_textured_modulated_undithered_direct
                0x00090058                shade_blocks_unshaded_textured_modulated_dithered_direct
                0x000901c8                shade_blocks_unshaded_textured_modulated_undithered_direct
                0x00090338                shade_blocks_shaded_textured_modulated_dithered_indirect
                0x00090470                shade_blocks_shaded_textured_modulated_undithered_indirect
                0x00090598                shade_blocks_unshaded_textured_modulated_dithered_indirect
                0x000906f0                shade_blocks_unshaded_textured_modulated_undithered_indirect
                0x00090850                shade_blocks_textured_unmodulated_indirect
                0x000908c0                shade_blocks_textured_unmodulated_direct
                0x00090970                shade_blocks_unshaded_untextured_indirect
                0x00090978                shade_blocks_unshaded_untextured_direct
                0x00090a00                blend_blocks_textured_average_off
                0x00090b08                blend_blocks_untextured_average_off
                0x00090bf8                blend_blocks_textured_average_on
                0x00090d08                blend_blocks_untextured_average_on
                0x00090e00                blend_blocks_textured_add_off
                0x00090f10                blend_blocks_textured_add_on
                0x00091038                blend_blocks_untextured_add_off
                0x00091120                blend_blocks_untextured_add_on
                0x00091220                blend_blocks_textured_subtract_off
                0x00091320                blend_blocks_textured_subtract_on
                0x00091430                blend_blocks_untextured_subtract_off
                0x00091518                blend_blocks_untextured_subtract_on
                0x00091610                blend_blocks_textured_add_fourth_off
                0x00091720                blend_blocks_textured_add_fourth_on
                0x00091848                blend_blocks_untextured_add_fourth_off
                0x00091948                blend_blocks_untextured_add_fourth_on
                0x00091a60                blend_blocks_textured_unblended_on
                0x00091ad8                blend_blocks_textured_unblended_off
                0x00091adc                warmup
                0x00091af8                render_block_fill_body
                0x00093da0                setup_sprite_4bpp
                0x00095f70                setup_sprite_8bpp
                0x0009ab20                setup_sprite_4bpp_4x
                0x0009ef60                setup_sprite_8bpp_4x
                0x0009f064                texture_sprite_blocks_8bpp
                0x0009f114                setup_sprite_16bpp
                0x0009f2a8                setup_sprite_16bpp_4x
                0x0009f5d0                setup_sprite_untextured
                0x0009f6c8                update_texture_4bpp_cache
                0x0009f78c                update_texture_8bpp_cache_slice
                0x0009f834                scale2x_tiles8
 .text          0x0009f8a0      0xcb4 plugins/cdrcimg/cdrcimg.o
                0x000a0104                uncompressPSC
                0x000a04e4                cdrcimg_set_fname
                0x000a04f4                cdrcimg_get_sym
 .text          0x000a0554      0x150 plugins/dfinput/main.o
                0x000a0554                dfinput_activate
 .text          0x000a06a4      0x584 plugins/dfinput/pad.o
                0x000a06a4                PADpoll_pad
                0x000a0b58                PADstartPoll_pad
                0x000a0bb0                pad_init
 .text          0x000a0c28      0x1b8 plugins/dfinput/guncon.o
                0x000a0c28                PADpoll_guncon
                0x000a0c90                PADstartPoll_guncon
                0x000a0dc4                guncon_init
 .text          0x000a0de0      0x468 frontend/cspace.o
                0x000a0de0                bgr555_to_rgb565_without_neon
                0x000a0e44                bgr_to_uyvy_init
                0x000a0f30                rgb565_to_uyvy
                0x000a1034                bgr555_to_uyvy
                0x000a1138                bgr888_to_uyvy
 .text          0x000a1248      0x2c8 frontend/cspace_neon.o
                0x000a1248                bgr555_to_rgb565
                0x000a130c                bgr555_to_rgb565_b
                0x000a141c                bgr888_to_rgb888
                0x000a1458                bgr888_to_rgb565
                0x000a14b4                rgb888_to_rgb565
 .text          0x000a1510      0xd2c frontend/libpicofe/in_sdl.o
                0x000a21e0                in_sdl_init
 .text          0x000a223c      0x9f4 frontend/libpicofe/plat_sdl.o
                0x000a223c                handler
                0x000a228c                plat_sdl_change_video_mode
                0x000a25bc                plat_sdl_event_handler
                0x000a25fc                plat_sdl_init
                0x000a2b74                plat_sdl_finish
                0x000a2c24                plat_sdl_overlay_clear
 .text          0x000a2c30       0x10 frontend/libpicofe/plat_dummy.o
                0x000a2c30                plat_target_init
                0x000a2c38                plat_target_finish
                0x000a2c3c                plat_target_setup_input
 .text          0x000a2c40      0xd20 frontend/libpicofe/linux/in_evdev.o
                0x000a3914                in_evdev_init
 .text          0x000a3960      0x8f0 frontend/plat_sdl.o
                0x000a39f8                plat_init
                0x000a3b5c                plat_finish
                0x000a3b98                plat_gvideo_open
                0x000a3b9c                plat_gvideo_set_mode
                0x000a3c64                plat_gvideo_flip
                0x000a3d14                plat_gvideo_close
                0x000a3d18                plat_video_menu_enter
                0x000a4058                plat_video_menu_begin
                0x000a4114                plat_video_menu_end
                0x000a4224                plat_video_menu_leave
                0x000a4240                plat_prepare_screenshot
                0x000a4248                plat_trigger_vibrate
                0x000a424c                plat_minimize
 .text          0x000a4250      0x5ac frontend/libpicofe/gl.o
                0x000a4290                gl_init
                0x000a45ec                gl_flip
                0x000a478c                gl_finish
 .text          0x000a47fc       0xdc frontend/libpicofe/gl_platform.o
                0x000a47fc                gl_setup_wl_information
                0x000a4830                gl_platform_init
                0x000a48d4                gl_platform_finish
 .text          0x000a48d8     0x1f04 frontend/plugin_lib.o
                0x000a5dc0                set_scenes
                0x000a5dd0                change_frame_Motionjpeg
                0x000a5e0c                set_bo_trg
                0x000a5ebc                paint_black
                0x000a5ee4                pl_prepare_screenshot
                0x000a5f6c                pl_switch_dispmode
                0x000a5fcc                pl_update_gun
                0x000a5fe8                pl_frame_limit
                0x000a65dc                pl_timing_prepare
                0x000a66f8                pl_start_watchdog
                0x000a6754                pl_init
 .text          0x000a67dc      0x644 frontend/libpicofe/linux/plat.o
                0x000a686c                plat_is_dir
                0x000a6890                plat_get_skin_dir
                0x000a68cc                plat_get_root_dir
                0x000a6948                plat_get_ticks_ms
                0x000a6980                plat_get_ticks_us
                0x000a69ac                plat_sleep_ms
                0x000a69b8                plat_wait_event
                0x000a6b34                plat_mmap
                0x000a6cb4                plat_mremap
                0x000a6cfc                plat_munmap
                0x000a6d88                plat_mem_set_exec
                0x000a6de4                lprintf
 .text          0x000a6e20      0x8a8 frontend/libpicofe/readpng.o
                0x000a6e20                readpng
                0x000a7428                writepng
 .text          0x000a76c8      0x258 frontend/libpicofe/fonts.o
                0x000a76c8                basic_text_out16_nf
                0x000a77c8                basic_text_out_uyvy_nf
                0x000a78c8                basic_text_out16
 .text          0x000a7920     0x1860 frontend/libpicofe/arm/neon_scale2x.o
                0x000a7920                neon_scale2x_8_8
                0x000a7d3c                neon_scale2x_16_16
                0x000a8480                neon_scale2x_8_16
 .text          0x000a9180     0x1be8 frontend/libpicofe/arm/neon_eagle2x.o
                0x000a9180                neon_eagle2x_8_8
                0x000a96f4                neon_eagle2x_16_16
                0x000a9f54                neon_eagle2x_8_16
 .text          0x000aad68     0x80e0 frontend/menu.o
                0x000aca98                emu_make_path
                0x000acb00                config_change
                0x000adea4                text_out16
                0x000b0420                menu_init_base
                0x000b07c4                show_text_image
                0x000b08c0                menu_init
                0x000b1040                menu_notify_mode_change
                0x000b1050                menu_prepare_emu
                0x000b1164                menu_loop
                0x000b13f4                menu_update_msg
                0x000b15d0                swap_cd
                0x000b22a0                menu_finish
                0x000b22cc                make_file_name
 .text          0x000b2e48     0x1910 frontend/libpicofe/input.o
                0x000b2f10                in_register
                0x000b3174                in_combos_find
                0x000b3208                in_combos_do
                0x000b32cc                in_update
                0x000b3358                in_update_analog
                0x000b33a4                in_update_keycode
                0x000b36c0                in_menu_wait_any
                0x000b373c                in_menu_wait
                0x000b381c                in_get_dev_binds
                0x000b3838                in_get_dev_def_binds
                0x000b3868                in_get_config
                0x000b3914                in_set_config
                0x000b3a78                in_get_dev_name
                0x000b3ae0                in_name_to_id
                0x000b3b50                in_get_key_name
                0x000b3c80                in_get_key_code
                0x000b3d00                in_bind_key
                0x000b3e2c                in_unbind_all
                0x000b3ee0                in_config_parse_dev
                0x000b40ac                in_config_bind_key
                0x000b42a0                in_clean_binds
                0x000b4330                in_debug_dump
                0x000b43e0                in_probe
                0x000b459c                in_register_driver
                0x000b470c                in_init
                0x000b473c                bIsValidHotPlugEvent
 .text          0x000b4758     0x2134 frontend/main.o
                0x000b4de0                set_cd_image
                0x000b4ea0                emu_set_default_config
                0x000b4f90                emu_core_preinit
                0x000b5010                emu_core_ask_exit
                0x000b5030                SysRunGui
                0x000b503c                SysReset
                0x000b509c                SysClose
                0x000b50f8                SysUpdate
                0x000b50fc                get_state_filename
                0x000b510c                emu_check_state
                0x000b5144                emu_load_state
                0x000b518c                SysPrintf
                0x000b5650                emu_on_new_cd
                0x000b56a8                emu_core_init
                0x000b57fc                emu_auto_save_state
                0x000b586c                emu_save_state
                0x000b58dc                SysMessage
                0x000b5e64                OpenPlugins
                0x000b5ea4                ClosePlugins
                0x000b5f88                SysLoadLibrary
                0x000b6050                SysLoadSym
                0x000b606c                SysLibError
                0x000b6070                SysCloseLibrary
                0x000b6084                create_power_off_thread
                0x000b60fc                power_off
                0x000b6168                do_emu_action
                0x000b683c                begin_watch_cpu_temperature
 .text          0x000b688c      0x148 frontend/plugin.o
                0x000b6928                plugin_link
                0x000b69a0                plugin_call_rearmed_cbs
 .text          0x000b69d4      0x20c /usr/lib/gcc/arm-linux-gnueabihf/6/libgcc.a(_udivsi3.o)
                0x000b69d4                __udivsi3
                0x000b69d4                __aeabi_uidiv
                0x000b6bc0                __aeabi_uidivmod
 .text          0x000b6be0      0x240 /usr/lib/gcc/arm-linux-gnueabihf/6/libgcc.a(_divsi3.o)
                0x000b6be0                __aeabi_idiv
                0x000b6be0                __divsi3
                0x000b6e00                __aeabi_idivmod
 .text          0x000b6e20       0x3c /usr/lib/gcc/arm-linux-gnueabihf/6/libgcc.a(_aeabi_uldivmod.o)
                0x000b6e20                __aeabi_uldivmod
 .text          0x000b6e5c       0x10 /usr/lib/gcc/arm-linux-gnueabihf/6/libgcc.a(_dvmd_lnx.o)
                0x000b6e5c                __aeabi_idiv0
                0x000b6e5c                __aeabi_ldiv0
 .text          0x000b6e6c       0x1c /usr/lib/gcc/arm-linux-gnueabihf/6/libgcc.a(_clear_cache.o)
                0x000b6e6c                __clear_cache
 .text          0x000b6e88      0x128 /usr/lib/gcc/arm-linux-gnueabihf/6/libgcc.a(_udivmoddi4.o)
                0x000b6e88                __udivmoddi4
 .text          0x000b6fb0       0x64 /usr/lib/arm-linux-gnueabihf/libc_nonshared.a(elf-init.oS)
                0x000b6fb0                __libc_csu_init
                0x000b7010                __libc_csu_fini
 .text          0x000b7014        0x0 /usr/lib/gcc/arm-linux-gnueabihf/6/crtend.o
 .text          0x000b7014        0x0 /usr/lib/gcc/arm-linux-gnueabihf/6/../../../arm-linux-gnueabihf/crtn.o
 *(.gnu.warning)
 *(.glue_7t)
 .glue_7t       0x000b7014        0x0 linker stubs
 *(.glue_7)
 .glue_7        0x000b7014        0x0 linker stubs
 *(.vfp11_veneer)
 .vfp11_veneer  0x000b7014        0x0 linker stubs
 *(.v4_bx)
 .v4_bx         0x000b7014        0x0 linker stubs

.fini           0x000b7014        0x8
 *(SORT(.fini))
 .fini          0x000b7014        0x4 /usr/lib/gcc/arm-linux-gnueabihf/6/../../../arm-linux-gnueabihf/crti.o
                0x000b7014                _fini
 .fini          0x000b7018        0x4 /usr/lib/gcc/arm-linux-gnueabihf/6/../../../arm-linux-gnueabihf/crtn.o
                [!provide]                PROVIDE (__etext, .)
                [!provide]                PROVIDE (_etext, .)
                [!provide]                PROVIDE (etext, .)

.rodata         0x000b7020    0x4391c
 *(.rodata .rodata.* .gnu.linkonce.r.*)
 .rodata.cst4   0x000b7020        0x4 /usr/lib/gcc/arm-linux-gnueabihf/6/../../../arm-linux-gnueabihf/crt1.o
                0x000b7020                _IO_stdin_used
 .rodata        0x000b7024       0x10 libpcsxcore/cdriso.o
 .rodata.str1.4
                0x000b7034      0x4f5 libpcsxcore/cdriso.o
                                0x519 (size before relaxing)
 *fill*         0x000b7529        0x3 
 .rodata        0x000b752c       0x90 libpcsxcore/cdrom.o
 .rodata.str1.4
                0x000b75bc      0x16b libpcsxcore/cdrom.o
 *fill*         0x000b7727        0x1 
 .rodata.str1.4
                0x000b7728       0x5f libpcsxcore/cheat.o
                                 0x67 (size before relaxing)
 *fill*         0x000b7787        0x1 
 .rodata.str1.4
                0x000b7788      0xce7 libpcsxcore/debug.o
                                0xcef (size before relaxing)
 *fill*         0x000b846f        0x1 
 .rodata        0x000b8470       0x30 libpcsxcore/decode_xa.o
 .rodata        0x000b84a0       0x80 libpcsxcore/disr3000a.o
 .rodata.str1.4
                0x000b8520      0x43b libpcsxcore/disr3000a.o
                                0x44f (size before relaxing)
 *fill*         0x000b895b        0x1 
 .rodata        0x000b895c      0x200 libpcsxcore/mdec.o
 .rodata        0x000b8b5c      0x6aa libpcsxcore/misc.o
 *fill*         0x000b9206        0x2 
 .rodata.str1.4
                0x000b9208      0x912 libpcsxcore/misc.o
                                0x932 (size before relaxing)
 *fill*         0x000b9b1a        0x2 
 .rodata.str1.4
                0x000b9b1c      0x6fd libpcsxcore/plugins.o
                                0x701 (size before relaxing)
 *fill*         0x000ba219        0x3 
 .rodata.str1.4
                0x000ba21c       0x72 libpcsxcore/ppf.o
                                 0x7e (size before relaxing)
 *fill*         0x000ba28e        0x2 
 .rodata        0x000ba290     0xdaab libpcsxcore/psxbios.o
                0x000ba4c0                font_8140
                0x000bb74c                font_889f
 *fill*         0x000c7d3b        0x1 
 .rodata.str1.4
                0x000c7d3c      0xe9c libpcsxcore/psxbios.o
                                0xeb8 (size before relaxing)
 .rodata        0x000c8bd8        0x8 libpcsxcore/psxcounters.o
 .rodata.str1.4
                0x000c8be0       0x4d libpcsxcore/psxhle.o
 *fill*         0x000c8c2d        0x3 
 .rodata.str1.4
                0x000c8c30       0x91 libpcsxcore/psxmem.o
                                 0x9d (size before relaxing)
 *fill*         0x000c8cc1        0x3 
 .rodata.str1.4
                0x000c8cc4       0x37 libpcsxcore/r3000a.o
                                 0x3b (size before relaxing)
 *fill*         0x000c8cfb        0x1 
 .rodata.str1.4
                0x000c8cfc       0xa4 libpcsxcore/sio.o
                                 0xac (size before relaxing)
 .rodata.str1.4
                0x000c8da0       0x26 libpcsxcore/socket.o
                                 0x2f (size before relaxing)
 *fill*         0x000c8dc6        0x2 
 .rodata        0x000c8dc8    0x10000 libpcsxcore/gte_divider.o
 .rodata        0x000d8dc8       0x80 libpcsxcore/new_dynarec/new_dynarec.o
                0x000d8dc8                invalidate_addr_reg
                0x000d8e08                jump_vaddr_reg
 .rodata.str1.4
                0x000d8e48      0x786 libpcsxcore/new_dynarec/new_dynarec.o
                                0x91e (size before relaxing)
 *fill*         0x000d95ce        0x2 
 .rodata.str1.4
                0x000d95d0       0x56 libpcsxcore/new_dynarec/pcsxmem.o
 *fill*         0x000d9626        0x2 
 .rodata        0x000d9628      0x480 libpcsxcore/new_dynarec/emu_if.o
                0x000d9668                gte_reg_writes
                0x000d9868                gte_reg_reads
                0x000d9a68                gte_cycletab
 .rodata.str1.4
                0x000d9aa8       0x83 libpcsxcore/new_dynarec/emu_if.o
                                0x111 (size before relaxing)
 *fill*         0x000d9b2b        0x1 
 .rodata.str1.4
                0x000d9b2c        0x6 plugins/dfsound/freeze.o
 *fill*         0x000d9b32        0x2 
 .rodata        0x000d9b34       0x20 plugins/dfsound/registers.o
 .rodata        0x000d9b54      0x880 plugins/dfsound/spu.o
 .rodata.str1.4
                0x000da3d4       0x3c plugins/dfsound/out.o
 .rodata.str1.4
                0x000da410        0x5 plugins/dfsound/nullsnd.o
 .rodata.str1.4
                0x000da410        0x4 plugins/dfsound/sdl.o
 .rodata        0x000da414      0x128 plugins/gpulib/gpu.o
                0x000da414                cmd_lengths
 .rodata.str1.4
                0x000da53c       0x24 plugins/gpulib/gpu.o
 .rodata        0x000da560       0x10 plugins/gpu_neon/psx_gpu_if.o
 .rodata.str1.4
                0x000da570    0x1963a plugins/gpu_neon/psx_gpu_if.o
 *fill*         0x000f3baa        0x2 
 .rodata        0x000f3bac       0x60 plugins/cdrcimg/cdrcimg.o
 .rodata.str1.4
                0x000f3c0c      0x41e plugins/cdrcimg/cdrcimg.o
                                0x4c1 (size before relaxing)
 *fill*         0x000f402a        0x2 
 .rodata        0x000f402c      0x424 frontend/libpicofe/in_sdl.o
 .rodata.str1.4
                0x000f4450      0x26e frontend/libpicofe/in_sdl.o
                                0x32e (size before relaxing)
 *fill*         0x000f46be        0x2 
 .rodata.str1.4
                0x000f46c0      0x881 frontend/libpicofe/plat_sdl.o
 *fill*         0x000f4f41        0x3 
 .rodata        0x000f4f44      0xc3c frontend/libpicofe/linux/in_evdev.o
 .rodata.str1.4
                0x000f5b80      0x54b frontend/libpicofe/linux/in_evdev.o
                                0x623 (size before relaxing)
 *fill*         0x000f60cb        0x1 
 .rodata        0x000f60cc       0xdc frontend/plat_sdl.o
                0x000f60fc                in_sdl_joy_map_2
                0x000f611c                in_sdl_joy_map_1
                0x000f613c                in_sdl_key_map
 .rodata.str1.4
                0x000f61a8      0x3b4 frontend/plat_sdl.o
                                0x3bc (size before relaxing)
 .rodata.str1.4
                0x000f655c      0x15f frontend/libpicofe/gl.o
                                0x16f (size before relaxing)
 *fill*         0x000f66bb        0x1 
 .rodata.str1.4
                0x000f66bc       0xc6 frontend/libpicofe/gl_platform.o
 *fill*         0x000f6782        0x2 
 .rodata        0x000f6784       0x38 frontend/plugin_lib.o
 .rodata.str1.4
                0x000f67bc      0x13e frontend/plugin_lib.o
 *fill*         0x000f68fa        0x2 
 .rodata.str1.4
                0x000f68fc      0x116 frontend/libpicofe/linux/plat.o
                                0x126 (size before relaxing)
 *fill*         0x000f6a12        0x2 
 .rodata.str1.4
                0x000f6a14      0x32f frontend/libpicofe/readpng.o
                                0x337 (size before relaxing)
 *fill*         0x000f6d43        0x1 
 .rodata        0x000f6d44      0xf26 frontend/menu.o
 *fill*         0x000f7c6a        0x2 
 .rodata.str1.4
                0x000f7c6c     0x1cfc frontend/menu.o
                               0x1da0 (size before relaxing)
 .rodata.str1.4
                0x000f9968      0x1eb frontend/libpicofe/input.o
 *fill*         0x000f9b53        0x1 
 .rodata        0x000f9b54       0x28 frontend/main.o
 .rodata.str1.4